Archive member included to satisfy reference by file (symbol)

C:/ST/STM32CubeIDE_1.7.0/STM32CubeIDE/plugins/com.st.stm32cube.ide.mcu.externaltools.gnu-tools-for-stm32.11.3.rel1.win32_1.1.0.202305231506/tools/bin/../lib/gcc/arm-none-eabi/11.3.1/../../../../arm-none-eabi/lib/thumb/v7e-m+dp/hard\libc_nano.a(libc_a-exit.o)
                              C:/ST/STM32CubeIDE_1.7.0/STM32CubeIDE/plugins/com.st.stm32cube.ide.mcu.externaltools.gnu-tools-for-stm32.11.3.rel1.win32_1.1.0.202305231506/tools/bin/../lib/gcc/arm-none-eabi/11.3.1/../../../../arm-none-eabi/lib/thumb/v7e-m+dp/hard/crt0.o (exit)
C:/ST/STM32CubeIDE_1.7.0/STM32CubeIDE/plugins/com.st.stm32cube.ide.mcu.externaltools.gnu-tools-for-stm32.11.3.rel1.win32_1.1.0.202305231506/tools/bin/../lib/gcc/arm-none-eabi/11.3.1/../../../../arm-none-eabi/lib/thumb/v7e-m+dp/hard\libc_nano.a(libc_a-findfp.o)
                              C:/ST/STM32CubeIDE_1.7.0/STM32CubeIDE/plugins/com.st.stm32cube.ide.mcu.externaltools.gnu-tools-for-stm32.11.3.rel1.win32_1.1.0.202305231506/tools/bin/../lib/gcc/arm-none-eabi/11.3.1/../../../../arm-none-eabi/lib/thumb/v7e-m+dp/hard\libc_nano.a(libc_a-exit.o) (__stdio_exit_handler)
C:/ST/STM32CubeIDE_1.7.0/STM32CubeIDE/plugins/com.st.stm32cube.ide.mcu.externaltools.gnu-tools-for-stm32.11.3.rel1.win32_1.1.0.202305231506/tools/bin/../lib/gcc/arm-none-eabi/11.3.1/../../../../arm-none-eabi/lib/thumb/v7e-m+dp/hard\libc_nano.a(libc_a-fwalk.o)
                              C:/ST/STM32CubeIDE_1.7.0/STM32CubeIDE/plugins/com.st.stm32cube.ide.mcu.externaltools.gnu-tools-for-stm32.11.3.rel1.win32_1.1.0.202305231506/tools/bin/../lib/gcc/arm-none-eabi/11.3.1/../../../../arm-none-eabi/lib/thumb/v7e-m+dp/hard\libc_nano.a(libc_a-findfp.o) (_fwalk_sglue)
C:/ST/STM32CubeIDE_1.7.0/STM32CubeIDE/plugins/com.st.stm32cube.ide.mcu.externaltools.gnu-tools-for-stm32.11.3.rel1.win32_1.1.0.202305231506/tools/bin/../lib/gcc/arm-none-eabi/11.3.1/../../../../arm-none-eabi/lib/thumb/v7e-m+dp/hard\libc_nano.a(libc_a-sprintf.o)
                              ./Middlewares/Third_Party/FreeRTOS/tasks.o (sprintf)
C:/ST/STM32CubeIDE_1.7.0/STM32CubeIDE/plugins/com.st.stm32cube.ide.mcu.externaltools.gnu-tools-for-stm32.11.3.rel1.win32_1.1.0.202305231506/tools/bin/../lib/gcc/arm-none-eabi/11.3.1/../../../../arm-none-eabi/lib/thumb/v7e-m+dp/hard\libc_nano.a(libc_a-stdio.o)
                              C:/ST/STM32CubeIDE_1.7.0/STM32CubeIDE/plugins/com.st.stm32cube.ide.mcu.externaltools.gnu-tools-for-stm32.11.3.rel1.win32_1.1.0.202305231506/tools/bin/../lib/gcc/arm-none-eabi/11.3.1/../../../../arm-none-eabi/lib/thumb/v7e-m+dp/hard\libc_nano.a(libc_a-findfp.o) (__sread)
C:/ST/STM32CubeIDE_1.7.0/STM32CubeIDE/plugins/com.st.stm32cube.ide.mcu.externaltools.gnu-tools-for-stm32.11.3.rel1.win32_1.1.0.202305231506/tools/bin/../lib/gcc/arm-none-eabi/11.3.1/../../../../arm-none-eabi/lib/thumb/v7e-m+dp/hard\libc_nano.a(libc_a-memset.o)
                              C:/ST/STM32CubeIDE_1.7.0/STM32CubeIDE/plugins/com.st.stm32cube.ide.mcu.externaltools.gnu-tools-for-stm32.11.3.rel1.win32_1.1.0.202305231506/tools/bin/../lib/gcc/arm-none-eabi/11.3.1/../../../../arm-none-eabi/lib/thumb/v7e-m+dp/hard/crt0.o (memset)
C:/ST/STM32CubeIDE_1.7.0/STM32CubeIDE/plugins/com.st.stm32cube.ide.mcu.externaltools.gnu-tools-for-stm32.11.3.rel1.win32_1.1.0.202305231506/tools/bin/../lib/gcc/arm-none-eabi/11.3.1/../../../../arm-none-eabi/lib/thumb/v7e-m+dp/hard\libc_nano.a(libc_a-closer.o)
                              C:/ST/STM32CubeIDE_1.7.0/STM32CubeIDE/plugins/com.st.stm32cube.ide.mcu.externaltools.gnu-tools-for-stm32.11.3.rel1.win32_1.1.0.202305231506/tools/bin/../lib/gcc/arm-none-eabi/11.3.1/../../../../arm-none-eabi/lib/thumb/v7e-m+dp/hard\libc_nano.a(libc_a-stdio.o) (_close_r)
C:/ST/STM32CubeIDE_1.7.0/STM32CubeIDE/plugins/com.st.stm32cube.ide.mcu.externaltools.gnu-tools-for-stm32.11.3.rel1.win32_1.1.0.202305231506/tools/bin/../lib/gcc/arm-none-eabi/11.3.1/../../../../arm-none-eabi/lib/thumb/v7e-m+dp/hard\libc_nano.a(libc_a-reent.o)
                              C:/ST/STM32CubeIDE_1.7.0/STM32CubeIDE/plugins/com.st.stm32cube.ide.mcu.externaltools.gnu-tools-for-stm32.11.3.rel1.win32_1.1.0.202305231506/tools/bin/../lib/gcc/arm-none-eabi/11.3.1/../../../../arm-none-eabi/lib/thumb/v7e-m+dp/hard\libc_nano.a(libc_a-closer.o) (errno)
C:/ST/STM32CubeIDE_1.7.0/STM32CubeIDE/plugins/com.st.stm32cube.ide.mcu.externaltools.gnu-tools-for-stm32.11.3.rel1.win32_1.1.0.202305231506/tools/bin/../lib/gcc/arm-none-eabi/11.3.1/../../../../arm-none-eabi/lib/thumb/v7e-m+dp/hard\libc_nano.a(libc_a-impure.o)
                              C:/ST/STM32CubeIDE_1.7.0/STM32CubeIDE/plugins/com.st.stm32cube.ide.mcu.externaltools.gnu-tools-for-stm32.11.3.rel1.win32_1.1.0.202305231506/tools/bin/../lib/gcc/arm-none-eabi/11.3.1/../../../../arm-none-eabi/lib/thumb/v7e-m+dp/hard\libc_nano.a(libc_a-sprintf.o) (_impure_ptr)
[...]
Memory Configuration

Name             Origin             Length             Attributes
RAM_D1           0x0000000024000000 0x0000000000080000 xrw
FLASH            0x0000000008000000 0x0000000000100000 xr
DTCMRAM          0x0000000020000000 0x0000000000020000 xrw
RAM_D2           0x0000000030000000 0x0000000000048000 xrw
RAM_D3           0x0000000038000000 0x0000000000010000 xrw
ITCMRAM          0x0000000000000000 0x0000000000010000 xrw
*default*        0x0000000000000000 0xffffffffffffffff

Linker script and memory map

LOAD C:/ST/STM32CubeIDE_1.7.0/STM32CubeIDE/plugins/com.st.stm32cube.ide.mcu.externaltools.gnu-tools-for-stm32.11.3.rel1.win32_1.1.0.202305231506/tools/bin/../lib/gcc/arm-none-eabi/11.3.1/thumb/v7e-m+dp/hard/crti.o
LOAD C:/ST/STM32CubeIDE_1.7.0/STM32CubeIDE/plugins/com.st.stm32cube.ide.mcu.externaltools.gnu-tools-for-stm32.11.3.rel1.win32_1.1.0.202305231506/tools/bin/../lib/gcc/arm-none-eabi/11.3.1/thumb/v7e-m+dp/hard/crtbegin.o
LOAD C:/ST/STM32CubeIDE_1.7.0/STM32CubeIDE/plugins/com.st.stm32cube.ide.mcu.externaltools.gnu-tools-for-stm32.11.3.rel1.win32_1.1.0.202305231506/tools/bin/../lib/gcc/arm-none-eabi/11.3.1/../../../../arm-none-eabi/lib/thumb/v7e-m+dp/hard/crt0.o
LOAD ./Common/Src/system_stm32h7xx_dualcore_boot_cm4_cm7.o
LOAD ./Core/Src/freertos.o
LOAD ./Core/Src/gpio.o
LOAD ./Core/Src/main.o
LOAD ./Core/Src/stm32h7xx_hal_msp.o
LOAD ./Core/Src/stm32h7xx_hal_timebase_tim.o
LOAD ./Core/Src/stm32h7xx_it.o
LOAD ./Core/Src/syscalls.o
LOAD ./Core/Src/sysmem.o
LOAD ./Core/Src/usart.o
LOAD ./Core/Startup/startup_stm32h755zitx.o
LOAD ./Drivers/STM32H7xx_HAL_Driver/stm32h7xx_hal.o
LOAD ./Drivers/STM32H7xx_HAL_Driver/stm32h7xx_hal_cortex.o
LOAD ./Drivers/STM32H7xx_HAL_Driver/stm32h7xx_hal_dma.o
LOAD ./Drivers/STM32H7xx_HAL_Driver/stm32h7xx_hal_dma_ex.o
LOAD ./Drivers/STM32H7xx_HAL_Driver/stm32h7xx_hal_exti.o
LOAD ./Drivers/STM32H7xx_HAL_Driver/stm32h7xx_hal_flash.o
LOAD ./Drivers/STM32H7xx_HAL_Driver/stm32h7xx_hal_flash_ex.o
LOAD ./Drivers/STM32H7xx_HAL_Driver/stm32h7xx_hal_gpio.o
LOAD ./Drivers/STM32H7xx_HAL_Driver/stm32h7xx_hal_hsem.o
LOAD ./Drivers/STM32H7xx_HAL_Driver/stm32h7xx_hal_i2c.o
LOAD ./Drivers/STM32H7xx_HAL_Driver/stm32h7xx_hal_i2c_ex.o
LOAD ./Drivers/STM32H7xx_HAL_Driver/stm32h7xx_hal_mdma.o
LOAD ./Drivers/STM32H7xx_HAL_Driver/stm32h7xx_hal_pwr.o
LOAD ./Drivers/STM32H7xx_HAL_Driver/stm32h7xx_hal_pwr_ex.o
LOAD ./Drivers/STM32H7xx_HAL_Driver/stm32h7xx_hal_rcc.o
LOAD ./Drivers/STM32H7xx_HAL_Driver/stm32h7xx_hal_rcc_ex.o
LOAD ./Drivers/STM32H7xx_HAL_Driver/stm32h7xx_hal_tim.o
LOAD ./Drivers/STM32H7xx_HAL_Driver/stm32h7xx_hal_tim_ex.o
LOAD ./Drivers/STM32H7xx_HAL_Driver/stm32h7xx_hal_uart.o
LOAD ./Drivers/STM32H7xx_HAL_Driver/stm32h7xx_hal_uart_ex.o
LOAD ./Middlewares/Third_Party/FreeRTOS/cmsis_os2.o
LOAD ./Middlewares/Third_Party/FreeRTOS/croutine.o
LOAD ./Middlewares/Third_Party/FreeRTOS/event_groups.o
LOAD ./Middlewares/Third_Party/FreeRTOS/heap_4.o
LOAD ./Middlewares/Third_Party/FreeRTOS/list.o
LOAD ./Middlewares/Third_Party/FreeRTOS/port.o
LOAD ./Middlewares/Third_Party/FreeRTOS/queue.o
LOAD ./Middlewares/Third_Party/FreeRTOS/stream_buffer.o
LOAD ./Middlewares/Third_Party/FreeRTOS/tasks.o
LOAD ./Middlewares/Third_Party/FreeRTOS/timers.o
START GROUP
LOAD C:/ST/STM32CubeIDE_1.7.0/STM32CubeIDE/plugins/com.st.stm32cube.ide.mcu.externaltools.gnu-tools-for-stm32.11.3.rel1.win32_1.1.0.202305231506/tools/bin/../lib/gcc/arm-none-eabi/11.3.1/../../../../arm-none-eabi/lib/thumb/v7e-m+dp/hard\libc_nano.a
LOAD C:/ST/STM32CubeIDE_1.7.0/STM32CubeIDE/plugins/com.st.stm32cube.ide.mcu.externaltools.gnu-tools-for-stm32.11.3.rel1.win32_1.1.0.202305231506/tools/bin/../lib/gcc/arm-none-eabi/11.3.1/../../../../arm-none-eabi/lib/thumb/v7e-m+dp/hard\libm.a
END GROUP
START GROUP
LOAD C:/ST/STM32CubeIDE_1.7.0/STM32CubeIDE/plugins/com.st.stm32cube.ide.mcu.externaltools.gnu-tools-for-stm32.11.3.rel1.win32_1.1.0.202305231506/tools/bin/../lib/gcc/arm-none-eabi/11.3.1/thumb/v7e-m+dp/hard\libgcc.a
LOAD C:/ST/STM32CubeIDE_1.7.0/STM32CubeIDE/plugins/com.st.stm32cube.ide.mcu.externaltools.gnu-tools-for-stm32.11.3.rel1.win32_1.1.0.202305231506/tools/bin/../lib/gcc/arm-none-eabi/11.3.1/../../../../arm-none-eabi/lib/thumb/v7e-m+dp/hard\libc_nano.a
END GROUP
START GROUP
LOAD C:/ST/STM32CubeIDE_1.7.0/STM32CubeIDE/plugins/com.st.stm32cube.ide.mcu.externaltools.gnu-tools-for-stm32.11.3.rel1.win32_1.1.0.202305231506/tools/bin/../lib/gcc/arm-none-eabi/11.3.1/thumb/v7e-m+dp/hard\libgcc.a
LOAD C:/ST/STM32CubeIDE_1.7.0/STM32CubeIDE/plugins/com.st.stm32cube.ide.mcu.externaltools.gnu-tools-for-stm32.11.3.rel1.win32_1.1.0.202305231506/tools/bin/../lib/gcc/arm-none-eabi/11.3.1/../../../../arm-none-eabi/lib/thumb/v7e-m+dp/hard\libc_nano.a
LOAD C:/ST/STM32CubeIDE_1.7.0/STM32CubeIDE/plugins/com.st.stm32cube.ide.mcu.externaltools.gnu-tools-for-stm32.11.3.rel1.win32_1.1.0.202305231506/tools/bin/../lib/gcc/arm-none-eabi/11.3.1/../../../../arm-none-eabi/lib/thumb/v7e-m+dp/hard\libnosys.a
END GROUP
START GROUP
LOAD C:/ST/STM32CubeIDE_1.7.0/STM32CubeIDE/plugins/com.st.stm32cube.ide.mcu.externaltools.gnu-tools-for-stm32.11.3.rel1.win32_1.1.0.202305231506/tools/bin/../lib/gcc/arm-none-eabi/11.3.1/thumb/v7e-m+dp/hard\libgcc.a
LOAD C:/ST/STM32CubeIDE_1.7.0/STM32CubeIDE/plugins/com.st.stm32cube.ide.mcu.externaltools.gnu-tools-for-stm32.11.3.rel1.win32_1.1.0.202305231506/tools/bin/../lib/gcc/arm-none-eabi/11.3.1/../../../../arm-none-eabi/lib/thumb/v7e-m+dp/hard\libc_nano.a
LOAD C:/ST/STM32CubeIDE_1.7.0/STM32CubeIDE/plugins/com.st.stm32cube.ide.mcu.externaltools.gnu-tools-for-stm32.11.3.rel1.win32_1.1.0.202305231506/tools/bin/../lib/gcc/arm-none-eabi/11.3.1/../../../../arm-none-eabi/lib/thumb/v7e-m+dp/hard\libnosys.a
END GROUP
LOAD C:/ST/STM32CubeIDE_1.7.0/STM32CubeIDE/plugins/com.st.stm32cube.ide.mcu.externaltools.gnu-tools-for-stm32.11.3.rel1.win32_1.1.0.202305231506/tools/bin/../lib/gcc/arm-none-eabi/11.3.1/thumb/v7e-m+dp/hard/crtend.o
LOAD C:/ST/STM32CubeIDE_1.7.0/STM32CubeIDE/plugins/com.st.stm32cube.ide.mcu.externaltools.gnu-tools-for-stm32.11.3.rel1.win32_1.1.0.202305231506/tools/bin/../lib/gcc/arm-none-eabi/11.3.1/thumb/v7e-m+dp/hard/crtn.o
                0x0000000024080000                _estack = (ORIGIN (RAM_D1) + LENGTH (RAM_D1))
                0x0000000000000200                _Min_Heap_Size = 0x200
                0x0000000000000400                _Min_Stack_Size = 0x400

.isr_vector     0x0000000008000000      0x298
                0x0000000008000000                . = ALIGN (0x4)
 *(.isr_vector)
 .isr_vector    0x0000000008000000      0x298 ./Core/Startup/startup_stm32h755zitx.o
                0x0000000008000000                g_pfnVectors
                0x0000000008000298                . = ALIGN (0x4)

.text           0x00000000080002a0     0x81e0
                0x00000000080002a0                . = ALIGN (0x4)
 *(.text)
 .text          0x00000000080002a0       0x40 C:/ST/STM32CubeIDE_1.7.0/STM32CubeIDE/plugins/com.st.stm32cube.ide.mcu.externaltools.gnu-tools-for-stm32.11.3.rel1.win32_1.1.0.202305231506/tools/bin/../lib/gcc/arm-none-eabi/11.3.1/thumb/v7e-m+dp/hard/crtbegin.o
 .text          0x00000000080002e0       0x30 C:/ST/STM32CubeIDE_1.7.0/STM32CubeIDE/plugins/com.st.stm32cube.ide.mcu.externaltools.gnu-tools-for-stm32.11.3.rel1.win32_1.1.0.202305231506/tools/bin/../lib/gcc/arm-none-eabi/11.3.1/thumb/v7e-m+dp/hard\libgcc.a(_aeabi_uldivmod.o)
                0x00000000080002e0                __aeabi_uldivmod
 .text          0x0000000008000310      0x2c8 C:/ST/STM32CubeIDE_1.7.0/STM32CubeIDE/plugins/com.st.stm32cube.ide.mcu.externaltools.gnu-tools-for-stm32.11.3.rel1.win32_1.1.0.202305231506/tools/bin/../lib/gcc/arm-none-eabi/11.3.1/thumb/v7e-m+dp/hard\libgcc.a(_udivmoddi4.o)
                0x0000000008000310                __udivmoddi4
 .text          0x00000000080005d8        0x4 C:/ST/STM32CubeIDE_1.7.0/STM32CubeIDE/plugins/com.st.stm32cube.ide.mcu.externaltools.gnu-tools-for-stm32.11.3.rel1.win32_1.1.0.202305231506/tools/bin/../lib/gcc/arm-none-eabi/11.3.1/thumb/v7e-m+dp/hard\libgcc.a(_dvmd_tls.o)
                0x00000000080005d8                __aeabi_idiv0
                0x00000000080005d8                __aeabi_ldiv0
 *(.text*)
 .text.SystemInit
                0x00000000080005dc      0x12c ./Common/Src/system_stm32h7xx_dualcore_boot_cm4_cm7.o
                0x00000000080005dc                SystemInit
 .text.MX_FREERTOS_Init
                0x0000000008000708       0x24 ./Core/Src/freertos.o
                0x0000000008000708                MX_FREERTOS_Init
 .text.StartDefaultTask
                0x000000000800072c       0x20 ./Core/Src/freertos.o
                0x000000000800072c                StartDefaultTask
 .text.MX_GPIO_Init
                0x000000000800074c       0xe4 ./Core/Src/gpio.o
                0x000000000800074c                MX_GPIO_Init
 .text.configureTimerForRunTimeStats
                0x0000000008000830       0x1c ./Core/Src/main.o
                0x0000000008000830                configureTimerForRunTimeStats
 .text.getRunTimeCounterValue
                0x000000000800084c       0x18 ./Core/Src/main.o
                0x000000000800084c                getRunTimeCounterValue
 .text.main     0x0000000008000864       0xa4 ./Core/Src/main.o
                0x0000000008000864                main
 .text.SystemClock_Config
                0x0000000008000908       0xd4 ./Core/Src/main.o
                0x0000000008000908                SystemClock_Config
 .text.HAL_TIM_PeriodElapsedCallback
                0x00000000080009dc       0x24 ./Core/Src/main.o
                0x00000000080009dc                HAL_TIM_PeriodElapsedCallback
 .text.Error_Handler
                0x0000000008000a00        0xa ./Core/Src/main.o
                0x0000000008000a00                Error_Handler
 *fill*         0x0000000008000a0a        0x2 
 .text.HAL_MspInit
                0x0000000008000a0c       0x3c ./Core/Src/stm32h7xx_hal_msp.o
                0x0000000008000a0c                HAL_MspInit
 .text.HAL_InitTick
                0x0000000008000a48       0xd8 ./Core/Src/stm32h7xx_hal_timebase_tim.o
                0x0000000008000a48                HAL_InitTick
 .text.NMI_Handler
                0x0000000008000b20        0x6 ./Core/Src/stm32h7xx_it.o
                0x0000000008000b20                NMI_Handler
 .text.HardFault_Handler
                0x0000000008000b26        0x6 ./Core/Src/stm32h7xx_it.o
                0x0000000008000b26                HardFault_Handler
 .text.MemManage_Handler
                0x0000000008000b2c        0x6 ./Core/Src/stm32h7xx_it.o
                0x0000000008000b2c                MemManage_Handler
 .text.BusFault_Handler
                0x0000000008000b32        0x6 ./Core/Src/stm32h7xx_it.o
                0x0000000008000b32                BusFault_Handler
 .text.UsageFault_Handler
                0x0000000008000b38        0x6 ./Core/Src/stm32h7xx_it.o
                0x0000000008000b38                UsageFault_Handler
 .text.DebugMon_Handler
                0x0000000008000b3e        0xe ./Core/Src/stm32h7xx_it.o
                0x0000000008000b3e                DebugMon_Handler
 .text.TIM6_DAC_IRQHandler
                0x0000000008000b4c       0x20 ./Core/Src/stm32h7xx_it.o
                0x0000000008000b4c                TIM6_DAC_IRQHandler
 .text.MX_USART3_UART_Init
                0x0000000008000b6c       0x98 ./Core/Src/usart.o
                0x0000000008000b6c                MX_USART3_UART_Init
 .text.HAL_UART_MspInit
                0x0000000008000c04       0xd4 ./Core/Src/usart.o
                0x0000000008000c04                HAL_UART_MspInit
 .text.Reset_Handler
                0x0000000008000cd8       0x50 ./Core/Startup/startup_stm32h755zitx.o
                0x0000000008000cd8                Reset_Handler
 .text.Default_Handler
                0x0000000008000d28        0x2 ./Core/Startup/startup_stm32h755zitx.o
                0x0000000008000d28                RTC_Alarm_IRQHandler
                0x0000000008000d28                HASH_RNG_IRQHandler
                0x0000000008000d28                EXTI2_IRQHandler
                0x0000000008000d28                TIM8_CC_IRQHandler
                0x0000000008000d28                HRTIM1_Master_IRQHandler
                0x0000000008000d28                UART8_IRQHandler
                0x0000000008000d28                SPI4_IRQHandler
                0x0000000008000d28                TIM1_CC_IRQHandler
                0x0000000008000d28                BDMA_Channel6_IRQHandler
                0x0000000008000d28                DMA2_Stream5_IRQHandler
                0x0000000008000d28                HRTIM1_FLT_IRQHandler
                0x0000000008000d28                JPEG_IRQHandler
                0x0000000008000d28                DMA1_Stream5_IRQHandler
                0x0000000008000d28                BDMA_Channel1_IRQHandler
                0x0000000008000d28                HRTIM1_TIMD_IRQHandler
                0x0000000008000d28                TAMP_STAMP_IRQHandler
                0x0000000008000d28                EXTI3_IRQHandler
                0x0000000008000d28                LPTIM4_IRQHandler
                0x0000000008000d28                TIM8_TRG_COM_TIM14_IRQHandler
                0x0000000008000d28                LPTIM2_IRQHandler
                0x0000000008000d28                DFSDM1_FLT1_IRQHandler
                0x0000000008000d28                DMAMUX2_OVR_IRQHandler
                0x0000000008000d28                TIM8_UP_TIM13_IRQHandler
                0x0000000008000d28                I2C3_ER_IRQHandler
                0x0000000008000d28                DFSDM1_FLT2_IRQHandler
                0x0000000008000d28                MDMA_IRQHandler
                0x0000000008000d28                LPTIM3_IRQHandler
                0x0000000008000d28                HSEM1_IRQHandler
                0x0000000008000d28                EXTI0_IRQHandler
                0x0000000008000d28                I2C2_EV_IRQHandler
                0x0000000008000d28                DMA1_Stream2_IRQHandler
                0x0000000008000d28                FPU_IRQHandler
                0x0000000008000d28                OTG_HS_WKUP_IRQHandler
                0x0000000008000d28                FDCAN1_IT1_IRQHandler
                0x0000000008000d28                LTDC_ER_IRQHandler
                0x0000000008000d28                DMA2_Stream2_IRQHandler
                0x0000000008000d28                HRTIM1_TIME_IRQHandler
                0x0000000008000d28                SPI1_IRQHandler
                0x0000000008000d28                DCMI_IRQHandler
                0x0000000008000d28                HRTIM1_TIMC_IRQHandler
                0x0000000008000d28                DMA2_Stream3_IRQHandler
                0x0000000008000d28                SAI2_IRQHandler
                0x0000000008000d28                DFSDM1_FLT3_IRQHandler
                0x0000000008000d28                USART6_IRQHandler
                0x0000000008000d28                TIM17_IRQHandler
                0x0000000008000d28                USART3_IRQHandler
                0x0000000008000d28                BDMA_Channel7_IRQHandler
                0x0000000008000d28                CRYP_IRQHandler
                0x0000000008000d28                LPTIM5_IRQHandler
                0x0000000008000d28                UART5_IRQHandler
                0x0000000008000d28                ADC3_IRQHandler
                0x0000000008000d28                DMA2_Stream0_IRQHandler
                0x0000000008000d28                TIM4_IRQHandler
                0x0000000008000d28                BDMA_Channel2_IRQHandler
                0x0000000008000d28                QUADSPI_IRQHandler
                0x0000000008000d28                I2C1_EV_IRQHandler
                0x0000000008000d28                DMA1_Stream6_IRQHandler
                0x0000000008000d28                DMAMUX1_OVR_IRQHandler
                0x0000000008000d28                DMA1_Stream1_IRQHandler
                0x0000000008000d28                TIM16_IRQHandler
                0x0000000008000d28                UART4_IRQHandler
                0x0000000008000d28                BDMA_Channel5_IRQHandler
                0x0000000008000d28                TIM3_IRQHandler
                0x0000000008000d28                RCC_IRQHandler
                0x0000000008000d28                TIM8_BRK_TIM12_IRQHandler
                0x0000000008000d28                TIM1_TRG_COM_IRQHandler
                0x0000000008000d28                Default_Handler
                0x0000000008000d28                ECC_IRQHandler
                0x0000000008000d28                CEC_IRQHandler
                0x0000000008000d28                EXTI15_10_IRQHandler
                0x0000000008000d28                BDMA_Channel0_IRQHandler
                0x0000000008000d28                ADC_IRQHandler
                0x0000000008000d28                DMA1_Stream7_IRQHandler
                0x0000000008000d28                HRTIM1_TIMA_IRQHandler
                0x0000000008000d28                SPI5_IRQHandler
                0x0000000008000d28                TIM7_IRQHandler
                0x0000000008000d28                SDMMC1_IRQHandler
                0x0000000008000d28                TIM5_IRQHandler
                0x0000000008000d28                DMA2_Stream7_IRQHandler
                0x0000000008000d28                TIM15_IRQHandler
                0x0000000008000d28                PVD_AVD_IRQHandler
                0x0000000008000d28                I2C3_EV_IRQHandler
                0x0000000008000d28                EXTI9_5_IRQHandler
                0x0000000008000d28                RTC_WKUP_IRQHandler
                0x0000000008000d28                LTDC_IRQHandler
                0x0000000008000d28                SAI3_IRQHandler
                0x0000000008000d28                ETH_WKUP_IRQHandler
                0x0000000008000d28                SPDIF_RX_IRQHandler
                0x0000000008000d28                SPI2_IRQHandler
                0x0000000008000d28                OTG_HS_EP1_IN_IRQHandler
                0x0000000008000d28                DMA1_Stream0_IRQHandler
                0x0000000008000d28                CRS_IRQHandler
                0x0000000008000d28                CM7_SEV_IRQHandler
                0x0000000008000d28                EXTI4_IRQHandler
                0x0000000008000d28                CM4_SEV_IRQHandler
                0x0000000008000d28                HRTIM1_TIMB_IRQHandler
                0x0000000008000d28                FDCAN2_IT1_IRQHandler
                0x0000000008000d28                ETH_IRQHandler
                0x0000000008000d28                TIM1_UP_IRQHandler
                0x0000000008000d28                WWDG_RST_IRQHandler
                0x0000000008000d28                BDMA_Channel4_IRQHandler
                0x0000000008000d28                OTG_HS_EP1_OUT_IRQHandler
                0x0000000008000d28                WWDG_IRQHandler
                0x0000000008000d28                SPI6_IRQHandler
                0x0000000008000d28                MDIOS_IRQHandler
                0x0000000008000d28                I2C4_EV_IRQHandler
                0x0000000008000d28                FDCAN2_IT0_IRQHandler
                0x0000000008000d28                LPUART1_IRQHandler
                0x0000000008000d28                FDCAN1_IT0_IRQHandler
                0x0000000008000d28                TIM2_IRQHandler
                0x0000000008000d28                OTG_FS_WKUP_IRQHandler
                0x0000000008000d28                OTG_HS_IRQHandler
                0x0000000008000d28                HSEM2_IRQHandler
                0x0000000008000d28                DMA2D_IRQHandler
                0x0000000008000d28                TIM1_BRK_IRQHandler
                0x0000000008000d28                EXTI1_IRQHandler
                0x0000000008000d28                SDMMC2_IRQHandler
                0x0000000008000d28                OTG_FS_EP1_OUT_IRQHandler
                0x0000000008000d28                BDMA_Channel3_IRQHandler
                0x0000000008000d28                HOLD_CORE_IRQHandler
                0x0000000008000d28                UART7_IRQHandler
                0x0000000008000d28                MDIOS_WKUP_IRQHandler
                0x0000000008000d28                USART2_IRQHandler
                0x0000000008000d28                DFSDM1_FLT0_IRQHandler
                0x0000000008000d28                SAI4_IRQHandler
                0x0000000008000d28                I2C2_ER_IRQHandler
                0x0000000008000d28                DMA2_Stream1_IRQHandler
                0x0000000008000d28                FLASH_IRQHandler
                0x0000000008000d28                DMA2_Stream4_IRQHandler
                0x0000000008000d28                USART1_IRQHandler
                0x0000000008000d28                OTG_FS_IRQHandler
                0x0000000008000d28                SPI3_IRQHandler
                0x0000000008000d28                WAKEUP_PIN_IRQHandler
                0x0000000008000d28                DMA1_Stream4_IRQHandler
                0x0000000008000d28                OTG_FS_EP1_IN_IRQHandler
                0x0000000008000d28                I2C1_ER_IRQHandler
                0x0000000008000d28                FMC_IRQHandler
                0x0000000008000d28                FDCAN_CAL_IRQHandler
                0x0000000008000d28                SWPMI1_IRQHandler
                0x0000000008000d28                COMP1_IRQHandler
                0x0000000008000d28                LPTIM1_IRQHandler
                0x0000000008000d28                I2C4_ER_IRQHandler
                0x0000000008000d28                DMA2_Stream6_IRQHandler
                0x0000000008000d28                SAI1_IRQHandler
                0x0000000008000d28                DMA1_Stream3_IRQHandler
 *fill*         0x0000000008000d2a        0x2 
 .text.HAL_Init
                0x0000000008000d2c       0x78 ./Drivers/STM32H7xx_HAL_Driver/stm32h7xx_hal.o
                0x0000000008000d2c                HAL_Init
 .text.HAL_IncTick
                0x0000000008000da4       0x28 ./Drivers/STM32H7xx_HAL_Driver/stm32h7xx_hal.o
                0x0000000008000da4                HAL_IncTick
 .text.HAL_GetTick
                0x0000000008000dcc       0x18 ./Drivers/STM32H7xx_HAL_Driver/stm32h7xx_hal.o
                0x0000000008000dcc                HAL_GetTick
 .text.HAL_GetREVID
                0x0000000008000de4       0x18 ./Drivers/STM32H7xx_HAL_Driver/stm32h7xx_hal.o
                0x0000000008000de4                HAL_GetREVID
 .text.__NVIC_SetPriorityGrouping
                0x0000000008000dfc       0x48 ./Drivers/STM32H7xx_HAL_Driver/stm32h7xx_hal_cortex.o
 .text.__NVIC_GetPriorityGrouping
                0x0000000008000e44       0x1c ./Drivers/STM32H7xx_HAL_Driver/stm32h7xx_hal_cortex.o
 .text.__NVIC_EnableIRQ
                0x0000000008000e60       0x3c ./Drivers/STM32H7xx_HAL_Driver/stm32h7xx_hal_cortex.o
 .text.__NVIC_SetPriority
                0x0000000008000e9c       0x54 ./Drivers/STM32H7xx_HAL_Driver/stm32h7xx_hal_cortex.o
 .text.NVIC_EncodePriority
                0x0000000008000ef0       0x66 ./Drivers/STM32H7xx_HAL_Driver/stm32h7xx_hal_cortex.o
 .text.HAL_NVIC_SetPriorityGrouping
                0x0000000008000f56       0x16 ./Drivers/STM32H7xx_HAL_Driver/stm32h7xx_hal_cortex.o
                0x0000000008000f56                HAL_NVIC_SetPriorityGrouping
 .text.HAL_NVIC_SetPriority
                0x0000000008000f6c       0x34 ./Drivers/STM32H7xx_HAL_Driver/stm32h7xx_hal_cortex.o
                0x0000000008000f6c                HAL_NVIC_SetPriority
 .text.HAL_NVIC_EnableIRQ
                0x0000000008000fa0       0x1c ./Drivers/STM32H7xx_HAL_Driver/stm32h7xx_hal_cortex.o
                0x0000000008000fa0                HAL_NVIC_EnableIRQ
 .text.HAL_GPIO_Init
                0x0000000008000fbc      0x360 ./Drivers/STM32H7xx_HAL_Driver/stm32h7xx_hal_gpio.o
                0x0000000008000fbc                HAL_GPIO_Init
 .text.HAL_GPIO_WritePin
                0x000000000800131c       0x32 ./Drivers/STM32H7xx_HAL_Driver/stm32h7xx_hal_gpio.o
                0x000000000800131c                HAL_GPIO_WritePin
 .text.HAL_GPIO_TogglePin
                0x000000000800134e       0x34 ./Drivers/STM32H7xx_HAL_Driver/stm32h7xx_hal_gpio.o
                0x000000000800134e                HAL_GPIO_TogglePin
 *fill*         0x0000000008001382        0x2 
 .text.HAL_HSEM_FastTake
                0x0000000008001384       0x34 ./Drivers/STM32H7xx_HAL_Driver/stm32h7xx_hal_hsem.o
                0x0000000008001384                HAL_HSEM_FastTake
 .text.HAL_HSEM_Release
                0x00000000080013b8       0x28 ./Drivers/STM32H7xx_HAL_Driver/stm32h7xx_hal_hsem.o
                0x00000000080013b8                HAL_HSEM_Release
 .text.HAL_PWREx_ConfigSupply
                0x00000000080013e0       0xb4 ./Drivers/STM32H7xx_HAL_Driver/stm32h7xx_hal_pwr_ex.o
                0x00000000080013e0                HAL_PWREx_ConfigSupply
 .text.HAL_RCC_OscConfig
                0x0000000008001494      0x8b4 ./Drivers/STM32H7xx_HAL_Driver/stm32h7xx_hal_rcc.o
                0x0000000008001494                HAL_RCC_OscConfig
 .text.HAL_RCC_ClockConfig
                0x0000000008001d48      0x36c ./Drivers/STM32H7xx_HAL_Driver/stm32h7xx_hal_rcc.o
                0x0000000008001d48                HAL_RCC_ClockConfig
 .text.HAL_RCC_GetSysClockFreq
                0x00000000080020b4      0x2f4 ./Drivers/STM32H7xx_HAL_Driver/stm32h7xx_hal_rcc.o
                0x00000000080020b4                HAL_RCC_GetSysClockFreq
 .text.HAL_RCC_GetHCLKFreq
                0x00000000080023a8       0x60 ./Drivers/STM32H7xx_HAL_Driver/stm32h7xx_hal_rcc.o
                0x00000000080023a8                HAL_RCC_GetHCLKFreq
 .text.HAL_RCC_GetPCLK1Freq
                0x0000000008002408       0x2c ./Drivers/STM32H7xx_HAL_Driver/stm32h7xx_hal_rcc.o
                0x0000000008002408                HAL_RCC_GetPCLK1Freq
 .text.HAL_RCC_GetPCLK2Freq
                0x0000000008002434       0x2c ./Drivers/STM32H7xx_HAL_Driver/stm32h7xx_hal_rcc.o
                0x0000000008002434                HAL_RCC_GetPCLK2Freq
 .text.HAL_RCC_GetClockConfig
                0x0000000008002460       0x84 ./Drivers/STM32H7xx_HAL_Driver/stm32h7xx_hal_rcc.o
                0x0000000008002460                HAL_RCC_GetClockConfig
 .text.HAL_RCCEx_PeriphCLKConfig
                0x00000000080024e4     0x1414 ./Drivers/STM32H7xx_HAL_Driver/stm32h7xx_hal_rcc_ex.o
                0x00000000080024e4                HAL_RCCEx_PeriphCLKConfig
 .text.HAL_RCCEx_GetD3PCLK1Freq
                0x00000000080038f8       0x2c ./Drivers/STM32H7xx_HAL_Driver/stm32h7xx_hal_rcc_ex.o
                0x00000000080038f8                HAL_RCCEx_GetD3PCLK1Freq
 .text.HAL_RCCEx_GetPLL2ClockFreq
                0x0000000008003924      0x2a8 ./Drivers/STM32H7xx_HAL_Driver/stm32h7xx_hal_rcc_ex.o
                0x0000000008003924                HAL_RCCEx_GetPLL2ClockFreq
 .text.HAL_RCCEx_GetPLL3ClockFreq
                0x0000000008003bcc      0x2a8 ./Drivers/STM32H7xx_HAL_Driver/stm32h7xx_hal_rcc_ex.o
                0x0000000008003bcc                HAL_RCCEx_GetPLL3ClockFreq
 .text.RCCEx_PLL2_Config
                0x0000000008003e74      0x164 ./Drivers/STM32H7xx_HAL_Driver/stm32h7xx_hal_rcc_ex.o
 .text.RCCEx_PLL3_Config
                0x0000000008003fd8      0x164 ./Drivers/STM32H7xx_HAL_Driver/stm32h7xx_hal_rcc_ex.o
 .text.HAL_TIM_Base_Init
                0x000000000800413c       0xae ./Drivers/STM32H7xx_HAL_Driver/stm32h7xx_hal_tim.o
                0x000000000800413c                HAL_TIM_Base_Init
 .text.HAL_TIM_Base_MspInit
                0x00000000080041ea       0x14 ./Drivers/STM32H7xx_HAL_Driver/stm32h7xx_hal_tim.o
                0x00000000080041ea                HAL_TIM_Base_MspInit
 *fill*         0x00000000080041fe        0x2 
 .text.HAL_TIM_Base_Start_IT
                0x0000000008004200       0xf0 ./Drivers/STM32H7xx_HAL_Driver/stm32h7xx_hal_tim.o
                0x0000000008004200                HAL_TIM_Base_Start_IT
 .text.HAL_TIM_IRQHandler
                0x00000000080042f0      0x20e ./Drivers/STM32H7xx_HAL_Driver/stm32h7xx_hal_tim.o
                0x00000000080042f0                HAL_TIM_IRQHandler
 .text.HAL_TIM_OC_DelayElapsedCallback
                0x00000000080044fe       0x14 ./Drivers/STM32H7xx_HAL_Driver/stm32h7xx_hal_tim.o
                0x00000000080044fe                HAL_TIM_OC_DelayElapsedCallback
 .text.HAL_TIM_IC_CaptureCallback
                0x0000000008004512       0x14 ./Drivers/STM32H7xx_HAL_Driver/stm32h7xx_hal_tim.o
                0x0000000008004512                HAL_TIM_IC_CaptureCallback
 .text.HAL_TIM_PWM_PulseFinishedCallback
                0x0000000008004526       0x14 ./Drivers/STM32H7xx_HAL_Driver/stm32h7xx_hal_tim.o
                0x0000000008004526                HAL_TIM_PWM_PulseFinishedCallback
 .text.HAL_TIM_TriggerCallback
                0x000000000800453a       0x14 ./Drivers/STM32H7xx_HAL_Driver/stm32h7xx_hal_tim.o
                0x000000000800453a                HAL_TIM_TriggerCallback
 *fill*         0x000000000800454e        0x2 
 .text.TIM_Base_SetConfig
                0x0000000008004550      0x14c ./Drivers/STM32H7xx_HAL_Driver/stm32h7xx_hal_tim.o
                0x0000000008004550                TIM_Base_SetConfig
 .text.HAL_TIMEx_CommutCallback
                0x000000000800469c       0x14 ./Drivers/STM32H7xx_HAL_Driver/stm32h7xx_hal_tim_ex.o
                0x000000000800469c                HAL_TIMEx_CommutCallback
 .text.HAL_TIMEx_BreakCallback
                0x00000000080046b0       0x14 ./Drivers/STM32H7xx_HAL_Driver/stm32h7xx_hal_tim_ex.o
                0x00000000080046b0                HAL_TIMEx_BreakCallback
 .text.HAL_TIMEx_Break2Callback
                0x00000000080046c4       0x14 ./Drivers/STM32H7xx_HAL_Driver/stm32h7xx_hal_tim_ex.o
                0x00000000080046c4                HAL_TIMEx_Break2Callback
 .text.HAL_UART_Init
                0x00000000080046d8       0xa0 ./Drivers/STM32H7xx_HAL_Driver/stm32h7xx_hal_uart.o
                0x00000000080046d8                HAL_UART_Init
 .text.UART_SetConfig
                0x0000000008004778      0xad0 ./Drivers/STM32H7xx_HAL_Driver/stm32h7xx_hal_uart.o
                0x0000000008004778                UART_SetConfig
 .text.UART_AdvFeatureConfig
                0x0000000008005248      0x144 ./Drivers/STM32H7xx_HAL_Driver/stm32h7xx_hal_uart.o
                0x0000000008005248                UART_AdvFeatureConfig
 .text.UART_CheckIdleState
                0x000000000800538c      0x154 ./Drivers/STM32H7xx_HAL_Driver/stm32h7xx_hal_uart.o
                0x000000000800538c                UART_CheckIdleState
 .text.UART_WaitOnFlagUntilTimeout
                0x00000000080054e0       0xda ./Drivers/STM32H7xx_HAL_Driver/stm32h7xx_hal_uart.o
                0x00000000080054e0                UART_WaitOnFlagUntilTimeout
 *fill*         0x00000000080055ba        0x2 
 .text.UART_EndRxTransfer
                0x00000000080055bc       0xcc ./Drivers/STM32H7xx_HAL_Driver/stm32h7xx_hal_uart.o
 .text.HAL_UARTEx_DisableFifoMode
                0x0000000008005688       0x72 ./Drivers/STM32H7xx_HAL_Driver/stm32h7xx_hal_uart_ex.o
                0x0000000008005688                HAL_UARTEx_DisableFifoMode
 .text.HAL_UARTEx_SetTxFifoThreshold
                0x00000000080056fa       0x7c ./Drivers/STM32H7xx_HAL_Driver/stm32h7xx_hal_uart_ex.o
                0x00000000080056fa                HAL_UARTEx_SetTxFifoThreshold
 .text.HAL_UARTEx_SetRxFifoThreshold
                0x0000000008005776       0x7c ./Drivers/STM32H7xx_HAL_Driver/stm32h7xx_hal_uart_ex.o
                0x0000000008005776                HAL_UARTEx_SetRxFifoThreshold
 *fill*         0x00000000080057f2        0x2 
 .text.UARTEx_SetNbDataToProcess
                0x00000000080057f4       0x9c ./Drivers/STM32H7xx_HAL_Driver/stm32h7xx_hal_uart_ex.o
 .text.__NVIC_SetPriority
                0x0000000008005890       0x54 ./Middlewares/Third_Party/FreeRTOS/cmsis_os2.o
 .text.SysTick_Handler
                0x00000000080058e4       0x20 ./Middlewares/Third_Party/FreeRTOS/cmsis_os2.o
                0x00000000080058e4                SysTick_Handler
 .text.SVC_Setup
                0x0000000008005904       0x12 ./Middlewares/Third_Party/FreeRTOS/cmsis_os2.o
 *fill*         0x0000000008005916        0x2 
 .text.osKernelInitialize
                0x0000000008005918       0x48 ./Middlewares/Third_Party/FreeRTOS/cmsis_os2.o
                0x0000000008005918                osKernelInitialize
 .text.osKernelStart
                0x0000000008005960       0x4c ./Middlewares/Third_Party/FreeRTOS/cmsis_os2.o
                0x0000000008005960                osKernelStart
 .text.osThreadNew
                0x00000000080059ac      0x124 ./Middlewares/Third_Party/FreeRTOS/cmsis_os2.o
                0x00000000080059ac                osThreadNew
 .text.osDelay  0x0000000008005ad0       0x36 ./Middlewares/Third_Party/FreeRTOS/cmsis_os2.o
                0x0000000008005ad0                osDelay
 *fill*         0x0000000008005b06        0x2 
 .text.vApplicationGetIdleTaskMemory
                0x0000000008005b08       0x34 ./Middlewares/Third_Party/FreeRTOS/cmsis_os2.o
                0x0000000008005b08                vApplicationGetIdleTaskMemory
 .text.vApplicationGetTimerTaskMemory
                0x0000000008005b3c       0x34 ./Middlewares/Third_Party/FreeRTOS/cmsis_os2.o
                0x0000000008005b3c                vApplicationGetTimerTaskMemory
 .text.pvPortMalloc
                0x0000000008005b70      0x198 ./Middlewares/Third_Party/FreeRTOS/heap_4.o
                0x0000000008005b70                pvPortMalloc
 .text.vPortFree
                0x0000000008005d08       0xc4 ./Middlewares/Third_Party/FreeRTOS/heap_4.o
                0x0000000008005d08                vPortFree
 .text.prvHeapInit
                0x0000000008005dcc       0xc4 ./Middlewares/Third_Party/FreeRTOS/heap_4.o
 .text.prvInsertBlockIntoFreeList
                0x0000000008005e90       0xb4 ./Middlewares/Third_Party/FreeRTOS/heap_4.o
 .text.vListInitialise
                0x0000000008005f44       0x40 ./Middlewares/Third_Party/FreeRTOS/list.o
                0x0000000008005f44                vListInitialise
 .text.vListInitialiseItem
                0x0000000008005f84       0x1a ./Middlewares/Third_Party/FreeRTOS/list.o
                0x0000000008005f84                vListInitialiseItem
 .text.vListInsertEnd
                0x0000000008005f9e       0x48 ./Middlewares/Third_Party/FreeRTOS/list.o
                0x0000000008005f9e                vListInsertEnd
 .text.vListInsert
                0x0000000008005fe6       0x72 ./Middlewares/Third_Party/FreeRTOS/list.o
                0x0000000008005fe6                vListInsert
 .text.uxListRemove
                0x0000000008006058       0x54 ./Middlewares/Third_Party/FreeRTOS/list.o
                0x0000000008006058                uxListRemove
 .text.pxPortInitialiseStack
                0x00000000080060ac       0x68 ./Middlewares/Third_Party/FreeRTOS/port.o
                0x00000000080060ac                pxPortInitialiseStack
 .text.prvTaskExitError
                0x0000000008006114       0x58 ./Middlewares/Third_Party/FreeRTOS/port.o
 *fill*         0x000000000800616c        0x4 
 .text.SVC_Handler
                0x0000000008006170       0x28 ./Middlewares/Third_Party/FreeRTOS/port.o
                0x0000000008006170                SVC_Handler
 .text.prvPortStartFirstTask
                0x0000000008006198       0x28 ./Middlewares/Third_Party/FreeRTOS/port.o
 .text.xPortStartScheduler
                0x00000000080061c0      0x144 ./Middlewares/Third_Party/FreeRTOS/port.o
                0x00000000080061c0                xPortStartScheduler
 .text.vPortEnterCritical
                0x0000000008006304       0x60 ./Middlewares/Third_Party/FreeRTOS/port.o
                0x0000000008006304                vPortEnterCritical
 .text.vPortExitCritical
                0x0000000008006364       0x54 ./Middlewares/Third_Party/FreeRTOS/port.o
                0x0000000008006364                vPortExitCritical
 *fill*         0x00000000080063b8        0x8 
 .text.PendSV_Handler
                0x00000000080063c0       0x68 ./Middlewares/Third_Party/FreeRTOS/port.o
                0x00000000080063c0                PendSV_Handler
 .text.xPortSysTickHandler
                0x0000000008006428       0x44 ./Middlewares/Third_Party/FreeRTOS/port.o
                0x0000000008006428                xPortSysTickHandler
 .text.vPortSetupTimerInterrupt
                0x000000000800646c       0x48 ./Middlewares/Third_Party/FreeRTOS/port.o
                0x000000000800646c                vPortSetupTimerInterrupt
 .text.vPortEnableVFP
                0x00000000080064b4       0x14 ./Middlewares/Third_Party/FreeRTOS/port.o
 .text.vPortValidateInterruptPriority
                0x00000000080064c8       0x80 ./Middlewares/Third_Party/FreeRTOS/port.o
                0x00000000080064c8                vPortValidateInterruptPriority
 .text.xQueueGenericReset
                0x0000000008006548       0xd0 ./Middlewares/Third_Party/FreeRTOS/queue.o
                0x0000000008006548                xQueueGenericReset
 .text.xQueueGenericCreateStatic
                0x0000000008006618       0xf0 ./Middlewares/Third_Party/FreeRTOS/queue.o
                0x0000000008006618                xQueueGenericCreateStatic
 .text.prvInitialiseNewQueue
                0x0000000008006708       0x46 ./Middlewares/Third_Party/FreeRTOS/queue.o
 *fill*         0x000000000800674e        0x2 
 .text.xQueueGenericSend
                0x0000000008006750      0x1fc ./Middlewares/Third_Party/FreeRTOS/queue.o
                0x0000000008006750                xQueueGenericSend
 .text.xQueueGenericSendFromISR
                0x000000000800694c      0x136 ./Middlewares/Third_Party/FreeRTOS/queue.o
                0x000000000800694c                xQueueGenericSendFromISR
 *fill*         0x0000000008006a82        0x2 
 .text.xQueueReceive
                0x0000000008006a84      0x1c0 ./Middlewares/Third_Party/FreeRTOS/queue.o
                0x0000000008006a84                xQueueReceive
 .text.prvCopyDataToQueue
                0x0000000008006c44       0xd4 ./Middlewares/Third_Party/FreeRTOS/queue.o
 .text.prvCopyDataFromQueue
                0x0000000008006d18       0x4c ./Middlewares/Third_Party/FreeRTOS/queue.o
 .text.prvUnlockQueue
                0x0000000008006d64       0xa4 ./Middlewares/Third_Party/FreeRTOS/queue.o
 .text.prvIsQueueEmpty
                0x0000000008006e08       0x2c ./Middlewares/Third_Party/FreeRTOS/queue.o
 .text.prvIsQueueFull
                0x0000000008006e34       0x30 ./Middlewares/Third_Party/FreeRTOS/queue.o
 .text.vQueueAddToRegistry
                0x0000000008006e64       0x54 ./Middlewares/Third_Party/FreeRTOS/queue.o
                0x0000000008006e64                vQueueAddToRegistry
 .text.vQueueWaitForMessageRestricted
                0x0000000008006eb8       0x68 ./Middlewares/Third_Party/FreeRTOS/queue.o
                0x0000000008006eb8                vQueueWaitForMessageRestricted
 .text.xTaskCreateStatic
                0x0000000008006f20       0xba ./Middlewares/Third_Party/FreeRTOS/tasks.o
                0x0000000008006f20                xTaskCreateStatic
 .text.xTaskCreate
                0x0000000008006fda       0x8a ./Middlewares/Third_Party/FreeRTOS/tasks.o
                0x0000000008006fda                xTaskCreate
 .text.prvInitialiseNewTask
                0x0000000008007064      0x124 ./Middlewares/Third_Party/FreeRTOS/tasks.o
 .text.prvAddNewTaskToReadyList
                0x0000000008007188       0xe0 ./Middlewares/Third_Party/FreeRTOS/tasks.o
 .text.vTaskDelay
                0x0000000008007268       0x68 ./Middlewares/Third_Party/FreeRTOS/tasks.o
                0x0000000008007268                vTaskDelay
 .text.vTaskStartScheduler
                0x00000000080072d0       0xd0 ./Middlewares/Third_Party/FreeRTOS/tasks.o
                0x00000000080072d0                vTaskStartScheduler
 .text.vTaskSuspendAll
                0x00000000080073a0       0x1c ./Middlewares/Third_Party/FreeRTOS/tasks.o
                0x00000000080073a0                vTaskSuspendAll
 .text.xTaskResumeAll
                0x00000000080073bc      0x13c ./Middlewares/Third_Party/FreeRTOS/tasks.o
                0x00000000080073bc                xTaskResumeAll
 .text.xTaskGetTickCount
                0x00000000080074f8       0x20 ./Middlewares/Third_Party/FreeRTOS/tasks.o
                0x00000000080074f8                xTaskGetTickCount
 .text.xTaskIncrementTick
                0x0000000008007518      0x174 ./Middlewares/Third_Party/FreeRTOS/tasks.o
                0x0000000008007518                xTaskIncrementTick
 .text.vTaskSwitchContext
                0x000000000800768c       0xf0 ./Middlewares/Third_Party/FreeRTOS/tasks.o
                0x000000000800768c                vTaskSwitchContext
 .text.vTaskPlaceOnEventList
                0x000000000800777c       0x48 ./Middlewares/Third_Party/FreeRTOS/tasks.o
                0x000000000800777c                vTaskPlaceOnEventList
 .text.vTaskPlaceOnEventListRestricted
                0x00000000080077c4       0x58 ./Middlewares/Third_Party/FreeRTOS/tasks.o
                0x00000000080077c4                vTaskPlaceOnEventListRestricted
 .text.xTaskRemoveFromEventList
                0x000000000800781c       0xc8 ./Middlewares/Third_Party/FreeRTOS/tasks.o
                0x000000000800781c                xTaskRemoveFromEventList
 .text.vTaskInternalSetTimeOutState
                0x00000000080078e4       0x2c ./Middlewares/Third_Party/FreeRTOS/tasks.o
                0x00000000080078e4                vTaskInternalSetTimeOutState
 .text.xTaskCheckForTimeOut
                0x0000000008007910       0xc4 ./Middlewares/Third_Party/FreeRTOS/tasks.o
                0x0000000008007910                xTaskCheckForTimeOut
 .text.vTaskMissedYield
                0x00000000080079d4       0x18 ./Middlewares/Third_Party/FreeRTOS/tasks.o
                0x00000000080079d4                vTaskMissedYield
 .text.prvIdleTask
                0x00000000080079ec       0x30 ./Middlewares/Third_Party/FreeRTOS/tasks.o
 .text.prvInitialiseTaskLists
                0x0000000008007a1c       0x80 ./Middlewares/Third_Party/FreeRTOS/tasks.o
 .text.prvCheckTasksWaitingTermination
                0x0000000008007a9c       0x5c ./Middlewares/Third_Party/FreeRTOS/tasks.o
 .text.prvDeleteTCB
                0x0000000008007af8       0x5e ./Middlewares/Third_Party/FreeRTOS/tasks.o
 *fill*         0x0000000008007b56        0x2 
 .text.prvResetNextTaskUnblockTime
                0x0000000008007b58       0x40 ./Middlewares/Third_Party/FreeRTOS/tasks.o
 .text.xTaskGetSchedulerState
                0x0000000008007b98       0x3c ./Middlewares/Third_Party/FreeRTOS/tasks.o
                0x0000000008007b98                xTaskGetSchedulerState
 .text.xTaskPriorityDisinherit
                0x0000000008007bd4       0xdc ./Middlewares/Third_Party/FreeRTOS/tasks.o
                0x0000000008007bd4                xTaskPriorityDisinherit
 .text.prvAddCurrentTaskToDelayedList
                0x0000000008007cb0       0xa8 ./Middlewares/Third_Party/FreeRTOS/tasks.o
 .text.xTimerCreateTimerTask
                0x0000000008007d58       0x90 ./Middlewares/Third_Party/FreeRTOS/timers.o
                0x0000000008007d58                xTimerCreateTimerTask
 .text.xTimerGenericCommand
                0x0000000008007de8       0x9c ./Middlewares/Third_Party/FreeRTOS/timers.o
                0x0000000008007de8                xTimerGenericCommand
 .text.prvProcessExpiredTimer
                0x0000000008007e84       0x98 ./Middlewares/Third_Party/FreeRTOS/timers.o
 .text.prvTimerTask
                0x0000000008007f1c       0x24 ./Middlewares/Third_Party/FreeRTOS/timers.o
 .text.prvProcessTimerOrBlockTask
                0x0000000008007f40       0x9c ./Middlewares/Third_Party/FreeRTOS/timers.o
 .text.prvGetNextExpireTime
                0x0000000008007fdc       0x48 ./Middlewares/Third_Party/FreeRTOS/timers.o
 .text.prvSampleTimeNow
                0x0000000008008024       0x40 ./Middlewares/Third_Party/FreeRTOS/timers.o
 .text.prvInsertTimerInActiveList
                0x0000000008008064       0x84 ./Middlewares/Third_Party/FreeRTOS/timers.o
 .text.prvProcessReceivedCommands
                0x00000000080080e8      0x1c4 ./Middlewares/Third_Party/FreeRTOS/timers.o
 .text.prvSwitchTimerLists
                0x00000000080082ac       0xc8 ./Middlewares/Third_Party/FreeRTOS/timers.o
 .text.prvCheckForValidListAndQueue
                0x0000000008008374       0x80 ./Middlewares/Third_Party/FreeRTOS/timers.o
 .text.memset   0x00000000080083f4       0x10 C:/ST/STM32CubeIDE_1.7.0/STM32CubeIDE/plugins/com.st.stm32cube.ide.mcu.externaltools.gnu-tools-for-stm32.11.3.rel1.win32_1.1.0.202305231506/tools/bin/../lib/gcc/arm-none-eabi/11.3.1/../../../../arm-none-eabi/lib/thumb/v7e-m+dp/hard\libc_nano.a(libc_a-memset.o)
                0x00000000080083f4                memset
 .text.__libc_init_array
                0x0000000008008404       0x48 C:/ST/STM32CubeIDE_1.7.0/STM32CubeIDE/plugins/com.st.stm32cube.ide.mcu.externaltools.gnu-tools-for-stm32.11.3.rel1.win32_1.1.0.202305231506/tools/bin/../lib/gcc/arm-none-eabi/11.3.1/../../../../arm-none-eabi/lib/thumb/v7e-m+dp/hard\libc_nano.a(libc_a-init.o)
                0x0000000008008404                __libc_init_array
 .text.memcpy   0x000000000800844c       0x1c C:/ST/STM32CubeIDE_1.7.0/STM32CubeIDE/plugins/com.st.stm32cube.ide.mcu.externaltools.gnu-tools-for-stm32.11.3.rel1.win32_1.1.0.202305231506/tools/bin/../lib/gcc/arm-none-eabi/11.3.1/../../../../arm-none-eabi/lib/thumb/v7e-m+dp/hard\libc_nano.a(libc_a-memcpy-stub.o)
                0x000000000800844c                memcpy
 *(.glue_7)
 .glue_7        0x0000000008008468        0x0 linker stubs
 *(.glue_7t)
 .glue_7t       0x0000000008008468        0x0 linker stubs
 *(.eh_frame)
 .eh_frame      0x0000000008008468        0x0 C:/ST/STM32CubeIDE_1.7.0/STM32CubeIDE/plugins/com.st.stm32cube.ide.mcu.externaltools.gnu-tools-for-stm32.11.3.rel1.win32_1.1.0.202305231506/tools/bin/../lib/gcc/arm-none-eabi/11.3.1/thumb/v7e-m+dp/hard/crtbegin.o
 *(.init)
 .init          0x0000000008008468        0x4 C:/ST/STM32CubeIDE_1.7.0/STM32CubeIDE/plugins/com.st.stm32cube.ide.mcu.externaltools.gnu-tools-for-stm32.11.3.rel1.win32_1.1.0.202305231506/tools/bin/../lib/gcc/arm-none-eabi/11.3.1/thumb/v7e-m+dp/hard/crti.o
                0x0000000008008468                _init
 .init          0x000000000800846c        0x8 C:/ST/STM32CubeIDE_1.7.0/STM32CubeIDE/plugins/com.st.stm32cube.ide.mcu.externaltools.gnu-tools-for-stm32.11.3.rel1.win32_1.1.0.202305231506/tools/bin/../lib/gcc/arm-none-eabi/11.3.1/thumb/v7e-m+dp/hard/crtn.o
 *(.fini)
 .fini          0x0000000008008474        0x4 C:/ST/STM32CubeIDE_1.7.0/STM32CubeIDE/plugins/com.st.stm32cube.ide.mcu.externaltools.gnu-tools-for-stm32.11.3.rel1.win32_1.1.0.202305231506/tools/bin/../lib/gcc/arm-none-eabi/11.3.1/thumb/v7e-m+dp/hard/crti.o
                0x0000000008008474                _fini
 .fini          0x0000000008008478        0x8 C:/ST/STM32CubeIDE_1.7.0/STM32CubeIDE/plugins/com.st.stm32cube.ide.mcu.externaltools.gnu-tools-for-stm32.11.3.rel1.win32_1.1.0.202305231506/tools/bin/../lib/gcc/arm-none-eabi/11.3.1/thumb/v7e-m+dp/hard/crtn.o
                0x0000000008008480                . = ALIGN (0x4)
                0x0000000008008480                _etext = .

.vfp11_veneer   0x0000000008008480        0x0
 .vfp11_veneer  0x0000000008008480        0x0 linker stubs

.v4_bx          0x0000000008008480        0x0
 .v4_bx         0x0000000008008480        0x0 linker stubs

.iplt           0x0000000008008480        0x0
 .iplt          0x0000000008008480        0x0 C:/ST/STM32CubeIDE_1.7.0/STM32CubeIDE/plugins/com.st.stm32cube.ide.mcu.externaltools.gnu-tools-for-stm32.11.3.rel1.win32_1.1.0.202305231506/tools/bin/../lib/gcc/arm-none-eabi/11.3.1/thumb/v7e-m+dp/hard/crtbegin.o

.rodata         0x0000000008008480       0xa8
                0x0000000008008480                . = ALIGN (0x4)
 *(.rodata)
 .rodata        0x0000000008008480        0xc ./Core/Src/freertos.o
 .rodata        0x000000000800848c       0x30 ./Middlewares/Third_Party/FreeRTOS/tasks.o
 .rodata        0x00000000080084bc        0xd ./Middlewares/Third_Party/FreeRTOS/timers.o
 *(.rodata*)
 *fill*         0x00000000080084c9        0x3 
 .rodata.D1CorePrescTable
                0x00000000080084cc       0x10 ./Common/Src/system_stm32h7xx_dualcore_boot_cm4_cm7.o
                0x00000000080084cc                D1CorePrescTable
 .rodata.defaultTask_attributes
                0x00000000080084dc       0x24 ./Core/Src/freertos.o
                0x00000000080084dc                defaultTask_attributes
 .rodata.UARTPrescTable
                0x0000000008008500       0x18 ./Drivers/STM32H7xx_HAL_Driver/stm32h7xx_hal_uart.o
                0x0000000008008500                UARTPrescTable
 .rodata.numerator.1
                0x0000000008008518        0x8 ./Drivers/STM32H7xx_HAL_Driver/stm32h7xx_hal_uart_ex.o
 .rodata.denominator.0
                0x0000000008008520        0x8 ./Drivers/STM32H7xx_HAL_Driver/stm32h7xx_hal_uart_ex.o
                0x0000000008008528                . = ALIGN (0x4)

.ARM.extab      0x0000000008008528        0x0
                0x0000000008008528                . = ALIGN (0x4)
 *(.ARM.extab* .gnu.linkonce.armextab.*)
                0x0000000008008528                . = ALIGN (0x4)

.ARM            0x0000000008008528        0x8
                0x0000000008008528                . = ALIGN (0x4)
                0x0000000008008528                __exidx_start = .
 *(.ARM.exidx*)
 .ARM.exidx     0x0000000008008528        0x8 C:/ST/STM32CubeIDE_1.7.0/STM32CubeIDE/plugins/com.st.stm32cube.ide.mcu.externaltools.gnu-tools-for-stm32.11.3.rel1.win32_1.1.0.202305231506/tools/bin/../lib/gcc/arm-none-eabi/11.3.1/thumb/v7e-m+dp/hard\libgcc.a(_udivmoddi4.o)
                0x0000000008008530                __exidx_end = .
                0x0000000008008530                . = ALIGN (0x4)

.rel.dyn        0x0000000008008530        0x0
 .rel.iplt      0x0000000008008530        0x0 C:/ST/STM32CubeIDE_1.7.0/STM32CubeIDE/plugins/com.st.stm32cube.ide.mcu.externaltools.gnu-tools-for-stm32.11.3.rel1.win32_1.1.0.202305231506/tools/bin/../lib/gcc/arm-none-eabi/11.3.1/thumb/v7e-m+dp/hard/crtbegin.o

.preinit_array  0x0000000008008530        0x0
                0x0000000008008530                . = ALIGN (0x4)
                0x0000000008008530                PROVIDE (__preinit_array_start = .)
 *(.preinit_array*)
                0x0000000008008530                PROVIDE (__preinit_array_end = .)
                0x0000000008008530                . = ALIGN (0x4)

.init_array     0x0000000008008530        0x4
                0x0000000008008530                . = ALIGN (0x4)
                0x0000000008008530                PROVIDE (__init_array_start = .)
 *(SORT_BY_NAME(.init_array.*))
 *(.init_array*)
 .init_array    0x0000000008008530        0x4 C:/ST/STM32CubeIDE_1.7.0/STM32CubeIDE/plugins/com.st.stm32cube.ide.mcu.externaltools.gnu-tools-for-stm32.11.3.rel1.win32_1.1.0.202305231506/tools/bin/../lib/gcc/arm-none-eabi/11.3.1/thumb/v7e-m+dp/hard/crtbegin.o
                0x0000000008008534                PROVIDE (__init_array_end = .)
                0x0000000008008534                . = ALIGN (0x4)

.fini_array     0x0000000008008534        0x4
                0x0000000008008534                . = ALIGN (0x4)
                [!provide]                        PROVIDE (__fini_array_start = .)
 *(SORT_BY_NAME(.fini_array.*))
 *(.fini_array*)
 .fini_array    0x0000000008008534        0x4 C:/ST/STM32CubeIDE_1.7.0/STM32CubeIDE/plugins/com.st.stm32cube.ide.mcu.externaltools.gnu-tools-for-stm32.11.3.rel1.win32_1.1.0.202305231506/tools/bin/../lib/gcc/arm-none-eabi/11.3.1/thumb/v7e-m+dp/hard/crtbegin.o
                [!provide]                        PROVIDE (__fini_array_end = .)
                0x0000000008008538                . = ALIGN (0x4)
                0x0000000008008538                _sidata = LOADADDR (.data)

.data           0x0000000024000000       0x14 load address 0x0000000008008538
                0x0000000024000000                . = ALIGN (0x4)
                0x0000000024000000                _sdata = .
 *(.data)
 *(.data*)
 .data.SystemCoreClock
                0x0000000024000000        0x4 ./Common/Src/system_stm32h7xx_dualcore_boot_cm4_cm7.o
                0x0000000024000000                SystemCoreClock
 .data.SystemD2Clock
                0x0000000024000004        0x4 ./Common/Src/system_stm32h7xx_dualcore_boot_cm4_cm7.o
                0x0000000024000004                SystemD2Clock
 .data.uwTickPrio
                0x0000000024000008        0x4 ./Drivers/STM32H7xx_HAL_Driver/stm32h7xx_hal.o
                0x0000000024000008                uwTickPrio
 .data.uwTickFreq
                0x000000002400000c        0x1 ./Drivers/STM32H7xx_HAL_Driver/stm32h7xx_hal.o
                0x000000002400000c                uwTickFreq
 *fill*         0x000000002400000d        0x3 
 .data.uxCriticalNesting
                0x0000000024000010        0x4 ./Middlewares/Third_Party/FreeRTOS/port.o
 *(.RamFunc)
 *(.RamFunc*)
                0x0000000024000014                . = ALIGN (0x4)
                0x0000000024000014                _edata = .

.igot.plt       0x0000000024000014        0x0 load address 0x000000000800854c
 .igot.plt      0x0000000024000014        0x0 C:/ST/STM32CubeIDE_1.7.0/STM32CubeIDE/plugins/com.st.stm32cube.ide.mcu.externaltools.gnu-tools-for-stm32.11.3.rel1.win32_1.1.0.202305231506/tools/bin/../lib/gcc/arm-none-eabi/11.3.1/thumb/v7e-m+dp/hard/crtbegin.o
                0x0000000024000014                . = ALIGN (0x4)

.bss            0x0000000024000014     0x4a68 load address 0x000000000800854c
                0x0000000024000014                _sbss = .
                0x0000000024000014                __bss_start__ = _sbss
 *(.bss)
 .bss           0x0000000024000014       0x1c C:/ST/STM32CubeIDE_1.7.0/STM32CubeIDE/plugins/com.st.stm32cube.ide.mcu.externaltools.gnu-tools-for-stm32.11.3.rel1.win32_1.1.0.202305231506/tools/bin/../lib/gcc/arm-none-eabi/11.3.1/thumb/v7e-m+dp/hard/crtbegin.o
 *(.bss*)
 .bss.defaultTaskHandle
                0x0000000024000030        0x4 ./Core/Src/freertos.o
                0x0000000024000030                defaultTaskHandle
 .bss.ulHighFrequencyTimerTicks
                0x0000000024000034        0x4 ./Core/Src/main.o
                0x0000000024000034                ulHighFrequencyTimerTicks
 .bss.htim6     0x0000000024000038       0x4c ./Core/Src/stm32h7xx_hal_timebase_tim.o
                0x0000000024000038                htim6
 .bss.huart3    0x0000000024000084       0x94 ./Core/Src/usart.o
                0x0000000024000084                huart3
 .bss.uwTick    0x0000000024000118        0x4 ./Drivers/STM32H7xx_HAL_Driver/stm32h7xx_hal.o
                0x0000000024000118                uwTick
 .bss.KernelState
                0x000000002400011c        0x4 ./Middlewares/Third_Party/FreeRTOS/cmsis_os2.o
 .bss.Idle_TCB.3
                0x0000000024000120       0x60 ./Middlewares/Third_Party/FreeRTOS/cmsis_os2.o
 .bss.Idle_Stack.2
                0x0000000024000180      0x200 ./Middlewares/Third_Party/FreeRTOS/cmsis_os2.o
 .bss.Timer_TCB.1
                0x0000000024000380       0x60 ./Middlewares/Third_Party/FreeRTOS/cmsis_os2.o
 .bss.Timer_Stack.0
                0x00000000240003e0      0x400 ./Middlewares/Third_Party/FreeRTOS/cmsis_os2.o
 .bss.ucHeap    0x00000000240007e0     0x3c00 ./Middlewares/Third_Party/FreeRTOS/heap_4.o
 .bss.xStart    0x00000000240043e0        0x8 ./Middlewares/Third_Party/FreeRTOS/heap_4.o
 .bss.pxEnd     0x00000000240043e8        0x4 ./Middlewares/Third_Party/FreeRTOS/heap_4.o
 .bss.xFreeBytesRemaining
                0x00000000240043ec        0x4 ./Middlewares/Third_Party/FreeRTOS/heap_4.o
 .bss.xMinimumEverFreeBytesRemaining
                0x00000000240043f0        0x4 ./Middlewares/Third_Party/FreeRTOS/heap_4.o
 .bss.xNumberOfSuccessfulAllocations
                0x00000000240043f4        0x4 ./Middlewares/Third_Party/FreeRTOS/heap_4.o
 .bss.xNumberOfSuccessfulFrees
                0x00000000240043f8        0x4 ./Middlewares/Third_Party/FreeRTOS/heap_4.o
 .bss.xBlockAllocatedBit
                0x00000000240043fc        0x4 ./Middlewares/Third_Party/FreeRTOS/heap_4.o
 .bss.ucMaxSysCallPriority
                0x0000000024004400        0x1 ./Middlewares/Third_Party/FreeRTOS/port.o
 *fill*         0x0000000024004401        0x3 
 .bss.ulMaxPRIGROUPValue
                0x0000000024004404        0x4 ./Middlewares/Third_Party/FreeRTOS/port.o
 .bss.xQueueRegistry
                0x0000000024004408       0x40 ./Middlewares/Third_Party/FreeRTOS/queue.o
                0x0000000024004408                xQueueRegistry
 .bss.pxCurrentTCB
                0x0000000024004448        0x4 ./Middlewares/Third_Party/FreeRTOS/tasks.o
                0x0000000024004448                pxCurrentTCB
 .bss.pxReadyTasksLists
                0x000000002400444c      0x460 ./Middlewares/Third_Party/FreeRTOS/tasks.o
 .bss.xDelayedTaskList1
                0x00000000240048ac       0x14 ./Middlewares/Third_Party/FreeRTOS/tasks.o
 .bss.xDelayedTaskList2
                0x00000000240048c0       0x14 ./Middlewares/Third_Party/FreeRTOS/tasks.o
 .bss.pxDelayedTaskList
                0x00000000240048d4        0x4 ./Middlewares/Third_Party/FreeRTOS/tasks.o
 .bss.pxOverflowDelayedTaskList
                0x00000000240048d8        0x4 ./Middlewares/Third_Party/FreeRTOS/tasks.o
 .bss.xPendingReadyList
                0x00000000240048dc       0x14 ./Middlewares/Third_Party/FreeRTOS/tasks.o
 .bss.xTasksWaitingTermination
                0x00000000240048f0       0x14 ./Middlewares/Third_Party/FreeRTOS/tasks.o
 .bss.uxDeletedTasksWaitingCleanUp
                0x0000000024004904        0x4 ./Middlewares/Third_Party/FreeRTOS/tasks.o
 .bss.xSuspendedTaskList
                0x0000000024004908       0x14 ./Middlewares/Third_Party/FreeRTOS/tasks.o
 .bss.uxCurrentNumberOfTasks
                0x000000002400491c        0x4 ./Middlewares/Third_Party/FreeRTOS/tasks.o
 .bss.xTickCount
                0x0000000024004920        0x4 ./Middlewares/Third_Party/FreeRTOS/tasks.o
 .bss.uxTopReadyPriority
                0x0000000024004924        0x4 ./Middlewares/Third_Party/FreeRTOS/tasks.o
 .bss.xSchedulerRunning
                0x0000000024004928        0x4 ./Middlewares/Third_Party/FreeRTOS/tasks.o
 .bss.xPendedTicks
                0x000000002400492c        0x4 ./Middlewares/Third_Party/FreeRTOS/tasks.o
 .bss.xYieldPending
                0x0000000024004930        0x4 ./Middlewares/Third_Party/FreeRTOS/tasks.o
 .bss.xNumOfOverflows
                0x0000000024004934        0x4 ./Middlewares/Third_Party/FreeRTOS/tasks.o
 .bss.uxTaskNumber
                0x0000000024004938        0x4 ./Middlewares/Third_Party/FreeRTOS/tasks.o
 .bss.xNextTaskUnblockTime
                0x000000002400493c        0x4 ./Middlewares/Third_Party/FreeRTOS/tasks.o
 .bss.xIdleTaskHandle
                0x0000000024004940        0x4 ./Middlewares/Third_Party/FreeRTOS/tasks.o
 .bss.uxSchedulerSuspended
                0x0000000024004944        0x4 ./Middlewares/Third_Party/FreeRTOS/tasks.o
 .bss.ulTaskSwitchedInTime
                0x0000000024004948        0x4 ./Middlewares/Third_Party/FreeRTOS/tasks.o
 .bss.ulTotalRunTime
                0x000000002400494c        0x4 ./Middlewares/Third_Party/FreeRTOS/tasks.o
 .bss.xActiveTimerList1
                0x0000000024004950       0x14 ./Middlewares/Third_Party/FreeRTOS/timers.o
 .bss.xActiveTimerList2
                0x0000000024004964       0x14 ./Middlewares/Third_Party/FreeRTOS/timers.o
 .bss.pxCurrentTimerList
                0x0000000024004978        0x4 ./Middlewares/Third_Party/FreeRTOS/timers.o
 .bss.pxOverflowTimerList
                0x000000002400497c        0x4 ./Middlewares/Third_Party/FreeRTOS/timers.o
 .bss.xTimerQueue
                0x0000000024004980        0x4 ./Middlewares/Third_Party/FreeRTOS/timers.o
 .bss.xTimerTaskHandle
                0x0000000024004984        0x4 ./Middlewares/Third_Party/FreeRTOS/timers.o
 .bss.xLastTime.2
                0x0000000024004988        0x4 ./Middlewares/Third_Party/FreeRTOS/timers.o
 .bss.ucStaticTimerQueueStorage.1
                0x000000002400498c       0xa0 ./Middlewares/Third_Party/FreeRTOS/timers.o
 .bss.xStaticTimerQueue.0
                0x0000000024004a2c       0x50 ./Middlewares/Third_Party/FreeRTOS/timers.o
 *(COMMON)
                0x0000000024004a7c                . = ALIGN (0x4)
                0x0000000024004a7c                _ebss = .
                0x0000000024004a7c                __bss_end__ = _ebss

._user_heap_stack
                0x0000000024004a7c      0x604 load address 0x000000000800854c
                0x0000000024004a80                . = ALIGN (0x8)
 *fill*         0x0000000024004a7c        0x4 
                [!provide]                        PROVIDE (end = .)
                0x0000000024004a80                PROVIDE (_end = .)
                0x0000000024004c80                . = (. + _Min_Heap_Size)
 *fill*         0x0000000024004a80      0x200 
                0x0000000024005080                . = (. + _Min_Stack_Size)
 *fill*         0x0000000024004c80      0x400 
                0x0000000024005080                . = ALIGN (0x8)

/DISCARD/
 libc.a(*)
 libm.a(*)
 libgcc.a(*)

.ARM.attributes
                0x0000000000000000       0x2e
 *(.ARM.attributes)
 .ARM.attributes
                0x0000000000000000       0x1e C:/ST/STM32CubeIDE_1.7.0/STM32CubeIDE/plugins/com.st.stm32cube.ide.mcu.externaltools.gnu-tools-for-stm32.11.3.rel1.win32_1.1.0.202305231506/tools/bin/../lib/gcc/arm-none-eabi/11.3.1/thumb/v7e-m+dp/hard/crti.o
 .ARM.attributes
                0x000000000000001e       0x32 C:/ST/STM32CubeIDE_1.7.0/STM32CubeIDE/plugins/com.st.stm32cube.ide.mcu.externaltools.gnu-tools-for-stm32.11.3.rel1.win32_1.1.0.202305231506/tools/bin/../lib/gcc/arm-none-eabi/11.3.1/thumb/v7e-m+dp/hard/crtbegin.o
 .ARM.attributes
                0x0000000000000050       0x32 ./Common/Src/system_stm32h7xx_dualcore_boot_cm4_cm7.o
 .ARM.attributes
                0x0000000000000082       0x32 ./Core/Src/freertos.o
 .ARM.attributes
                0x00000000000000b4       0x32 ./Core/Src/gpio.o
 .ARM.attributes
                0x00000000000000e6       0x32 ./Core/Src/main.o
 .ARM.attributes
                0x0000000000000118       0x32 ./Core/Src/stm32h7xx_hal_msp.o
 .ARM.attributes
                0x000000000000014a       0x32 ./Core/Src/stm32h7xx_hal_timebase_tim.o
 .ARM.attributes
                0x000000000000017c       0x32 ./Core/Src/stm32h7xx_it.o
 .ARM.attributes
                0x00000000000001ae       0x32 ./Core/Src/usart.o
 .ARM.attributes
                0x00000000000001e0       0x21 ./Core/Startup/startup_stm32h755zitx.o
 .ARM.attributes
                0x0000000000000201       0x32 ./Drivers/STM32H7xx_HAL_Driver/stm32h7xx_hal.o
 .ARM.attributes
                0x0000000000000233       0x32 ./Drivers/STM32H7xx_HAL_Driver/stm32h7xx_hal_cortex.o
 .ARM.attributes
                0x0000000000000265       0x32 ./Drivers/STM32H7xx_HAL_Driver/stm32h7xx_hal_gpio.o
 .ARM.attributes
                0x0000000000000297       0x32 ./Drivers/STM32H7xx_HAL_Driver/stm32h7xx_hal_hsem.o
 .ARM.attributes
                0x00000000000002c9       0x32 ./Drivers/STM32H7xx_HAL_Driver/stm32h7xx_hal_pwr_ex.o
 .ARM.attributes
                0x00000000000002fb       0x32 ./Drivers/STM32H7xx_HAL_Driver/stm32h7xx_hal_rcc.o
 .ARM.attributes
                0x000000000000032d       0x32 ./Drivers/STM32H7xx_HAL_Driver/stm32h7xx_hal_rcc_ex.o
 .ARM.attributes
                0x000000000000035f       0x32 ./Drivers/STM32H7xx_HAL_Driver/stm32h7xx_hal_tim.o
 .ARM.attributes
                0x0000000000000391       0x32 ./Drivers/STM32H7xx_HAL_Driver/stm32h7xx_hal_tim_ex.o
 .ARM.attributes
                0x00000000000003c3       0x32 ./Drivers/STM32H7xx_HAL_Driver/stm32h7xx_hal_uart.o
 .ARM.attributes
                0x00000000000003f5       0x32 ./Drivers/STM32H7xx_HAL_Driver/stm32h7xx_hal_uart_ex.o
 .ARM.attributes
                0x0000000000000427       0x32 ./Middlewares/Third_Party/FreeRTOS/cmsis_os2.o
 .ARM.attributes
                0x0000000000000459       0x32 ./Middlewares/Third_Party/FreeRTOS/heap_4.o
 .ARM.attributes
                0x000000000000048b       0x32 ./Middlewares/Third_Party/FreeRTOS/list.o
 .ARM.attributes
                0x00000000000004bd       0x32 ./Middlewares/Third_Party/FreeRTOS/port.o
 .ARM.attributes
                0x00000000000004ef       0x32 ./Middlewares/Third_Party/FreeRTOS/queue.o
 .ARM.attributes
                0x0000000000000521       0x32 ./Middlewares/Third_Party/FreeRTOS/tasks.o
 .ARM.attributes
                0x0000000000000553       0x32 ./Middlewares/Third_Party/FreeRTOS/timers.o
 .ARM.attributes
                0x0000000000000585       0x32 C:/ST/STM32CubeIDE_1.7.0/STM32CubeIDE/plugins/com.st.stm32cube.ide.mcu.externaltools.gnu-tools-for-stm32.11.3.rel1.win32_1.1.0.202305231506/tools/bin/../lib/gcc/arm-none-eabi/11.3.1/../../../../arm-none-eabi/lib/thumb/v7e-m+dp/hard\libc_nano.a(libc_a-memset.o)
 .ARM.attributes
                0x00000000000005b7       0x32 C:/ST/STM32CubeIDE_1.7.0/STM32CubeIDE/plugins/com.st.stm32cube.ide.mcu.externaltools.gnu-tools-for-stm32.11.3.rel1.win32_1.1.0.202305231506/tools/bin/../lib/gcc/arm-none-eabi/11.3.1/../../../../arm-none-eabi/lib/thumb/v7e-m+dp/hard\libc_nano.a(libc_a-init.o)
 .ARM.attributes
                0x00000000000005e9       0x32 C:/ST/STM32CubeIDE_1.7.0/STM32CubeIDE/plugins/com.st.stm32cube.ide.mcu.externaltools.gnu-tools-for-stm32.11.3.rel1.win32_1.1.0.202305231506/tools/bin/../lib/gcc/arm-none-eabi/11.3.1/../../../../arm-none-eabi/lib/thumb/v7e-m+dp/hard\libc_nano.a(libc_a-memcpy-stub.o)
 .ARM.attributes
                0x000000000000061b       0x1e C:/ST/STM32CubeIDE_1.7.0/STM32CubeIDE/plugins/com.st.stm32cube.ide.mcu.externaltools.gnu-tools-for-stm32.11.3.rel1.win32_1.1.0.202305231506/tools/bin/../lib/gcc/arm-none-eabi/11.3.1/thumb/v7e-m+dp/hard\libgcc.a(_aeabi_uldivmod.o)
 .ARM.attributes
                0x0000000000000639       0x32 C:/ST/STM32CubeIDE_1.7.0/STM32CubeIDE/plugins/com.st.stm32cube.ide.mcu.externaltools.gnu-tools-for-stm32.11.3.rel1.win32_1.1.0.202305231506/tools/bin/../lib/gcc/arm-none-eabi/11.3.1/thumb/v7e-m+dp/hard\libgcc.a(_udivmoddi4.o)
 .ARM.attributes
                0x000000000000066b       0x1e C:/ST/STM32CubeIDE_1.7.0/STM32CubeIDE/plugins/com.st.stm32cube.ide.mcu.externaltools.gnu-tools-for-stm32.11.3.rel1.win32_1.1.0.202305231506/tools/bin/../lib/gcc/arm-none-eabi/11.3.1/thumb/v7e-m+dp/hard\libgcc.a(_dvmd_tls.o)
 .ARM.attributes
                0x0000000000000689       0x1e C:/ST/STM32CubeIDE_1.7.0/STM32CubeIDE/plugins/com.st.stm32cube.ide.mcu.externaltools.gnu-tools-for-stm32.11.3.rel1.win32_1.1.0.202305231506/tools/bin/../lib/gcc/arm-none-eabi/11.3.1/thumb/v7e-m+dp/hard/crtn.o
OUTPUT(CDH_Software_Dev_Board_CM7.elf elf32-littlearm)
LOAD linker stubs
LOAD C:/ST/STM32CubeIDE_1.7.0/STM32CubeIDE/plugins/com.st.stm32cube.ide.mcu.externaltools.gnu-tools-for-stm32.11.3.rel1.win32_1.1.0.202305231506/tools/bin/../lib/gcc/arm-none-eabi/11.3.1/../../../../arm-none-eabi/lib/thumb/v7e-m+dp/hard\libc.a
LOAD C:/ST/STM32CubeIDE_1.7.0/STM32CubeIDE/plugins/com.st.stm32cube.ide.mcu.externaltools.gnu-tools-for-stm32.11.3.rel1.win32_1.1.0.202305231506/tools/bin/../lib/gcc/arm-none-eabi/11.3.1/../../../../arm-none-eabi/lib/thumb/v7e-m+dp/hard\libm.a
LOAD C:/ST/STM32CubeIDE_1.7.0/STM32CubeIDE/plugins/com.st.stm32cube.ide.mcu.externaltools.gnu-tools-for-stm32.11.3.rel1.win32_1.1.0.202305231506/tools/bin/../lib/gcc/arm-none-eabi/11.3.1/thumb/v7e-m+dp/hard\libgcc.a

.comment        0x0000000000000000       0x43
 .comment       0x0000000000000000       0x43 C:/ST/STM32CubeIDE_1.7.0/STM32CubeIDE/plugins/com.st.stm32cube.ide.mcu.externaltools.gnu-tools-for-stm32.11.3.rel1.win32_1.1.0.202305231506/tools/bin/../lib/gcc/arm-none-eabi/11.3.1/thumb/v7e-m+dp/hard/crtbegin.o
                                         0x44 (size before relaxing)
 .comment       0x0000000000000043       0x44 ./Common/Src/system_stm32h7xx_dualcore_boot_cm4_cm7.o
 .comment       0x0000000000000043       0x44 ./Core/Src/freertos.o
 .comment       0x0000000000000043       0x44 ./Core/Src/gpio.o
 .comment       0x0000000000000043       0x44 ./Core/Src/main.o
 .comment       0x0000000000000043       0x44 ./Core/Src/stm32h7xx_hal_msp.o
 .comment       0x0000000000000043       0x44 ./Core/Src/stm32h7xx_hal_timebase_tim.o
 .comment       0x0000000000000043       0x44 ./Core/Src/stm32h7xx_it.o
 .comment       0x0000000000000043       0x44 ./Core/Src/usart.o
 .comment       0x0000000000000043       0x44 ./Drivers/STM32H7xx_HAL_Driver/stm32h7xx_hal.o
 .comment       0x0000000000000043       0x44 ./Drivers/STM32H7xx_HAL_Driver/stm32h7xx_hal_cortex.o
 .comment       0x0000000000000043       0x44 ./Drivers/STM32H7xx_HAL_Driver/stm32h7xx_hal_gpio.o
 .comment       0x0000000000000043       0x44 ./Drivers/STM32H7xx_HAL_Driver/stm32h7xx_hal_hsem.o
 .comment       0x0000000000000043       0x44 ./Drivers/STM32H7xx_HAL_Driver/stm32h7xx_hal_pwr_ex.o
 .comment       0x0000000000000043       0x44 ./Drivers/STM32H7xx_HAL_Driver/stm32h7xx_hal_rcc.o
 .comment       0x0000000000000043       0x44 ./Drivers/STM32H7xx_HAL_Driver/stm32h7xx_hal_rcc_ex.o
 .comment       0x0000000000000043       0x44 ./Drivers/STM32H7xx_HAL_Driver/stm32h7xx_hal_tim.o
 .comment       0x0000000000000043       0x44 ./Drivers/STM32H7xx_HAL_Driver/stm32h7xx_hal_tim_ex.o
 .comment       0x0000000000000043       0x44 ./Drivers/STM32H7xx_HAL_Driver/stm32h7xx_hal_uart.o
 .comment       0x0000000000000043       0x44 ./Drivers/STM32H7xx_HAL_Driver/stm32h7xx_hal_uart_ex.o
 .comment       0x0000000000000043       0x44 ./Middlewares/Third_Party/FreeRTOS/cmsis_os2.o
 .comment       0x0000000000000043       0x44 ./Middlewares/Third_Party/FreeRTOS/heap_4.o
 .comment       0x0000000000000043       0x44 ./Middlewares/Third_Party/FreeRTOS/list.o
 .comment       0x0000000000000043       0x44 ./Middlewares/Third_Party/FreeRTOS/port.o
 .comment       0x0000000000000043       0x44 ./Middlewares/Third_Party/FreeRTOS/queue.o
 .comment       0x0000000000000043       0x44 ./Middlewares/Third_Party/FreeRTOS/tasks.o
 .comment       0x0000000000000043       0x44 ./Middlewares/Third_Party/FreeRTOS/timers.o

.debug_info     0x0000000000000000    0x20554
 .debug_info    0x0000000000000000      0xdb0 ./Common/Src/system_stm32h7xx_dualcore_boot_cm4_cm7.o
 .debug_info    0x0000000000000db0      0x496 ./Core/Src/freertos.o
 .debug_info    0x0000000000001246      0x64b ./Core/Src/gpio.o
 .debug_info    0x0000000000001891     0x1245 ./Core/Src/main.o
 .debug_info    0x0000000000002ad6      0x838 ./Core/Src/stm32h7xx_hal_msp.o
 .debug_info    0x000000000000330e     0x10cd ./Core/Src/stm32h7xx_hal_timebase_tim.o
 .debug_info    0x00000000000043db      0x7f7 ./Core/Src/stm32h7xx_it.o
 .debug_info    0x0000000000004bd2     0x10b0 ./Core/Src/usart.o
 .debug_info    0x0000000000005c82       0x23 ./Core/Startup/startup_stm32h755zitx.o
 .debug_info    0x0000000000005ca5     0x177a ./Drivers/STM32H7xx_HAL_Driver/stm32h7xx_hal.o
 .debug_info    0x000000000000741f     0x10d0 ./Drivers/STM32H7xx_HAL_Driver/stm32h7xx_hal_cortex.o
 .debug_info    0x00000000000084ef      0xcf7 ./Drivers/STM32H7xx_HAL_Driver/stm32h7xx_hal_gpio.o
 .debug_info    0x00000000000091e6      0x3d3 ./Drivers/STM32H7xx_HAL_Driver/stm32h7xx_hal_hsem.o
 .debug_info    0x00000000000095b9     0x121b ./Drivers/STM32H7xx_HAL_Driver/stm32h7xx_hal_pwr_ex.o
 .debug_info    0x000000000000a7d4      0xe58 ./Drivers/STM32H7xx_HAL_Driver/stm32h7xx_hal_rcc.o
 .debug_info    0x000000000000b62c     0x12f4 ./Drivers/STM32H7xx_HAL_Driver/stm32h7xx_hal_rcc_ex.o
 .debug_info    0x000000000000c920     0x2bae ./Drivers/STM32H7xx_HAL_Driver/stm32h7xx_hal_tim.o
 .debug_info    0x000000000000f4ce     0x17eb ./Drivers/STM32H7xx_HAL_Driver/stm32h7xx_hal_tim_ex.o
 .debug_info    0x0000000000010cb9     0x4b13 ./Drivers/STM32H7xx_HAL_Driver/stm32h7xx_hal_uart.o
 .debug_info    0x00000000000157cc      0xfbf ./Drivers/STM32H7xx_HAL_Driver/stm32h7xx_hal_uart_ex.o
 .debug_info    0x000000000001678b     0x3db9 ./Middlewares/Third_Party/FreeRTOS/cmsis_os2.o
 .debug_info    0x000000000001a544      0x4d5 ./Middlewares/Third_Party/FreeRTOS/heap_4.o
 .debug_info    0x000000000001aa19      0x2af ./Middlewares/Third_Party/FreeRTOS/list.o
 .debug_info    0x000000000001acc8      0x4de ./Middlewares/Third_Party/FreeRTOS/port.o
 .debug_info    0x000000000001b1a6     0x1b79 ./Middlewares/Third_Party/FreeRTOS/queue.o
 .debug_info    0x000000000001cd1f     0x23a0 ./Middlewares/Third_Party/FreeRTOS/tasks.o
 .debug_info    0x000000000001f0bf     0x1495 ./Middlewares/Third_Party/FreeRTOS/timers.o

.debug_abbrev   0x0000000000000000     0x407c
 .debug_abbrev  0x0000000000000000      0x14c ./Common/Src/system_stm32h7xx_dualcore_boot_cm4_cm7.o
 .debug_abbrev  0x000000000000014c      0x1d2 ./Core/Src/freertos.o
 .debug_abbrev  0x000000000000031e      0x182 ./Core/Src/gpio.o
 .debug_abbrev  0x00000000000004a0      0x30e ./Core/Src/main.o
 .debug_abbrev  0x00000000000007ae      0x11c ./Core/Src/stm32h7xx_hal_msp.o
 .debug_abbrev  0x00000000000008ca      0x212 ./Core/Src/stm32h7xx_hal_timebase_tim.o
 .debug_abbrev  0x0000000000000adc      0x17b ./Core/Src/stm32h7xx_it.o
 .debug_abbrev  0x0000000000000c57      0x241 ./Core/Src/usart.o
 .debug_abbrev  0x0000000000000e98       0x12 ./Core/Startup/startup_stm32h755zitx.o
 .debug_abbrev  0x0000000000000eaa      0x295 ./Drivers/STM32H7xx_HAL_Driver/stm32h7xx_hal.o
 .debug_abbrev  0x000000000000113f      0x339 ./Drivers/STM32H7xx_HAL_Driver/stm32h7xx_hal_cortex.o
 .debug_abbrev  0x0000000000001478      0x1fe ./Drivers/STM32H7xx_HAL_Driver/stm32h7xx_hal_gpio.o
 .debug_abbrev  0x0000000000001676      0x1d3 ./Drivers/STM32H7xx_HAL_Driver/stm32h7xx_hal_hsem.o
 .debug_abbrev  0x0000000000001849      0x2d7 ./Drivers/STM32H7xx_HAL_Driver/stm32h7xx_hal_pwr_ex.o
 .debug_abbrev  0x0000000000001b20      0x2c8 ./Drivers/STM32H7xx_HAL_Driver/stm32h7xx_hal_rcc.o
 .debug_abbrev  0x0000000000001de8      0x269 ./Drivers/STM32H7xx_HAL_Driver/stm32h7xx_hal_rcc_ex.o
 .debug_abbrev  0x0000000000002051      0x276 ./Drivers/STM32H7xx_HAL_Driver/stm32h7xx_hal_tim.o
 .debug_abbrev  0x00000000000022c7      0x281 ./Drivers/STM32H7xx_HAL_Driver/stm32h7xx_hal_tim_ex.o
 .debug_abbrev  0x0000000000002548      0x33d ./Drivers/STM32H7xx_HAL_Driver/stm32h7xx_hal_uart.o
 .debug_abbrev  0x0000000000002885      0x2d2 ./Drivers/STM32H7xx_HAL_Driver/stm32h7xx_hal_uart_ex.o
 .debug_abbrev  0x0000000000002b57      0x522 ./Middlewares/Third_Party/FreeRTOS/cmsis_os2.o
 .debug_abbrev  0x0000000000003079      0x21d ./Middlewares/Third_Party/FreeRTOS/heap_4.o
 .debug_abbrev  0x0000000000003296       0xf5 ./Middlewares/Third_Party/FreeRTOS/list.o
 .debug_abbrev  0x000000000000338b      0x25c ./Middlewares/Third_Party/FreeRTOS/port.o
 .debug_abbrev  0x00000000000035e7      0x3b6 ./Middlewares/Third_Party/FreeRTOS/queue.o
 .debug_abbrev  0x000000000000399d      0x38d ./Middlewares/Third_Party/FreeRTOS/tasks.o
 .debug_abbrev  0x0000000000003d2a      0x352 ./Middlewares/Third_Party/FreeRTOS/timers.o

.debug_aranges  0x0000000000000000     0x1940
 .debug_aranges
                0x0000000000000000       0x28 ./Common/Src/system_stm32h7xx_dualcore_boot_cm4_cm7.o
 .debug_aranges
                0x0000000000000028       0x38 ./Core/Src/freertos.o
 .debug_aranges
                0x0000000000000060       0x20 ./Core/Src/gpio.o
 .debug_aranges
                0x0000000000000080       0x50 ./Core/Src/main.o
 .debug_aranges
                0x00000000000000d0       0x20 ./Core/Src/stm32h7xx_hal_msp.o
 .debug_aranges
                0x00000000000000f0       0x30 ./Core/Src/stm32h7xx_hal_timebase_tim.o
 .debug_aranges
                0x0000000000000120       0x50 ./Core/Src/stm32h7xx_it.o
 .debug_aranges
                0x0000000000000170       0x30 ./Core/Src/usart.o
 .debug_aranges
                0x00000000000001a0       0x28 ./Core/Startup/startup_stm32h755zitx.o
 .debug_aranges
                0x00000000000001c8      0x200 ./Drivers/STM32H7xx_HAL_Driver/stm32h7xx_hal.o
 .debug_aranges
                0x00000000000003c8      0x130 ./Drivers/STM32H7xx_HAL_Driver/stm32h7xx_hal_cortex.o
 .debug_aranges
                0x00000000000004f8       0x58 ./Drivers/STM32H7xx_HAL_Driver/stm32h7xx_hal_gpio.o
 .debug_aranges
                0x0000000000000550       0x70 ./Drivers/STM32H7xx_HAL_Driver/stm32h7xx_hal_hsem.o
 .debug_aranges
                0x00000000000005c0      0x170 ./Drivers/STM32H7xx_HAL_Driver/stm32h7xx_hal_pwr_ex.o
 .debug_aranges
                0x0000000000000730       0x88 ./Drivers/STM32H7xx_HAL_Driver/stm32h7xx_hal_rcc.o
 .debug_aranges
                0x00000000000007b8      0x100 ./Drivers/STM32H7xx_HAL_Driver/stm32h7xx_hal_rcc_ex.o
 .debug_aranges
                0x00000000000008b8      0x3e0 ./Drivers/STM32H7xx_HAL_Driver/stm32h7xx_hal_tim.o
 .debug_aranges
                0x0000000000000c98      0x188 ./Drivers/STM32H7xx_HAL_Driver/stm32h7xx_hal_tim_ex.o
 .debug_aranges
                0x0000000000000e20      0x248 ./Drivers/STM32H7xx_HAL_Driver/stm32h7xx_hal_uart.o
 .debug_aranges
                0x0000000000001068       0xa8 ./Drivers/STM32H7xx_HAL_Driver/stm32h7xx_hal_uart_ex.o
 .debug_aranges
                0x0000000000001110      0x2b0 ./Middlewares/Third_Party/FreeRTOS/cmsis_os2.o
 .debug_aranges
                0x00000000000013c0       0x58 ./Middlewares/Third_Party/FreeRTOS/heap_4.o
 .debug_aranges
                0x0000000000001418       0x40 ./Middlewares/Third_Party/FreeRTOS/list.o
 .debug_aranges
                0x0000000000001458       0x80 ./Middlewares/Third_Party/FreeRTOS/port.o
 .debug_aranges
                0x00000000000014d8      0x158 ./Middlewares/Third_Party/FreeRTOS/queue.o
 .debug_aranges
                0x0000000000001630      0x220 ./Middlewares/Third_Party/FreeRTOS/tasks.o
 .debug_aranges
                0x0000000000001850       0xf0 ./Middlewares/Third_Party/FreeRTOS/timers.o

.debug_rnglists
                0x0000000000000000     0x1394
 .debug_rnglists
                0x0000000000000000       0x1b ./Common/Src/system_stm32h7xx_dualcore_boot_cm4_cm7.o
 .debug_rnglists
                0x000000000000001b       0x25 ./Core/Src/freertos.o
 .debug_rnglists
                0x0000000000000040       0x14 ./Core/Src/gpio.o
 .debug_rnglists
                0x0000000000000054       0x39 ./Core/Src/main.o
 .debug_rnglists
                0x000000000000008d       0x13 ./Core/Src/stm32h7xx_hal_msp.o
 .debug_rnglists
                0x00000000000000a0       0x20 ./Core/Src/stm32h7xx_hal_timebase_tim.o
 .debug_rnglists
                0x00000000000000c0       0x37 ./Core/Src/stm32h7xx_it.o
 .debug_rnglists
                0x00000000000000f7       0x21 ./Core/Src/usart.o
 .debug_rnglists
                0x0000000000000118       0x19 ./Core/Startup/startup_stm32h755zitx.o
 .debug_rnglists
                0x0000000000000131      0x180 ./Drivers/STM32H7xx_HAL_Driver/stm32h7xx_hal.o
 .debug_rnglists
                0x00000000000002b1       0xe0 ./Drivers/STM32H7xx_HAL_Driver/stm32h7xx_hal_cortex.o
 .debug_rnglists
                0x0000000000000391       0x3f ./Drivers/STM32H7xx_HAL_Driver/stm32h7xx_hal_gpio.o
 .debug_rnglists
                0x00000000000003d0       0x4f ./Drivers/STM32H7xx_HAL_Driver/stm32h7xx_hal_hsem.o
 .debug_rnglists
                0x000000000000041f      0x117 ./Drivers/STM32H7xx_HAL_Driver/stm32h7xx_hal_pwr_ex.o
 .debug_rnglists
                0x0000000000000536       0x68 ./Drivers/STM32H7xx_HAL_Driver/stm32h7xx_hal_rcc.o
 .debug_rnglists
                0x000000000000059e       0xc6 ./Drivers/STM32H7xx_HAL_Driver/stm32h7xx_hal_rcc_ex.o
 .debug_rnglists
                0x0000000000000664      0x328 ./Drivers/STM32H7xx_HAL_Driver/stm32h7xx_hal_tim.o
 .debug_rnglists
                0x000000000000098c      0x13f ./Drivers/STM32H7xx_HAL_Driver/stm32h7xx_hal_tim_ex.o
 .debug_rnglists
                0x0000000000000acb      0x1fa ./Drivers/STM32H7xx_HAL_Driver/stm32h7xx_hal_uart.o
 .debug_rnglists
                0x0000000000000cc5       0x7f ./Drivers/STM32H7xx_HAL_Driver/stm32h7xx_hal_uart_ex.o
 .debug_rnglists
                0x0000000000000d44      0x212 ./Middlewares/Third_Party/FreeRTOS/cmsis_os2.o
 .debug_rnglists
                0x0000000000000f56       0x42 ./Middlewares/Third_Party/FreeRTOS/heap_4.o
 .debug_rnglists
                0x0000000000000f98       0x2b ./Middlewares/Third_Party/FreeRTOS/list.o
 .debug_rnglists
                0x0000000000000fc3       0x5d ./Middlewares/Third_Party/FreeRTOS/port.o
 .debug_rnglists
                0x0000000000001020      0x109 ./Middlewares/Third_Party/FreeRTOS/queue.o
 .debug_rnglists
                0x0000000000001129      0x1b4 ./Middlewares/Third_Party/FreeRTOS/tasks.o
 .debug_rnglists
                0x00000000000012dd       0xb7 ./Middlewares/Third_Party/FreeRTOS/timers.o

.debug_macro    0x0000000000000000    0x3cfb8
 .debug_macro   0x0000000000000000      0x2a8 ./Common/Src/system_stm32h7xx_dualcore_boot_cm4_cm7.o
 .debug_macro   0x00000000000002a8      0xac6 ./Common/Src/system_stm32h7xx_dualcore_boot_cm4_cm7.o
 .debug_macro   0x0000000000000d6e       0x2e ./Common/Src/system_stm32h7xx_dualcore_boot_cm4_cm7.o
 .debug_macro   0x0000000000000d9c       0x49 ./Common/Src/system_stm32h7xx_dualcore_boot_cm4_cm7.o
 .debug_macro   0x0000000000000de5       0x22 ./Common/Src/system_stm32h7xx_dualcore_boot_cm4_cm7.o
 .debug_macro   0x0000000000000e07       0x8e ./Common/Src/system_stm32h7xx_dualcore_boot_cm4_cm7.o
 .debug_macro   0x0000000000000e95       0x51 ./Common/Src/system_stm32h7xx_dualcore_boot_cm4_cm7.o
 .debug_macro   0x0000000000000ee6      0x103 ./Common/Src/system_stm32h7xx_dualcore_boot_cm4_cm7.o
 .debug_macro   0x0000000000000fe9       0x6a ./Common/Src/system_stm32h7xx_dualcore_boot_cm4_cm7.o
 .debug_macro   0x0000000000001053      0x1df ./Common/Src/system_stm32h7xx_dualcore_boot_cm4_cm7.o
 .debug_macro   0x0000000000001232       0x1c ./Common/Src/system_stm32h7xx_dualcore_boot_cm4_cm7.o
 .debug_macro   0x000000000000124e       0x22 ./Common/Src/system_stm32h7xx_dualcore_boot_cm4_cm7.o
 .debug_macro   0x0000000000001270       0xfb ./Common/Src/system_stm32h7xx_dualcore_boot_cm4_cm7.o
 .debug_macro   0x000000000000136b     0x1305 ./Common/Src/system_stm32h7xx_dualcore_boot_cm4_cm7.o
 .debug_macro   0x0000000000002670      0x11f ./Common/Src/system_stm32h7xx_dualcore_boot_cm4_cm7.o
 .debug_macro   0x000000000000278f       0x27 ./Common/Src/system_stm32h7xx_dualcore_boot_cm4_cm7.o
 .debug_macro   0x00000000000027b6    0x273f2 ./Common/Src/system_stm32h7xx_dualcore_boot_cm4_cm7.o
 .debug_macro   0x0000000000029ba8       0x6d ./Common/Src/system_stm32h7xx_dualcore_boot_cm4_cm7.o
 .debug_macro   0x0000000000029c15      0x238 ./Common/Src/system_stm32h7xx_dualcore_boot_cm4_cm7.o
 .debug_macro   0x0000000000029e4d     0x3d79 ./Common/Src/system_stm32h7xx_dualcore_boot_cm4_cm7.o
 .debug_macro   0x000000000002dbc6      0x174 ./Common/Src/system_stm32h7xx_dualcore_boot_cm4_cm7.o
 .debug_macro   0x000000000002dd3a       0x61 ./Common/Src/system_stm32h7xx_dualcore_boot_cm4_cm7.o
 .debug_macro   0x000000000002dd9b       0x29 ./Common/Src/system_stm32h7xx_dualcore_boot_cm4_cm7.o
 .debug_macro   0x000000000002ddc4       0x43 ./Common/Src/system_stm32h7xx_dualcore_boot_cm4_cm7.o
 .debug_macro   0x000000000002de07       0x34 ./Common/Src/system_stm32h7xx_dualcore_boot_cm4_cm7.o
 .debug_macro   0x000000000002de3b       0x16 ./Common/Src/system_stm32h7xx_dualcore_boot_cm4_cm7.o
 .debug_macro   0x000000000002de51       0x43 ./Common/Src/system_stm32h7xx_dualcore_boot_cm4_cm7.o
 .debug_macro   0x000000000002de94       0x34 ./Common/Src/system_stm32h7xx_dualcore_boot_cm4_cm7.o
 .debug_macro   0x000000000002dec8       0x10 ./Common/Src/system_stm32h7xx_dualcore_boot_cm4_cm7.o
 .debug_macro   0x000000000002ded8       0x58 ./Common/Src/system_stm32h7xx_dualcore_boot_cm4_cm7.o
 .debug_macro   0x000000000002df30       0x8e ./Common/Src/system_stm32h7xx_dualcore_boot_cm4_cm7.o
 .debug_macro   0x000000000002dfbe       0x1c ./Common/Src/system_stm32h7xx_dualcore_boot_cm4_cm7.o
 .debug_macro   0x000000000002dfda      0x177 ./Common/Src/system_stm32h7xx_dualcore_boot_cm4_cm7.o
 .debug_macro   0x000000000002e151      0x369 ./Common/Src/system_stm32h7xx_dualcore_boot_cm4_cm7.o
 .debug_macro   0x000000000002e4ba      0x19b ./Common/Src/system_stm32h7xx_dualcore_boot_cm4_cm7.o
 .debug_macro   0x000000000002e655       0x5d ./Common/Src/system_stm32h7xx_dualcore_boot_cm4_cm7.o
 .debug_macro   0x000000000002e6b2     0x3b99 ./Common/Src/system_stm32h7xx_dualcore_boot_cm4_cm7.o
 .debug_macro   0x000000000003224b     0x1072 ./Common/Src/system_stm32h7xx_dualcore_boot_cm4_cm7.o
 .debug_macro   0x00000000000332bd      0x154 ./Common/Src/system_stm32h7xx_dualcore_boot_cm4_cm7.o
 .debug_macro   0x0000000000033411      0x130 ./Common/Src/system_stm32h7xx_dualcore_boot_cm4_cm7.o
 .debug_macro   0x0000000000033541      0x3c2 ./Common/Src/system_stm32h7xx_dualcore_boot_cm4_cm7.o
 .debug_macro   0x0000000000033903       0xac ./Common/Src/system_stm32h7xx_dualcore_boot_cm4_cm7.o
 .debug_macro   0x00000000000339af      0x72d ./Common/Src/system_stm32h7xx_dualcore_boot_cm4_cm7.o
 .debug_macro   0x00000000000340dc      0x228 ./Common/Src/system_stm32h7xx_dualcore_boot_cm4_cm7.o
 .debug_macro   0x0000000000034304       0x66 ./Common/Src/system_stm32h7xx_dualcore_boot_cm4_cm7.o
 .debug_macro   0x000000000003436a      0x3bb ./Common/Src/system_stm32h7xx_dualcore_boot_cm4_cm7.o
 .debug_macro   0x0000000000034725      0x407 ./Common/Src/system_stm32h7xx_dualcore_boot_cm4_cm7.o
 .debug_macro   0x0000000000034b2c      0x27c ./Common/Src/system_stm32h7xx_dualcore_boot_cm4_cm7.o
 .debug_macro   0x0000000000034da8      0x3ca ./Common/Src/system_stm32h7xx_dualcore_boot_cm4_cm7.o
 .debug_macro   0x0000000000035172      0x4a2 ./Common/Src/system_stm32h7xx_dualcore_boot_cm4_cm7.o
 .debug_macro   0x0000000000035614       0x51 ./Common/Src/system_stm32h7xx_dualcore_boot_cm4_cm7.o
 .debug_macro   0x0000000000035665       0x4a ./Common/Src/system_stm32h7xx_dualcore_boot_cm4_cm7.o
 .debug_macro   0x00000000000356af      0x22c ./Common/Src/system_stm32h7xx_dualcore_boot_cm4_cm7.o
 .debug_macro   0x00000000000358db       0x67 ./Common/Src/system_stm32h7xx_dualcore_boot_cm4_cm7.o
 .debug_macro   0x0000000000035942       0xa5 ./Common/Src/system_stm32h7xx_dualcore_boot_cm4_cm7.o
 .debug_macro   0x00000000000359e7      0x218 ./Common/Src/system_stm32h7xx_dualcore_boot_cm4_cm7.o
 .debug_macro   0x0000000000035bff      0x2ea ./Common/Src/system_stm32h7xx_dualcore_boot_cm4_cm7.o
 .debug_macro   0x0000000000035ee9       0x35 ./Common/Src/system_stm32h7xx_dualcore_boot_cm4_cm7.o
 .debug_macro   0x0000000000035f1e      0xafa ./Common/Src/system_stm32h7xx_dualcore_boot_cm4_cm7.o
 .debug_macro   0x0000000000036a18      0x29f ./Common/Src/system_stm32h7xx_dualcore_boot_cm4_cm7.o
 .debug_macro   0x0000000000036cb7      0x693 ./Common/Src/system_stm32h7xx_dualcore_boot_cm4_cm7.o
 .debug_macro   0x000000000003734a       0xa6 ./Common/Src/system_stm32h7xx_dualcore_boot_cm4_cm7.o
 .debug_macro   0x00000000000373f0      0x798 ./Common/Src/system_stm32h7xx_dualcore_boot_cm4_cm7.o
 .debug_macro   0x0000000000037b88      0x341 ./Core/Src/freertos.o
 .debug_macro   0x0000000000037ec9      0x184 ./Core/Src/freertos.o
 .debug_macro   0x000000000003804d      0x15a ./Core/Src/freertos.o
 .debug_macro   0x00000000000381a7       0xc9 ./Core/Src/freertos.o
 .debug_macro   0x0000000000038270       0x1c ./Core/Src/freertos.o
 .debug_macro   0x000000000003828c       0x26 ./Core/Src/freertos.o
 .debug_macro   0x00000000000382b2      0x4b0 ./Core/Src/freertos.o
 .debug_macro   0x0000000000038762       0xb5 ./Core/Src/freertos.o
 .debug_macro   0x0000000000038817       0xaa ./Core/Src/freertos.o
 .debug_macro   0x00000000000388c1       0x28 ./Core/Src/freertos.o
 .debug_macro   0x00000000000388e9       0x6c ./Core/Src/freertos.o
 .debug_macro   0x0000000000038955       0x74 ./Core/Src/freertos.o
 .debug_macro   0x00000000000389c9       0xdd ./Core/Src/freertos.o
 .debug_macro   0x0000000000038aa6      0x2c1 ./Core/Src/gpio.o
 .debug_macro   0x0000000000038d67      0x365 ./Core/Src/main.o
 .debug_macro   0x00000000000390cc      0x184 ./Core/Src/main.o
 .debug_macro   0x0000000000039250       0x66 ./Core/Src/main.o
 .debug_macro   0x00000000000392b6      0x2b7 ./Core/Src/stm32h7xx_hal_msp.o
 .debug_macro   0x000000000003956d      0x2a8 ./Core/Src/stm32h7xx_hal_timebase_tim.o
 .debug_macro   0x0000000000039815      0x2c1 ./Core/Src/stm32h7xx_it.o
 .debug_macro   0x0000000000039ad6      0x2c1 ./Core/Src/usart.o
 .debug_macro   0x0000000000039d97      0x2d2 ./Drivers/STM32H7xx_HAL_Driver/stm32h7xx_hal.o
 .debug_macro   0x000000000003a069      0x2a8 ./Drivers/STM32H7xx_HAL_Driver/stm32h7xx_hal_cortex.o
 .debug_macro   0x000000000003a311      0x2bc ./Drivers/STM32H7xx_HAL_Driver/stm32h7xx_hal_gpio.o
 .debug_macro   0x000000000003a5cd      0x2ba ./Drivers/STM32H7xx_HAL_Driver/stm32h7xx_hal_hsem.o
 .debug_macro   0x000000000003a887      0x2e1 ./Drivers/STM32H7xx_HAL_Driver/stm32h7xx_hal_pwr_ex.o
 .debug_macro   0x000000000003ab68      0x2cc ./Drivers/STM32H7xx_HAL_Driver/stm32h7xx_hal_rcc.o
 .debug_macro   0x000000000003ae34      0x2c6 ./Drivers/STM32H7xx_HAL_Driver/stm32h7xx_hal_rcc_ex.o
 .debug_macro   0x000000000003b0fa      0x2a9 ./Drivers/STM32H7xx_HAL_Driver/stm32h7xx_hal_tim.o
 .debug_macro   0x000000000003b3a3      0x2a8 ./Drivers/STM32H7xx_HAL_Driver/stm32h7xx_hal_tim_ex.o
 .debug_macro   0x000000000003b64b      0x2d3 ./Drivers/STM32H7xx_HAL_Driver/stm32h7xx_hal_uart.o
 .debug_macro   0x000000000003b91e      0x2b4 ./Drivers/STM32H7xx_HAL_Driver/stm32h7xx_hal_uart_ex.o
 .debug_macro   0x000000000003bbd2      0x407 ./Middlewares/Third_Party/FreeRTOS/cmsis_os2.o
 .debug_macro   0x000000000003bfd9       0x10 ./Middlewares/Third_Party/FreeRTOS/cmsis_os2.o
 .debug_macro   0x000000000003bfe9       0x20 ./Middlewares/Third_Party/FreeRTOS/cmsis_os2.o
 .debug_macro   0x000000000003c009       0x10 ./Middlewares/Third_Party/FreeRTOS/cmsis_os2.o
 .debug_macro   0x000000000003c019       0xf5 ./Middlewares/Third_Party/FreeRTOS/cmsis_os2.o
 .debug_macro   0x000000000003c10e       0x91 ./Middlewares/Third_Party/FreeRTOS/cmsis_os2.o
 .debug_macro   0x000000000003c19f       0x8d ./Middlewares/Third_Party/FreeRTOS/cmsis_os2.o
 .debug_macro   0x000000000003c22c       0x9a ./Middlewares/Third_Party/FreeRTOS/cmsis_os2.o
 .debug_macro   0x000000000003c2c6       0x22 ./Middlewares/Third_Party/FreeRTOS/cmsis_os2.o
 .debug_macro   0x000000000003c2e8      0x1ae ./Middlewares/Third_Party/FreeRTOS/heap_4.o
 .debug_macro   0x000000000003c496      0x187 ./Middlewares/Third_Party/FreeRTOS/list.o
 .debug_macro   0x000000000003c61d      0x196 ./Middlewares/Third_Party/FreeRTOS/port.o
 .debug_macro   0x000000000003c7b3      0x216 ./Middlewares/Third_Party/FreeRTOS/queue.o
 .debug_macro   0x000000000003c9c9       0x16 ./Middlewares/Third_Party/FreeRTOS/queue.o
 .debug_macro   0x000000000003c9df       0x87 ./Middlewares/Third_Party/FreeRTOS/queue.o
 .debug_macro   0x000000000003ca66      0x2b3 ./Middlewares/Third_Party/FreeRTOS/tasks.o
 .debug_macro   0x000000000003cd19       0x10 ./Middlewares/Third_Party/FreeRTOS/tasks.o
 .debug_macro   0x000000000003cd29       0x1c ./Middlewares/Third_Party/FreeRTOS/tasks.o
 .debug_macro   0x000000000003cd45      0x1dc ./Middlewares/Third_Party/FreeRTOS/timers.o
 .debug_macro   0x000000000003cf21       0x97 ./Middlewares/Third_Party/FreeRTOS/timers.o

.debug_line     0x0000000000000000    0x1ff02
 .debug_line    0x0000000000000000      0xb06 ./Common/Src/system_stm32h7xx_dualcore_boot_cm4_cm7.o
 .debug_line    0x0000000000000b06      0xa93 ./Core/Src/freertos.o
 .debug_line    0x0000000000001599      0x8f2 ./Core/Src/gpio.o
 .debug_line    0x0000000000001e8b      0xb9b ./Core/Src/main.o
 .debug_line    0x0000000000002a26      0x8e2 ./Core/Src/stm32h7xx_hal_msp.o
 .debug_line    0x0000000000003308      0x957 ./Core/Src/stm32h7xx_hal_timebase_tim.o
 .debug_line    0x0000000000003c5f      0x981 ./Core/Src/stm32h7xx_it.o
 .debug_line    0x00000000000045e0      0x982 ./Core/Src/usart.o
 .debug_line    0x0000000000004f62       0x7a ./Core/Startup/startup_stm32h755zitx.o
 .debug_line    0x0000000000004fdc     0x1042 ./Drivers/STM32H7xx_HAL_Driver/stm32h7xx_hal.o
 .debug_line    0x000000000000601e      0xf26 ./Drivers/STM32H7xx_HAL_Driver/stm32h7xx_hal_cortex.o
 .debug_line    0x0000000000006f44      0xda9 ./Drivers/STM32H7xx_HAL_Driver/stm32h7xx_hal_gpio.o
 .debug_line    0x0000000000007ced      0xaa8 ./Drivers/STM32H7xx_HAL_Driver/stm32h7xx_hal_hsem.o
 .debug_line    0x0000000000008795     0x1129 ./Drivers/STM32H7xx_HAL_Driver/stm32h7xx_hal_pwr_ex.o
 .debug_line    0x00000000000098be     0x14b6 ./Drivers/STM32H7xx_HAL_Driver/stm32h7xx_hal_rcc.o
 .debug_line    0x000000000000ad74     0x1dc6 ./Drivers/STM32H7xx_HAL_Driver/stm32h7xx_hal_rcc_ex.o
 .debug_line    0x000000000000cb3a     0x405b ./Drivers/STM32H7xx_HAL_Driver/stm32h7xx_hal_tim.o
 .debug_line    0x0000000000010b95     0x1e89 ./Drivers/STM32H7xx_HAL_Driver/stm32h7xx_hal_tim_ex.o
 .debug_line    0x0000000000012a1e     0x3f4b ./Drivers/STM32H7xx_HAL_Driver/stm32h7xx_hal_uart.o
 .debug_line    0x0000000000016969      0xf84 ./Drivers/STM32H7xx_HAL_Driver/stm32h7xx_hal_uart_ex.o
 .debug_line    0x00000000000178ed     0x250d ./Middlewares/Third_Party/FreeRTOS/cmsis_os2.o
 .debug_line    0x0000000000019dfa      0xa0b ./Middlewares/Third_Party/FreeRTOS/heap_4.o
 .debug_line    0x000000000001a805      0x7e4 ./Middlewares/Third_Party/FreeRTOS/list.o
 .debug_line    0x000000000001afe9      0x8c2 ./Middlewares/Third_Party/FreeRTOS/port.o
 .debug_line    0x000000000001b8ab     0x17ae ./Middlewares/Third_Party/FreeRTOS/queue.o
 .debug_line    0x000000000001d059     0x2061 ./Middlewares/Third_Party/FreeRTOS/tasks.o
 .debug_line    0x000000000001f0ba      0xe48 ./Middlewares/Third_Party/FreeRTOS/timers.o

.debug_str      0x0000000000000000   0x19154a
 .debug_str     0x0000000000000000   0x180298 ./Common/Src/system_stm32h7xx_dualcore_boot_cm4_cm7.o