Archive member included to satisfy reference by file (symbol)

C:/ST/STM32CubeIDE_1.7.0/STM32CubeIDE/plugins/com.st.stm32cube.ide.mcu.externaltools.gnu-tools-for-stm32.11.3.rel1.win32_1.1.0.202305231506/tools/bin/../lib/gcc/arm-none-eabi/11.3.1/../../../../arm-none-eabi/lib/thumb/v7e-m+dp/hard\libc_nano.a(libc_a-exit.o)
                              C:/ST/STM32CubeIDE_1.7.0/STM32CubeIDE/plugins/com.st.stm32cube.ide.mcu.externaltools.gnu-tools-for-stm32.11.3.rel1.win32_1.1.0.202305231506/tools/bin/../lib/gcc/arm-none-eabi/11.3.1/../../../../arm-none-eabi/lib/thumb/v7e-m+dp/hard/crt0.o (exit)
C:/ST/STM32CubeIDE_1.7.0/STM32CubeIDE/plugins/com.st.stm32cube.ide.mcu.externaltools.gnu-tools-for-stm32.11.3.rel1.win32_1.1.0.202305231506/tools/bin/../lib/gcc/arm-none-eabi/11.3.1/../../../../arm-none-eabi/lib/thumb/v7e-m+dp/hard\libc_nano.a(libc_a-fflush.o)
                              ./Core/Src/freertos.o (fflush)
C:/ST/STM32CubeIDE_1.7.0/STM32CubeIDE/plugins/com.st.stm32cube.ide.mcu.externaltools.gnu-tools-for-stm32.11.3.rel1.win32_1.1.0.202305231506/tools/bin/../lib/gcc/arm-none-eabi/11.3.1/../../../../arm-none-eabi/lib/thumb/v7e-m+dp/hard\libc_nano.a(libc_a-findfp.o)
                              C:/ST/STM32CubeIDE_1.7.0/STM32CubeIDE/plugins/com.st.stm32cube.ide.mcu.externaltools.gnu-tools-for-stm32.11.3.rel1.win32_1.1.0.202305231506/tools/bin/../lib/gcc/arm-none-eabi/11.3.1/../../../../arm-none-eabi/lib/thumb/v7e-m+dp/hard\libc_nano.a(libc_a-fflush.o) (__sinit)
C:/ST/STM32CubeIDE_1.7.0/STM32CubeIDE/plugins/com.st.stm32cube.ide.mcu.externaltools.gnu-tools-for-stm32.11.3.rel1.win32_1.1.0.202305231506/tools/bin/../lib/gcc/arm-none-eabi/11.3.1/../../../../arm-none-eabi/lib/thumb/v7e-m+dp/hard\libc_nano.a(libc_a-fwalk.o)
                              C:/ST/STM32CubeIDE_1.7.0/STM32CubeIDE/plugins/com.st.stm32cube.ide.mcu.externaltools.gnu-tools-for-stm32.11.3.rel1.win32_1.1.0.202305231506/tools/bin/../lib/gcc/arm-none-eabi/11.3.1/../../../../arm-none-eabi/lib/thumb/v7e-m+dp/hard\libc_nano.a(libc_a-fflush.o) (_fwalk_sglue)
C:/ST/STM32CubeIDE_1.7.0/STM32CubeIDE/plugins/com.st.stm32cube.ide.mcu.externaltools.gnu-tools-for-stm32.11.3.rel1.win32_1.1.0.202305231506/tools/bin/../lib/gcc/arm-none-eabi/11.3.1/../../../../arm-none-eabi/lib/thumb/v7e-m+dp/hard\libc_nano.a(libc_a-puts.o)
                              ./Core/Src/freertos.o (puts)
C:/ST/STM32CubeIDE_1.7.0/STM32CubeIDE/plugins/com.st.stm32cube.ide.mcu.externaltools.gnu-tools-for-stm32.11.3.rel1.win32_1.1.0.202305231506/tools/bin/../lib/gcc/arm-none-eabi/11.3.1/../../../../arm-none-eabi/lib/thumb/v7e-m+dp/hard\libc_nano.a(libc_a-sprintf.o)
                              ./Middlewares/Third_Party/FreeRTOS/tasks.o (sprintf)
C:/ST/STM32CubeIDE_1.7.0/STM32CubeIDE/plugins/com.st.stm32cube.ide.mcu.externaltools.gnu-tools-for-stm32.11.3.rel1.win32_1.1.0.202305231506/tools/bin/../lib/gcc/arm-none-eabi/11.3.1/../../../../arm-none-eabi/lib/thumb/v7e-m+dp/hard\libc_nano.a(libc_a-stdio.o)
                              C:/ST/STM32CubeIDE_1.7.0/STM32CubeIDE/plugins/com.st.stm32cube.ide.mcu.externaltools.gnu-tools-for-stm32.11.3.rel1.win32_1.1.0.202305231506/tools/bin/../lib/gcc/arm-none-eabi/11.3.1/../../../../arm-none-eabi/lib/thumb/v7e-m+dp/hard\libc_nano.a(libc_a-findfp.o) (__sread)
C:/ST/STM32CubeIDE_1.7.0/STM32CubeIDE/plugins/com.st.stm32cube.ide.mcu.externaltools.gnu-tools-for-stm32.11.3.rel1.win32_1.1.0.202305231506/tools/bin/../lib/gcc/arm-none-eabi/11.3.1/../../../../arm-none-eabi/lib/thumb/v7e-m+dp/hard\libc_nano.a(libc_a-wbuf.o)
                              C:/ST/STM32CubeIDE_1.7.0/STM32CubeIDE/plugins/com.st.stm32cube.ide.mcu.externaltools.gnu-tools-for-stm32.11.3.rel1.win32_1.1.0.202305231506/tools/bin/../lib/gcc/arm-none-eabi/11.3.1/../../../../arm-none-eabi/lib/thumb/v7e-m+dp/hard\libc_nano.a(libc_a-puts.o) (__swbuf_r)
C:/ST/STM32CubeIDE_1.7.0/STM32CubeIDE/plugins/com.st.stm32cube.ide.mcu.externaltools.gnu-tools-for-stm32.11.3.rel1.win32_1.1.0.202305231506/tools/bin/../lib/gcc/arm-none-eabi/11.3.1/../../../../arm-none-eabi/lib/thumb/v7e-m+dp/hard\libc_nano.a(libc_a-wsetup.o)
                              C:/ST/STM32CubeIDE_1.7.0/STM32CubeIDE/plugins/com.st.stm32cube.ide.mcu.externaltools.gnu-tools-for-stm32.11.3.rel1.win32_1.1.0.202305231506/tools/bin/../lib/gcc/arm-none-eabi/11.3.1/../../../../arm-none-eabi/lib/thumb/v7e-m+dp/hard\libc_nano.a(libc_a-puts.o) (__swsetup_r)
C:/ST/STM32CubeIDE_1.7.0/STM32CubeIDE/plugins/com.st.stm32cube.ide.mcu.externaltools.gnu-tools-for-stm32.11.3.rel1.win32_1.1.0.202305231506/tools/bin/../lib/gcc/arm-none-eabi/11.3.1/../../../../arm-none-eabi/lib/thumb/v7e-m+dp/hard\libc_nano.a(libc_a-memset.o)
                              C:/ST/STM32CubeIDE_1.7.0/STM32CubeIDE/plugins/com.st.stm32cube.ide.mcu.externaltools.gnu-tools-for-stm32.11.3.rel1.win32_1.1.0.202305231506/tools/bin/../lib/gcc/arm-none-eabi/11.3.1/../../../../arm-none-eabi/lib/thumb/v7e-m+dp/hard/crt0.o (memset)
[...]
Memory Configuration

Name             Origin             Length             Attributes
RAM_D1           0x0000000024000000 0x0000000000080000 xrw
FLASH            0x0000000008000000 0x0000000000100000 xr
DTCMRAM          0x0000000020000000 0x0000000000020000 xrw
RAM_D2           0x0000000030000000 0x0000000000048000 xrw
RAM_D3           0x0000000038000000 0x0000000000010000 xrw
ITCMRAM          0x0000000000000000 0x0000000000010000 xrw
*default*        0x0000000000000000 0xffffffffffffffff

Linker script and memory map

LOAD C:/ST/STM32CubeIDE_1.7.0/STM32CubeIDE/plugins/com.st.stm32cube.ide.mcu.externaltools.gnu-tools-for-stm32.11.3.rel1.win32_1.1.0.202305231506/tools/bin/../lib/gcc/arm-none-eabi/11.3.1/thumb/v7e-m+dp/hard/crti.o
LOAD C:/ST/STM32CubeIDE_1.7.0/STM32CubeIDE/plugins/com.st.stm32cube.ide.mcu.externaltools.gnu-tools-for-stm32.11.3.rel1.win32_1.1.0.202305231506/tools/bin/../lib/gcc/arm-none-eabi/11.3.1/thumb/v7e-m+dp/hard/crtbegin.o
LOAD C:/ST/STM32CubeIDE_1.7.0/STM32CubeIDE/plugins/com.st.stm32cube.ide.mcu.externaltools.gnu-tools-for-stm32.11.3.rel1.win32_1.1.0.202305231506/tools/bin/../lib/gcc/arm-none-eabi/11.3.1/../../../../arm-none-eabi/lib/thumb/v7e-m+dp/hard/crt0.o
LOAD ./Common/Src/system_stm32h7xx_dualcore_boot_cm4_cm7.o
LOAD ./Core/Src/freertos.o
LOAD ./Core/Src/gpio.o
LOAD ./Core/Src/main.o
LOAD ./Core/Src/stm32h7xx_hal_msp.o
LOAD ./Core/Src/stm32h7xx_hal_timebase_tim.o
LOAD ./Core/Src/stm32h7xx_it.o
LOAD ./Core/Src/syscalls.o
LOAD ./Core/Src/sysmem.o
LOAD ./Core/Src/tim.o
LOAD ./Core/Src/usart.o
LOAD ./Core/Startup/startup_stm32h755zitx.o
LOAD ./Drivers/STM32H7xx_HAL_Driver/stm32h7xx_hal.o
LOAD ./Drivers/STM32H7xx_HAL_Driver/stm32h7xx_hal_cortex.o
LOAD ./Drivers/STM32H7xx_HAL_Driver/stm32h7xx_hal_dma.o
LOAD ./Drivers/STM32H7xx_HAL_Driver/stm32h7xx_hal_dma_ex.o
LOAD ./Drivers/STM32H7xx_HAL_Driver/stm32h7xx_hal_exti.o
LOAD ./Drivers/STM32H7xx_HAL_Driver/stm32h7xx_hal_flash.o
LOAD ./Drivers/STM32H7xx_HAL_Driver/stm32h7xx_hal_flash_ex.o
LOAD ./Drivers/STM32H7xx_HAL_Driver/stm32h7xx_hal_gpio.o
LOAD ./Drivers/STM32H7xx_HAL_Driver/stm32h7xx_hal_hsem.o
LOAD ./Drivers/STM32H7xx_HAL_Driver/stm32h7xx_hal_i2c.o
LOAD ./Drivers/STM32H7xx_HAL_Driver/stm32h7xx_hal_i2c_ex.o
LOAD ./Drivers/STM32H7xx_HAL_Driver/stm32h7xx_hal_mdma.o
LOAD ./Drivers/STM32H7xx_HAL_Driver/stm32h7xx_hal_pcd.o
LOAD ./Drivers/STM32H7xx_HAL_Driver/stm32h7xx_hal_pcd_ex.o
LOAD ./Drivers/STM32H7xx_HAL_Driver/stm32h7xx_hal_pwr.o
LOAD ./Drivers/STM32H7xx_HAL_Driver/stm32h7xx_hal_pwr_ex.o
LOAD ./Drivers/STM32H7xx_HAL_Driver/stm32h7xx_hal_rcc.o
LOAD ./Drivers/STM32H7xx_HAL_Driver/stm32h7xx_hal_rcc_ex.o
LOAD ./Drivers/STM32H7xx_HAL_Driver/stm32h7xx_hal_tim.o
LOAD ./Drivers/STM32H7xx_HAL_Driver/stm32h7xx_hal_tim_ex.o
LOAD ./Drivers/STM32H7xx_HAL_Driver/stm32h7xx_hal_uart.o
LOAD ./Drivers/STM32H7xx_HAL_Driver/stm32h7xx_hal_uart_ex.o
LOAD ./Drivers/STM32H7xx_HAL_Driver/stm32h7xx_ll_usb.o
LOAD ./Middlewares/ST/STM32_USB_Device_Library/usbd_cdc.o
LOAD ./Middlewares/ST/STM32_USB_Device_Library/usbd_core.o
LOAD ./Middlewares/ST/STM32_USB_Device_Library/usbd_ctlreq.o
LOAD ./Middlewares/ST/STM32_USB_Device_Library/usbd_ioreq.o
LOAD ./Middlewares/Third_Party/FreeRTOS/cmsis_os2.o
LOAD ./Middlewares/Third_Party/FreeRTOS/croutine.o
LOAD ./Middlewares/Third_Party/FreeRTOS/event_groups.o
LOAD ./Middlewares/Third_Party/FreeRTOS/heap_4.o
LOAD ./Middlewares/Third_Party/FreeRTOS/list.o
LOAD ./Middlewares/Third_Party/FreeRTOS/port.o
LOAD ./Middlewares/Third_Party/FreeRTOS/queue.o
LOAD ./Middlewares/Third_Party/FreeRTOS/stream_buffer.o
LOAD ./Middlewares/Third_Party/FreeRTOS/tasks.o
LOAD ./Middlewares/Third_Party/FreeRTOS/timers.o
LOAD ./USB_DEVICE/App/usb_device.o
LOAD ./USB_DEVICE/App/usbd_cdc_if.o
LOAD ./USB_DEVICE/App/usbd_desc.o
LOAD ./USB_DEVICE/Target/usbd_conf.o
START GROUP
LOAD C:/ST/STM32CubeIDE_1.7.0/STM32CubeIDE/plugins/com.st.stm32cube.ide.mcu.externaltools.gnu-tools-for-stm32.11.3.rel1.win32_1.1.0.202305231506/tools/bin/../lib/gcc/arm-none-eabi/11.3.1/../../../../arm-none-eabi/lib/thumb/v7e-m+dp/hard\libc_nano.a
LOAD C:/ST/STM32CubeIDE_1.7.0/STM32CubeIDE/plugins/com.st.stm32cube.ide.mcu.externaltools.gnu-tools-for-stm32.11.3.rel1.win32_1.1.0.202305231506/tools/bin/../lib/gcc/arm-none-eabi/11.3.1/../../../../arm-none-eabi/lib/thumb/v7e-m+dp/hard\libm.a
END GROUP
START GROUP
LOAD C:/ST/STM32CubeIDE_1.7.0/STM32CubeIDE/plugins/com.st.stm32cube.ide.mcu.externaltools.gnu-tools-for-stm32.11.3.rel1.win32_1.1.0.202305231506/tools/bin/../lib/gcc/arm-none-eabi/11.3.1/thumb/v7e-m+dp/hard\libgcc.a
LOAD C:/ST/STM32CubeIDE_1.7.0/STM32CubeIDE/plugins/com.st.stm32cube.ide.mcu.externaltools.gnu-tools-for-stm32.11.3.rel1.win32_1.1.0.202305231506/tools/bin/../lib/gcc/arm-none-eabi/11.3.1/../../../../arm-none-eabi/lib/thumb/v7e-m+dp/hard\libc_nano.a
END GROUP
START GROUP
LOAD C:/ST/STM32CubeIDE_1.7.0/STM32CubeIDE/plugins/com.st.stm32cube.ide.mcu.externaltools.gnu-tools-for-stm32.11.3.rel1.win32_1.1.0.202305231506/tools/bin/../lib/gcc/arm-none-eabi/11.3.1/thumb/v7e-m+dp/hard\libgcc.a
LOAD C:/ST/STM32CubeIDE_1.7.0/STM32CubeIDE/plugins/com.st.stm32cube.ide.mcu.externaltools.gnu-tools-for-stm32.11.3.rel1.win32_1.1.0.202305231506/tools/bin/../lib/gcc/arm-none-eabi/11.3.1/../../../../arm-none-eabi/lib/thumb/v7e-m+dp/hard\libc_nano.a
LOAD C:/ST/STM32CubeIDE_1.7.0/STM32CubeIDE/plugins/com.st.stm32cube.ide.mcu.externaltools.gnu-tools-for-stm32.11.3.rel1.win32_1.1.0.202305231506/tools/bin/../lib/gcc/arm-none-eabi/11.3.1/../../../../arm-none-eabi/lib/thumb/v7e-m+dp/hard\libnosys.a
END GROUP
START GROUP
LOAD C:/ST/STM32CubeIDE_1.7.0/STM32CubeIDE/plugins/com.st.stm32cube.ide.mcu.externaltools.gnu-tools-for-stm32.11.3.rel1.win32_1.1.0.202305231506/tools/bin/../lib/gcc/arm-none-eabi/11.3.1/thumb/v7e-m+dp/hard\libgcc.a
LOAD C:/ST/STM32CubeIDE_1.7.0/STM32CubeIDE/plugins/com.st.stm32cube.ide.mcu.externaltools.gnu-tools-for-stm32.11.3.rel1.win32_1.1.0.202305231506/tools/bin/../lib/gcc/arm-none-eabi/11.3.1/../../../../arm-none-eabi/lib/thumb/v7e-m+dp/hard\libc_nano.a
LOAD C:/ST/STM32CubeIDE_1.7.0/STM32CubeIDE/plugins/com.st.stm32cube.ide.mcu.externaltools.gnu-tools-for-stm32.11.3.rel1.win32_1.1.0.202305231506/tools/bin/../lib/gcc/arm-none-eabi/11.3.1/../../../../arm-none-eabi/lib/thumb/v7e-m+dp/hard\libnosys.a
END GROUP
LOAD C:/ST/STM32CubeIDE_1.7.0/STM32CubeIDE/plugins/com.st.stm32cube.ide.mcu.externaltools.gnu-tools-for-stm32.11.3.rel1.win32_1.1.0.202305231506/tools/bin/../lib/gcc/arm-none-eabi/11.3.1/thumb/v7e-m+dp/hard/crtend.o
LOAD C:/ST/STM32CubeIDE_1.7.0/STM32CubeIDE/plugins/com.st.stm32cube.ide.mcu.externaltools.gnu-tools-for-stm32.11.3.rel1.win32_1.1.0.202305231506/tools/bin/../lib/gcc/arm-none-eabi/11.3.1/thumb/v7e-m+dp/hard/crtn.o
                0x0000000024080000                _estack = (ORIGIN (RAM_D1) + LENGTH (RAM_D1))
                0x0000000000000200                _Min_Heap_Size = 0x200
                0x0000000000000400                _Min_Stack_Size = 0x400

.isr_vector     0x0000000008000000      0x298
                0x0000000008000000                . = ALIGN (0x4)
 *(.isr_vector)
 .isr_vector    0x0000000008000000      0x298 ./Core/Startup/startup_stm32h755zitx.o
                0x0000000008000000                g_pfnVectors
                0x0000000008000298                . = ALIGN (0x4)

.text           0x00000000080002a0     0xe728
                0x00000000080002a0                . = ALIGN (0x4)
 *(.text)
 .text          0x00000000080002a0       0x40 C:/ST/STM32CubeIDE_1.7.0/STM32CubeIDE/plugins/com.st.stm32cube.ide.mcu.externaltools.gnu-tools-for-stm32.11.3.rel1.win32_1.1.0.202305231506/tools/bin/../lib/gcc/arm-none-eabi/11.3.1/thumb/v7e-m+dp/hard/crtbegin.o
 .text          0x00000000080002e0       0x30 C:/ST/STM32CubeIDE_1.7.0/STM32CubeIDE/plugins/com.st.stm32cube.ide.mcu.externaltools.gnu-tools-for-stm32.11.3.rel1.win32_1.1.0.202305231506/tools/bin/../lib/gcc/arm-none-eabi/11.3.1/thumb/v7e-m+dp/hard\libgcc.a(_aeabi_uldivmod.o)
                0x00000000080002e0                __aeabi_uldivmod
 .text          0x0000000008000310      0x2c8 C:/ST/STM32CubeIDE_1.7.0/STM32CubeIDE/plugins/com.st.stm32cube.ide.mcu.externaltools.gnu-tools-for-stm32.11.3.rel1.win32_1.1.0.202305231506/tools/bin/../lib/gcc/arm-none-eabi/11.3.1/thumb/v7e-m+dp/hard\libgcc.a(_udivmoddi4.o)
                0x0000000008000310                __udivmoddi4
 .text          0x00000000080005d8        0x4 C:/ST/STM32CubeIDE_1.7.0/STM32CubeIDE/plugins/com.st.stm32cube.ide.mcu.externaltools.gnu-tools-for-stm32.11.3.rel1.win32_1.1.0.202305231506/tools/bin/../lib/gcc/arm-none-eabi/11.3.1/thumb/v7e-m+dp/hard\libgcc.a(_dvmd_tls.o)
                0x00000000080005d8                __aeabi_idiv0
                0x00000000080005d8                __aeabi_ldiv0
 *(.text*)
 .text.SystemInit
                0x00000000080005dc      0x12c ./Common/Src/system_stm32h7xx_dualcore_boot_cm4_cm7.o
                0x00000000080005dc                SystemInit
 .text.configureTimerForRunTimeStats
                0x0000000008000708       0x14 ./Core/Src/freertos.o
                0x0000000008000708                configureTimerForRunTimeStats
 .text.getRunTimeCounterValue
                0x000000000800071c       0x18 ./Core/Src/freertos.o
                0x000000000800071c                getRunTimeCounterValue
 .text.MX_FREERTOS_Init
                0x0000000008000734       0x24 ./Core/Src/freertos.o
                0x0000000008000734                MX_FREERTOS_Init
 .text.StartDefaultTask
                0x0000000008000758       0x3c ./Core/Src/freertos.o
                0x0000000008000758                StartDefaultTask
 .text.MX_GPIO_Init
                0x0000000008000794       0xe4 ./Core/Src/gpio.o
                0x0000000008000794                MX_GPIO_Init
 .text.main     0x0000000008000878       0xac ./Core/Src/main.o
                0x0000000008000878                main
 .text.SystemClock_Config
                0x0000000008000924      0x138 ./Core/Src/main.o
                0x0000000008000924                SystemClock_Config
 .text._write   0x0000000008000a5c       0x54 ./Core/Src/main.o
                0x0000000008000a5c                _write
 .text.HAL_TIM_PeriodElapsedCallback
                0x0000000008000ab0       0x24 ./Core/Src/main.o
                0x0000000008000ab0                HAL_TIM_PeriodElapsedCallback
 .text.Error_Handler
                0x0000000008000ad4        0xa ./Core/Src/main.o
                0x0000000008000ad4                Error_Handler
 *fill*         0x0000000008000ade        0x2 
 .text.HAL_MspInit
                0x0000000008000ae0       0x3c ./Core/Src/stm32h7xx_hal_msp.o
                0x0000000008000ae0                HAL_MspInit
 .text.HAL_InitTick
                0x0000000008000b1c       0xd8 ./Core/Src/stm32h7xx_hal_timebase_tim.o
                0x0000000008000b1c                HAL_InitTick
 .text.NMI_Handler
                0x0000000008000bf4        0x6 ./Core/Src/stm32h7xx_it.o
                0x0000000008000bf4                NMI_Handler
 .text.HardFault_Handler
                0x0000000008000bfa        0x6 ./Core/Src/stm32h7xx_it.o
                0x0000000008000bfa                HardFault_Handler
 .text.MemManage_Handler
                0x0000000008000c00        0x6 ./Core/Src/stm32h7xx_it.o
                0x0000000008000c00                MemManage_Handler
 .text.BusFault_Handler
                0x0000000008000c06        0x6 ./Core/Src/stm32h7xx_it.o
                0x0000000008000c06                BusFault_Handler
 .text.UsageFault_Handler
                0x0000000008000c0c        0x6 ./Core/Src/stm32h7xx_it.o
                0x0000000008000c0c                UsageFault_Handler
 .text.DebugMon_Handler
                0x0000000008000c12        0xe ./Core/Src/stm32h7xx_it.o
                0x0000000008000c12                DebugMon_Handler
 .text.TIM6_DAC_IRQHandler
                0x0000000008000c20       0x14 ./Core/Src/stm32h7xx_it.o
                0x0000000008000c20                TIM6_DAC_IRQHandler
 .text.TIM7_IRQHandler
                0x0000000008000c34       0x20 ./Core/Src/stm32h7xx_it.o
                0x0000000008000c34                TIM7_IRQHandler
 .text.OTG_FS_IRQHandler
                0x0000000008000c54       0x14 ./Core/Src/stm32h7xx_it.o
                0x0000000008000c54                OTG_FS_IRQHandler
 .text._read    0x0000000008000c68       0x3a ./Core/Src/syscalls.o
                0x0000000008000c68                _read
 .text._close   0x0000000008000ca2       0x18 ./Core/Src/syscalls.o
                0x0000000008000ca2                _close
 .text._fstat   0x0000000008000cba       0x20 ./Core/Src/syscalls.o
                0x0000000008000cba                _fstat
 .text._isatty  0x0000000008000cda       0x16 ./Core/Src/syscalls.o
                0x0000000008000cda                _isatty
 .text._lseek   0x0000000008000cf0       0x1a ./Core/Src/syscalls.o
                0x0000000008000cf0                _lseek
 *fill*         0x0000000008000d0a        0x2 
 .text._sbrk    0x0000000008000d0c       0x6c ./Core/Src/sysmem.o
                0x0000000008000d0c                _sbrk
 .text.MX_TIM7_Init
                0x0000000008000d78       0x6c ./Core/Src/tim.o
                0x0000000008000d78                MX_TIM7_Init
 .text.HAL_TIM_Base_MspInit
                0x0000000008000de4       0x50 ./Core/Src/tim.o
                0x0000000008000de4                HAL_TIM_Base_MspInit
 .text.MX_USART3_UART_Init
                0x0000000008000e34       0x98 ./Core/Src/usart.o
                0x0000000008000e34                MX_USART3_UART_Init
 .text.HAL_UART_MspInit
                0x0000000008000ecc       0xd4 ./Core/Src/usart.o
                0x0000000008000ecc                HAL_UART_MspInit
 .text.Reset_Handler
                0x0000000008000fa0       0x50 ./Core/Startup/startup_stm32h755zitx.o
                0x0000000008000fa0                Reset_Handler
 .text.Default_Handler
                0x0000000008000ff0        0x2 ./Core/Startup/startup_stm32h755zitx.o
                0x0000000008000ff0                RTC_Alarm_IRQHandler
                0x0000000008000ff0                HASH_RNG_IRQHandler
                0x0000000008000ff0                EXTI2_IRQHandler
                0x0000000008000ff0                TIM8_CC_IRQHandler
                0x0000000008000ff0                HRTIM1_Master_IRQHandler
                0x0000000008000ff0                UART8_IRQHandler
                0x0000000008000ff0                SPI4_IRQHandler
                0x0000000008000ff0                TIM1_CC_IRQHandler
                0x0000000008000ff0                BDMA_Channel6_IRQHandler
                0x0000000008000ff0                DMA2_Stream5_IRQHandler
                0x0000000008000ff0                HRTIM1_FLT_IRQHandler
                0x0000000008000ff0                JPEG_IRQHandler
                0x0000000008000ff0                DMA1_Stream5_IRQHandler
                0x0000000008000ff0                BDMA_Channel1_IRQHandler
                0x0000000008000ff0                HRTIM1_TIMD_IRQHandler
                0x0000000008000ff0                TAMP_STAMP_IRQHandler
                0x0000000008000ff0                EXTI3_IRQHandler
                0x0000000008000ff0                LPTIM4_IRQHandler
                0x0000000008000ff0                TIM8_TRG_COM_TIM14_IRQHandler
                0x0000000008000ff0                LPTIM2_IRQHandler
                0x0000000008000ff0                DFSDM1_FLT1_IRQHandler
                0x0000000008000ff0                DMAMUX2_OVR_IRQHandler
                0x0000000008000ff0                TIM8_UP_TIM13_IRQHandler
                0x0000000008000ff0                I2C3_ER_IRQHandler
                0x0000000008000ff0                DFSDM1_FLT2_IRQHandler
                0x0000000008000ff0                MDMA_IRQHandler
                0x0000000008000ff0                LPTIM3_IRQHandler
                0x0000000008000ff0                HSEM1_IRQHandler
                0x0000000008000ff0                EXTI0_IRQHandler
                0x0000000008000ff0                I2C2_EV_IRQHandler
                0x0000000008000ff0                DMA1_Stream2_IRQHandler
                0x0000000008000ff0                FPU_IRQHandler
                0x0000000008000ff0                OTG_HS_WKUP_IRQHandler
                0x0000000008000ff0                FDCAN1_IT1_IRQHandler
                0x0000000008000ff0                LTDC_ER_IRQHandler
                0x0000000008000ff0                DMA2_Stream2_IRQHandler
                0x0000000008000ff0                HRTIM1_TIME_IRQHandler
                0x0000000008000ff0                SPI1_IRQHandler
                0x0000000008000ff0                DCMI_IRQHandler
                0x0000000008000ff0                HRTIM1_TIMC_IRQHandler
                0x0000000008000ff0                DMA2_Stream3_IRQHandler
                0x0000000008000ff0                SAI2_IRQHandler
                0x0000000008000ff0                DFSDM1_FLT3_IRQHandler
                0x0000000008000ff0                USART6_IRQHandler
                0x0000000008000ff0                TIM17_IRQHandler
                0x0000000008000ff0                USART3_IRQHandler
                0x0000000008000ff0                BDMA_Channel7_IRQHandler
                0x0000000008000ff0                CRYP_IRQHandler
                0x0000000008000ff0                LPTIM5_IRQHandler
                0x0000000008000ff0                UART5_IRQHandler
                0x0000000008000ff0                ADC3_IRQHandler
                0x0000000008000ff0                DMA2_Stream0_IRQHandler
                0x0000000008000ff0                TIM4_IRQHandler
                0x0000000008000ff0                BDMA_Channel2_IRQHandler
                0x0000000008000ff0                QUADSPI_IRQHandler
                0x0000000008000ff0                I2C1_EV_IRQHandler
                0x0000000008000ff0                DMA1_Stream6_IRQHandler
                0x0000000008000ff0                DMAMUX1_OVR_IRQHandler
                0x0000000008000ff0                DMA1_Stream1_IRQHandler
                0x0000000008000ff0                TIM16_IRQHandler
                0x0000000008000ff0                UART4_IRQHandler
                0x0000000008000ff0                BDMA_Channel5_IRQHandler
                0x0000000008000ff0                TIM3_IRQHandler
                0x0000000008000ff0                RCC_IRQHandler
                0x0000000008000ff0                TIM8_BRK_TIM12_IRQHandler
                0x0000000008000ff0                TIM1_TRG_COM_IRQHandler
                0x0000000008000ff0                Default_Handler
                0x0000000008000ff0                ECC_IRQHandler
                0x0000000008000ff0                CEC_IRQHandler
                0x0000000008000ff0                EXTI15_10_IRQHandler
                0x0000000008000ff0                BDMA_Channel0_IRQHandler
                0x0000000008000ff0                ADC_IRQHandler
                0x0000000008000ff0                DMA1_Stream7_IRQHandler
                0x0000000008000ff0                HRTIM1_TIMA_IRQHandler
                0x0000000008000ff0                SPI5_IRQHandler
                0x0000000008000ff0                SDMMC1_IRQHandler
                0x0000000008000ff0                TIM5_IRQHandler
                0x0000000008000ff0                DMA2_Stream7_IRQHandler
                0x0000000008000ff0                TIM15_IRQHandler
                0x0000000008000ff0                PVD_AVD_IRQHandler
                0x0000000008000ff0                I2C3_EV_IRQHandler
                0x0000000008000ff0                EXTI9_5_IRQHandler
                0x0000000008000ff0                RTC_WKUP_IRQHandler
                0x0000000008000ff0                LTDC_IRQHandler
                0x0000000008000ff0                SAI3_IRQHandler
                0x0000000008000ff0                ETH_WKUP_IRQHandler
                0x0000000008000ff0                SPDIF_RX_IRQHandler
                0x0000000008000ff0                SPI2_IRQHandler
                0x0000000008000ff0                OTG_HS_EP1_IN_IRQHandler
                0x0000000008000ff0                DMA1_Stream0_IRQHandler
                0x0000000008000ff0                CRS_IRQHandler
                0x0000000008000ff0                CM7_SEV_IRQHandler
                0x0000000008000ff0                EXTI4_IRQHandler
                0x0000000008000ff0                CM4_SEV_IRQHandler
                0x0000000008000ff0                HRTIM1_TIMB_IRQHandler
                0x0000000008000ff0                FDCAN2_IT1_IRQHandler
                0x0000000008000ff0                ETH_IRQHandler
                0x0000000008000ff0                TIM1_UP_IRQHandler
                0x0000000008000ff0                WWDG_RST_IRQHandler
                0x0000000008000ff0                BDMA_Channel4_IRQHandler
                0x0000000008000ff0                OTG_HS_EP1_OUT_IRQHandler
                0x0000000008000ff0                WWDG_IRQHandler
                0x0000000008000ff0                SPI6_IRQHandler
                0x0000000008000ff0                MDIOS_IRQHandler
                0x0000000008000ff0                I2C4_EV_IRQHandler
                0x0000000008000ff0                FDCAN2_IT0_IRQHandler
                0x0000000008000ff0                LPUART1_IRQHandler
                0x0000000008000ff0                FDCAN1_IT0_IRQHandler
                0x0000000008000ff0                TIM2_IRQHandler
                0x0000000008000ff0                OTG_FS_WKUP_IRQHandler
                0x0000000008000ff0                OTG_HS_IRQHandler
                0x0000000008000ff0                HSEM2_IRQHandler
                0x0000000008000ff0                DMA2D_IRQHandler
                0x0000000008000ff0                TIM1_BRK_IRQHandler
                0x0000000008000ff0                EXTI1_IRQHandler
                0x0000000008000ff0                SDMMC2_IRQHandler
                0x0000000008000ff0                OTG_FS_EP1_OUT_IRQHandler
                0x0000000008000ff0                BDMA_Channel3_IRQHandler
                0x0000000008000ff0                HOLD_CORE_IRQHandler
                0x0000000008000ff0                UART7_IRQHandler
                0x0000000008000ff0                MDIOS_WKUP_IRQHandler
                0x0000000008000ff0                USART2_IRQHandler
                0x0000000008000ff0                DFSDM1_FLT0_IRQHandler
                0x0000000008000ff0                SAI4_IRQHandler
                0x0000000008000ff0                I2C2_ER_IRQHandler
                0x0000000008000ff0                DMA2_Stream1_IRQHandler
                0x0000000008000ff0                FLASH_IRQHandler
                0x0000000008000ff0                DMA2_Stream4_IRQHandler
                0x0000000008000ff0                USART1_IRQHandler
                0x0000000008000ff0                SPI3_IRQHandler
                0x0000000008000ff0                WAKEUP_PIN_IRQHandler
                0x0000000008000ff0                DMA1_Stream4_IRQHandler
                0x0000000008000ff0                OTG_FS_EP1_IN_IRQHandler
                0x0000000008000ff0                I2C1_ER_IRQHandler
                0x0000000008000ff0                FMC_IRQHandler
                0x0000000008000ff0                FDCAN_CAL_IRQHandler
                0x0000000008000ff0                SWPMI1_IRQHandler
                0x0000000008000ff0                COMP1_IRQHandler
                0x0000000008000ff0                LPTIM1_IRQHandler
                0x0000000008000ff0                I2C4_ER_IRQHandler
                0x0000000008000ff0                DMA2_Stream6_IRQHandler
                0x0000000008000ff0                SAI1_IRQHandler
                0x0000000008000ff0                DMA1_Stream3_IRQHandler
 *fill*         0x0000000008000ff2        0x2 
 .text.HAL_Init
                0x0000000008000ff4       0x78 ./Drivers/STM32H7xx_HAL_Driver/stm32h7xx_hal.o
                0x0000000008000ff4                HAL_Init
 .text.HAL_IncTick
                0x000000000800106c       0x28 ./Drivers/STM32H7xx_HAL_Driver/stm32h7xx_hal.o
                0x000000000800106c                HAL_IncTick
 .text.HAL_GetTick
                0x0000000008001094       0x18 ./Drivers/STM32H7xx_HAL_Driver/stm32h7xx_hal.o
                0x0000000008001094                HAL_GetTick
 .text.HAL_Delay
                0x00000000080010ac       0x48 ./Drivers/STM32H7xx_HAL_Driver/stm32h7xx_hal.o
                0x00000000080010ac                HAL_Delay
 .text.HAL_GetREVID
                0x00000000080010f4       0x18 ./Drivers/STM32H7xx_HAL_Driver/stm32h7xx_hal.o
                0x00000000080010f4                HAL_GetREVID
 .text.__NVIC_SetPriorityGrouping
                0x000000000800110c       0x48 ./Drivers/STM32H7xx_HAL_Driver/stm32h7xx_hal_cortex.o
 .text.__NVIC_GetPriorityGrouping
                0x0000000008001154       0x1c ./Drivers/STM32H7xx_HAL_Driver/stm32h7xx_hal_cortex.o
 .text.__NVIC_EnableIRQ
                0x0000000008001170       0x3c ./Drivers/STM32H7xx_HAL_Driver/stm32h7xx_hal_cortex.o
 .text.__NVIC_SetPriority
                0x00000000080011ac       0x54 ./Drivers/STM32H7xx_HAL_Driver/stm32h7xx_hal_cortex.o
 .text.NVIC_EncodePriority
                0x0000000008001200       0x66 ./Drivers/STM32H7xx_HAL_Driver/stm32h7xx_hal_cortex.o
 .text.HAL_NVIC_SetPriorityGrouping
                0x0000000008001266       0x16 ./Drivers/STM32H7xx_HAL_Driver/stm32h7xx_hal_cortex.o
                0x0000000008001266                HAL_NVIC_SetPriorityGrouping
 .text.HAL_NVIC_SetPriority
                0x000000000800127c       0x34 ./Drivers/STM32H7xx_HAL_Driver/stm32h7xx_hal_cortex.o
                0x000000000800127c                HAL_NVIC_SetPriority
 .text.HAL_NVIC_EnableIRQ
                0x00000000080012b0       0x1c ./Drivers/STM32H7xx_HAL_Driver/stm32h7xx_hal_cortex.o
                0x00000000080012b0                HAL_NVIC_EnableIRQ
 .text.HAL_GPIO_Init
                0x00000000080012cc      0x360 ./Drivers/STM32H7xx_HAL_Driver/stm32h7xx_hal_gpio.o
                0x00000000080012cc                HAL_GPIO_Init
 .text.HAL_GPIO_WritePin
                0x000000000800162c       0x32 ./Drivers/STM32H7xx_HAL_Driver/stm32h7xx_hal_gpio.o
                0x000000000800162c                HAL_GPIO_WritePin
 .text.HAL_GPIO_TogglePin
                0x000000000800165e       0x34 ./Drivers/STM32H7xx_HAL_Driver/stm32h7xx_hal_gpio.o
                0x000000000800165e                HAL_GPIO_TogglePin
 *fill*         0x0000000008001692        0x2 
 .text.HAL_HSEM_FastTake
                0x0000000008001694       0x34 ./Drivers/STM32H7xx_HAL_Driver/stm32h7xx_hal_hsem.o
                0x0000000008001694                HAL_HSEM_FastTake
 .text.HAL_HSEM_Release
                0x00000000080016c8       0x28 ./Drivers/STM32H7xx_HAL_Driver/stm32h7xx_hal_hsem.o
                0x00000000080016c8                HAL_HSEM_Release
 .text.HAL_PCD_Init
                0x00000000080016f0      0x218 ./Drivers/STM32H7xx_HAL_Driver/stm32h7xx_hal_pcd.o
                0x00000000080016f0                HAL_PCD_Init
 .text.HAL_PCD_Start
                0x0000000008001908       0x6a ./Drivers/STM32H7xx_HAL_Driver/stm32h7xx_hal_pcd.o
                0x0000000008001908                HAL_PCD_Start
 .text.HAL_PCD_IRQHandler
                0x0000000008001972      0x99c ./Drivers/STM32H7xx_HAL_Driver/stm32h7xx_hal_pcd.o
                0x0000000008001972                HAL_PCD_IRQHandler
 .text.HAL_PCD_SetAddress
                0x000000000800230e       0x48 ./Drivers/STM32H7xx_HAL_Driver/stm32h7xx_hal_pcd.o
                0x000000000800230e                HAL_PCD_SetAddress
 .text.HAL_PCD_EP_Open
                0x0000000008002356       0xd0 ./Drivers/STM32H7xx_HAL_Driver/stm32h7xx_hal_pcd.o
                0x0000000008002356                HAL_PCD_EP_Open
 .text.HAL_PCD_EP_Close
                0x0000000008002426       0x94 ./Drivers/STM32H7xx_HAL_Driver/stm32h7xx_hal_pcd.o
                0x0000000008002426                HAL_PCD_EP_Close
 .text.HAL_PCD_EP_Receive
                0x00000000080024ba       0x76 ./Drivers/STM32H7xx_HAL_Driver/stm32h7xx_hal_pcd.o
                0x00000000080024ba                HAL_PCD_EP_Receive
 .text.HAL_PCD_EP_GetRxCount
                0x0000000008002530       0x30 ./Drivers/STM32H7xx_HAL_Driver/stm32h7xx_hal_pcd.o
                0x0000000008002530                HAL_PCD_EP_GetRxCount
 .text.HAL_PCD_EP_Transmit
                0x0000000008002560       0x74 ./Drivers/STM32H7xx_HAL_Driver/stm32h7xx_hal_pcd.o
                0x0000000008002560                HAL_PCD_EP_Transmit
 .text.HAL_PCD_EP_SetStall
                0x00000000080025d4       0xc6 ./Drivers/STM32H7xx_HAL_Driver/stm32h7xx_hal_pcd.o
                0x00000000080025d4                HAL_PCD_EP_SetStall
 .text.HAL_PCD_EP_ClrStall
                0x000000000800269a       0xac ./Drivers/STM32H7xx_HAL_Driver/stm32h7xx_hal_pcd.o
                0x000000000800269a                HAL_PCD_EP_ClrStall
 .text.HAL_PCD_EP_Abort
                0x0000000008002746       0x62 ./Drivers/STM32H7xx_HAL_Driver/stm32h7xx_hal_pcd.o
                0x0000000008002746                HAL_PCD_EP_Abort
 .text.PCD_WriteEmptyTxFifo
                0x00000000080027a8      0x118 ./Drivers/STM32H7xx_HAL_Driver/stm32h7xx_hal_pcd.o
 .text.PCD_EP_OutXfrComplete_int
                0x00000000080028c0      0x1d0 ./Drivers/STM32H7xx_HAL_Driver/stm32h7xx_hal_pcd.o
 .text.PCD_EP_OutSetupPacket_int
                0x0000000008002a90       0x8c ./Drivers/STM32H7xx_HAL_Driver/stm32h7xx_hal_pcd.o
 .text.HAL_PCDEx_SetTxFiFo
                0x0000000008002b1c       0x8e ./Drivers/STM32H7xx_HAL_Driver/stm32h7xx_hal_pcd_ex.o
                0x0000000008002b1c                HAL_PCDEx_SetTxFiFo
 .text.HAL_PCDEx_SetRxFiFo
                0x0000000008002baa       0x22 ./Drivers/STM32H7xx_HAL_Driver/stm32h7xx_hal_pcd_ex.o
                0x0000000008002baa                HAL_PCDEx_SetRxFiFo
 .text.HAL_PCDEx_ActivateLPM
                0x0000000008002bcc       0x48 ./Drivers/STM32H7xx_HAL_Driver/stm32h7xx_hal_pcd_ex.o
                0x0000000008002bcc                HAL_PCDEx_ActivateLPM
 .text.HAL_PCDEx_LPM_Callback
                0x0000000008002c14       0x18 ./Drivers/STM32H7xx_HAL_Driver/stm32h7xx_hal_pcd_ex.o
                0x0000000008002c14                HAL_PCDEx_LPM_Callback
 .text.HAL_PWREx_ConfigSupply
                0x0000000008002c2c       0xb4 ./Drivers/STM32H7xx_HAL_Driver/stm32h7xx_hal_pwr_ex.o
                0x0000000008002c2c                HAL_PWREx_ConfigSupply
 .text.HAL_PWREx_EnableUSBVoltageDetector
                0x0000000008002ce0       0x20 ./Drivers/STM32H7xx_HAL_Driver/stm32h7xx_hal_pwr_ex.o
                0x0000000008002ce0                HAL_PWREx_EnableUSBVoltageDetector
 .text.HAL_RCC_OscConfig
                0x0000000008002d00      0x8b4 ./Drivers/STM32H7xx_HAL_Driver/stm32h7xx_hal_rcc.o
                0x0000000008002d00                HAL_RCC_OscConfig
 .text.HAL_RCC_ClockConfig
                0x00000000080035b4      0x36c ./Drivers/STM32H7xx_HAL_Driver/stm32h7xx_hal_rcc.o
                0x00000000080035b4                HAL_RCC_ClockConfig
 .text.HAL_RCC_GetSysClockFreq
                0x0000000008003920      0x2f4 ./Drivers/STM32H7xx_HAL_Driver/stm32h7xx_hal_rcc.o
                0x0000000008003920                HAL_RCC_GetSysClockFreq
 .text.HAL_RCC_GetHCLKFreq
                0x0000000008003c14       0x60 ./Drivers/STM32H7xx_HAL_Driver/stm32h7xx_hal_rcc.o
                0x0000000008003c14                HAL_RCC_GetHCLKFreq
 .text.HAL_RCC_GetPCLK1Freq
                0x0000000008003c74       0x2c ./Drivers/STM32H7xx_HAL_Driver/stm32h7xx_hal_rcc.o
                0x0000000008003c74                HAL_RCC_GetPCLK1Freq
 .text.HAL_RCC_GetPCLK2Freq
                0x0000000008003ca0       0x2c ./Drivers/STM32H7xx_HAL_Driver/stm32h7xx_hal_rcc.o
                0x0000000008003ca0                HAL_RCC_GetPCLK2Freq
 .text.HAL_RCC_GetClockConfig
                0x0000000008003ccc       0x84 ./Drivers/STM32H7xx_HAL_Driver/stm32h7xx_hal_rcc.o
                0x0000000008003ccc                HAL_RCC_GetClockConfig
 .text.HAL_RCCEx_PeriphCLKConfig
                0x0000000008003d50     0x1414 ./Drivers/STM32H7xx_HAL_Driver/stm32h7xx_hal_rcc_ex.o
                0x0000000008003d50                HAL_RCCEx_PeriphCLKConfig
 .text.HAL_RCCEx_GetD3PCLK1Freq
                0x0000000008005164       0x2c ./Drivers/STM32H7xx_HAL_Driver/stm32h7xx_hal_rcc_ex.o
                0x0000000008005164                HAL_RCCEx_GetD3PCLK1Freq
 .text.HAL_RCCEx_GetPLL2ClockFreq
                0x0000000008005190      0x2a8 ./Drivers/STM32H7xx_HAL_Driver/stm32h7xx_hal_rcc_ex.o
                0x0000000008005190                HAL_RCCEx_GetPLL2ClockFreq
 .text.HAL_RCCEx_GetPLL3ClockFreq
                0x0000000008005438      0x2a8 ./Drivers/STM32H7xx_HAL_Driver/stm32h7xx_hal_rcc_ex.o
                0x0000000008005438                HAL_RCCEx_GetPLL3ClockFreq
 .text.HAL_RCCEx_CRSConfig
                0x00000000080056e0       0xac ./Drivers/STM32H7xx_HAL_Driver/stm32h7xx_hal_rcc_ex.o
                0x00000000080056e0                HAL_RCCEx_CRSConfig
 .text.RCCEx_PLL2_Config
                0x000000000800578c      0x164 ./Drivers/STM32H7xx_HAL_Driver/stm32h7xx_hal_rcc_ex.o
 .text.RCCEx_PLL3_Config
                0x00000000080058f0      0x164 ./Drivers/STM32H7xx_HAL_Driver/stm32h7xx_hal_rcc_ex.o
 .text.HAL_TIM_Base_Init
                0x0000000008005a54       0xae ./Drivers/STM32H7xx_HAL_Driver/stm32h7xx_hal_tim.o
                0x0000000008005a54                HAL_TIM_Base_Init
 *fill*         0x0000000008005b02        0x2 
 .text.HAL_TIM_Base_Start_IT
                0x0000000008005b04       0xf0 ./Drivers/STM32H7xx_HAL_Driver/stm32h7xx_hal_tim.o
                0x0000000008005b04                HAL_TIM_Base_Start_IT
 .text.HAL_TIM_IRQHandler
                0x0000000008005bf4      0x20e ./Drivers/STM32H7xx_HAL_Driver/stm32h7xx_hal_tim.o
                0x0000000008005bf4                HAL_TIM_IRQHandler
 .text.HAL_TIM_OC_DelayElapsedCallback
                0x0000000008005e02       0x14 ./Drivers/STM32H7xx_HAL_Driver/stm32h7xx_hal_tim.o
                0x0000000008005e02                HAL_TIM_OC_DelayElapsedCallback
 .text.HAL_TIM_IC_CaptureCallback
                0x0000000008005e16       0x14 ./Drivers/STM32H7xx_HAL_Driver/stm32h7xx_hal_tim.o
                0x0000000008005e16                HAL_TIM_IC_CaptureCallback
 .text.HAL_TIM_PWM_PulseFinishedCallback
                0x0000000008005e2a       0x14 ./Drivers/STM32H7xx_HAL_Driver/stm32h7xx_hal_tim.o
                0x0000000008005e2a                HAL_TIM_PWM_PulseFinishedCallback
 .text.HAL_TIM_TriggerCallback
                0x0000000008005e3e       0x14 ./Drivers/STM32H7xx_HAL_Driver/stm32h7xx_hal_tim.o
                0x0000000008005e3e                HAL_TIM_TriggerCallback
 *fill*         0x0000000008005e52        0x2 
 .text.TIM_Base_SetConfig
                0x0000000008005e54      0x14c ./Drivers/STM32H7xx_HAL_Driver/stm32h7xx_hal_tim.o
                0x0000000008005e54                TIM_Base_SetConfig
 .text.HAL_TIMEx_MasterConfigSynchronization
                0x0000000008005fa0      0x11c ./Drivers/STM32H7xx_HAL_Driver/stm32h7xx_hal_tim_ex.o
                0x0000000008005fa0                HAL_TIMEx_MasterConfigSynchronization
 .text.HAL_TIMEx_CommutCallback
                0x00000000080060bc       0x14 ./Drivers/STM32H7xx_HAL_Driver/stm32h7xx_hal_tim_ex.o
                0x00000000080060bc                HAL_TIMEx_CommutCallback
 .text.HAL_TIMEx_BreakCallback
                0x00000000080060d0       0x14 ./Drivers/STM32H7xx_HAL_Driver/stm32h7xx_hal_tim_ex.o
                0x00000000080060d0                HAL_TIMEx_BreakCallback
 .text.HAL_TIMEx_Break2Callback
                0x00000000080060e4       0x14 ./Drivers/STM32H7xx_HAL_Driver/stm32h7xx_hal_tim_ex.o
                0x00000000080060e4                HAL_TIMEx_Break2Callback
 .text.HAL_UART_Init
                0x00000000080060f8       0xa0 ./Drivers/STM32H7xx_HAL_Driver/stm32h7xx_hal_uart.o
                0x00000000080060f8                HAL_UART_Init
 .text.UART_SetConfig
                0x0000000008006198      0xad0 ./Drivers/STM32H7xx_HAL_Driver/stm32h7xx_hal_uart.o
                0x0000000008006198                UART_SetConfig
 .text.UART_AdvFeatureConfig
                0x0000000008006c68      0x144 ./Drivers/STM32H7xx_HAL_Driver/stm32h7xx_hal_uart.o
                0x0000000008006c68                UART_AdvFeatureConfig
 .text.UART_CheckIdleState
                0x0000000008006dac      0x154 ./Drivers/STM32H7xx_HAL_Driver/stm32h7xx_hal_uart.o
                0x0000000008006dac                UART_CheckIdleState
 .text.UART_WaitOnFlagUntilTimeout
                0x0000000008006f00       0xda ./Drivers/STM32H7xx_HAL_Driver/stm32h7xx_hal_uart.o
                0x0000000008006f00                UART_WaitOnFlagUntilTimeout
 *fill*         0x0000000008006fda        0x2 
 .text.UART_EndRxTransfer
                0x0000000008006fdc       0xcc ./Drivers/STM32H7xx_HAL_Driver/stm32h7xx_hal_uart.o
 .text.HAL_UARTEx_DisableFifoMode
                0x00000000080070a8       0x72 ./Drivers/STM32H7xx_HAL_Driver/stm32h7xx_hal_uart_ex.o
                0x00000000080070a8                HAL_UARTEx_DisableFifoMode
 .text.HAL_UARTEx_SetTxFifoThreshold
                0x000000000800711a       0x7c ./Drivers/STM32H7xx_HAL_Driver/stm32h7xx_hal_uart_ex.o
                0x000000000800711a                HAL_UARTEx_SetTxFifoThreshold
 .text.HAL_UARTEx_SetRxFifoThreshold
                0x0000000008007196       0x7c ./Drivers/STM32H7xx_HAL_Driver/stm32h7xx_hal_uart_ex.o
                0x0000000008007196                HAL_UARTEx_SetRxFifoThreshold
 *fill*         0x0000000008007212        0x2 
 .text.UARTEx_SetNbDataToProcess
                0x0000000008007214       0x9c ./Drivers/STM32H7xx_HAL_Driver/stm32h7xx_hal_uart_ex.o
 .text.USB_CoreInit
                0x00000000080072b0       0xe4 ./Drivers/STM32H7xx_HAL_Driver/stm32h7xx_ll_usb.o
                0x00000000080072b0                USB_CoreInit
 .text.USB_SetTurnaroundTime
                0x0000000008007394      0x144 ./Drivers/STM32H7xx_HAL_Driver/stm32h7xx_ll_usb.o
                0x0000000008007394                USB_SetTurnaroundTime
 .text.USB_EnableGlobalInt
                0x00000000080074d8       0x22 ./Drivers/STM32H7xx_HAL_Driver/stm32h7xx_ll_usb.o
                0x00000000080074d8                USB_EnableGlobalInt
 .text.USB_DisableGlobalInt
                0x00000000080074fa       0x22 ./Drivers/STM32H7xx_HAL_Driver/stm32h7xx_ll_usb.o
                0x00000000080074fa                USB_DisableGlobalInt
 .text.USB_SetCurrentMode
                0x000000000800751c       0x98 ./Drivers/STM32H7xx_HAL_Driver/stm32h7xx_ll_usb.o
                0x000000000800751c                USB_SetCurrentMode
 .text.USB_DevInit
                0x00000000080075b4      0x2bc ./Drivers/STM32H7xx_HAL_Driver/stm32h7xx_ll_usb.o
                0x00000000080075b4                USB_DevInit
 .text.USB_FlushTxFifo
                0x0000000008007870       0x64 ./Drivers/STM32H7xx_HAL_Driver/stm32h7xx_ll_usb.o
                0x0000000008007870                USB_FlushTxFifo
 .text.USB_FlushRxFifo
                0x00000000080078d4       0x5c ./Drivers/STM32H7xx_HAL_Driver/stm32h7xx_ll_usb.o
                0x00000000080078d4                USB_FlushRxFifo
 .text.USB_SetDevSpeed
                0x0000000008007930       0x32 ./Drivers/STM32H7xx_HAL_Driver/stm32h7xx_ll_usb.o
                0x0000000008007930                USB_SetDevSpeed
 .text.USB_GetDevSpeed
                0x0000000008007962       0x4a ./Drivers/STM32H7xx_HAL_Driver/stm32h7xx_ll_usb.o
                0x0000000008007962                USB_GetDevSpeed
 .text.USB_ActivateEndpoint
                0x00000000080079ac      0x110 ./Drivers/STM32H7xx_HAL_Driver/stm32h7xx_ll_usb.o
                0x00000000080079ac                USB_ActivateEndpoint
 .text.USB_DeactivateEndpoint
                0x0000000008007abc      0x1b8 ./Drivers/STM32H7xx_HAL_Driver/stm32h7xx_ll_usb.o
                0x0000000008007abc                USB_DeactivateEndpoint
 .text.USB_EPStartXfer
                0x0000000008007c74      0x540 ./Drivers/STM32H7xx_HAL_Driver/stm32h7xx_ll_usb.o
                0x0000000008007c74                USB_EPStartXfer
 .text.USB_EPStopXfer
                0x00000000080081b4      0x154 ./Drivers/STM32H7xx_HAL_Driver/stm32h7xx_ll_usb.o
                0x00000000080081b4                USB_EPStopXfer
 .text.USB_WritePacket
                0x0000000008008308       0x7c ./Drivers/STM32H7xx_HAL_Driver/stm32h7xx_ll_usb.o
                0x0000000008008308                USB_WritePacket
 .text.USB_ReadPacket
                0x0000000008008384       0xb0 ./Drivers/STM32H7xx_HAL_Driver/stm32h7xx_ll_usb.o
                0x0000000008008384                USB_ReadPacket
 .text.USB_EPSetStall
                0x0000000008008434       0xdc ./Drivers/STM32H7xx_HAL_Driver/stm32h7xx_ll_usb.o
                0x0000000008008434                USB_EPSetStall
 .text.USB_EPClearStall
                0x0000000008008510       0xcc ./Drivers/STM32H7xx_HAL_Driver/stm32h7xx_ll_usb.o
                0x0000000008008510                USB_EPClearStall
 .text.USB_SetDevAddress
                0x00000000080085dc       0x4c ./Drivers/STM32H7xx_HAL_Driver/stm32h7xx_ll_usb.o
                0x00000000080085dc                USB_SetDevAddress
 .text.USB_DevConnect
                0x0000000008008628       0x42 ./Drivers/STM32H7xx_HAL_Driver/stm32h7xx_ll_usb.o
                0x0000000008008628                USB_DevConnect
 .text.USB_DevDisconnect
                0x000000000800866a       0x42 ./Drivers/STM32H7xx_HAL_Driver/stm32h7xx_ll_usb.o
                0x000000000800866a                USB_DevDisconnect
 .text.USB_ReadInterrupts
                0x00000000080086ac       0x26 ./Drivers/STM32H7xx_HAL_Driver/stm32h7xx_ll_usb.o
                0x00000000080086ac                USB_ReadInterrupts
 .text.USB_ReadDevAllOutEpInterrupt
                0x00000000080086d2       0x34 ./Drivers/STM32H7xx_HAL_Driver/stm32h7xx_ll_usb.o
                0x00000000080086d2                USB_ReadDevAllOutEpInterrupt
 .text.USB_ReadDevAllInEpInterrupt
                0x0000000008008706       0x34 ./Drivers/STM32H7xx_HAL_Driver/stm32h7xx_ll_usb.o
                0x0000000008008706                USB_ReadDevAllInEpInterrupt
 .text.USB_ReadDevOutEPInterrupt
                0x000000000800873a       0x3c ./Drivers/STM32H7xx_HAL_Driver/stm32h7xx_ll_usb.o
                0x000000000800873a                USB_ReadDevOutEPInterrupt
 .text.USB_ReadDevInEPInterrupt
                0x0000000008008776       0x5c ./Drivers/STM32H7xx_HAL_Driver/stm32h7xx_ll_usb.o
                0x0000000008008776                USB_ReadDevInEPInterrupt
 .text.USB_GetMode
                0x00000000080087d2       0x1c ./Drivers/STM32H7xx_HAL_Driver/stm32h7xx_ll_usb.o
                0x00000000080087d2                USB_GetMode
 *fill*         0x00000000080087ee        0x2 
 .text.USB_ActivateSetup
                0x00000000080087f0       0x48 ./Drivers/STM32H7xx_HAL_Driver/stm32h7xx_ll_usb.o
                0x00000000080087f0                USB_ActivateSetup
 .text.USB_EP0_OutStart
                0x0000000008008838       0xbc ./Drivers/STM32H7xx_HAL_Driver/stm32h7xx_ll_usb.o
                0x0000000008008838                USB_EP0_OutStart
 .text.USB_CoreReset
                0x00000000080088f4       0x62 ./Drivers/STM32H7xx_HAL_Driver/stm32h7xx_ll_usb.o
 *fill*         0x0000000008008956        0x2 
 .text.USBD_CDC_Init
                0x0000000008008958      0x1f0 ./Middlewares/ST/STM32_USB_Device_Library/usbd_cdc.o
 .text.USBD_CDC_DeInit
                0x0000000008008b48      0x104 ./Middlewares/ST/STM32_USB_Device_Library/usbd_cdc.o
 .text.USBD_CDC_Setup
                0x0000000008008c4c      0x1b8 ./Middlewares/ST/STM32_USB_Device_Library/usbd_cdc.o
 .text.USBD_CDC_DataIn
                0x0000000008008e04       0xfe ./Middlewares/ST/STM32_USB_Device_Library/usbd_cdc.o
 .text.USBD_CDC_DataOut
                0x0000000008008f02       0x70 ./Middlewares/ST/STM32_USB_Device_Library/usbd_cdc.o
 .text.USBD_CDC_EP0_RxReady
                0x0000000008008f72       0x76 ./Middlewares/ST/STM32_USB_Device_Library/usbd_cdc.o
 .text.USBD_CDC_GetFSCfgDesc
                0x0000000008008fe8       0x70 ./Middlewares/ST/STM32_USB_Device_Library/usbd_cdc.o
 .text.USBD_CDC_GetHSCfgDesc
                0x0000000008009058       0x70 ./Middlewares/ST/STM32_USB_Device_Library/usbd_cdc.o
 .text.USBD_CDC_GetOtherSpeedCfgDesc
                0x00000000080090c8       0x70 ./Middlewares/ST/STM32_USB_Device_Library/usbd_cdc.o
 .text.USBD_CDC_GetDeviceQualifierDescriptor
                0x0000000008009138       0x20 ./Middlewares/ST/STM32_USB_Device_Library/usbd_cdc.o
                0x0000000008009138                USBD_CDC_GetDeviceQualifierDescriptor
 .text.USBD_CDC_RegisterInterface
                0x0000000008009158       0x34 ./Middlewares/ST/STM32_USB_Device_Library/usbd_cdc.o
                0x0000000008009158                USBD_CDC_RegisterInterface
 .text.USBD_CDC_SetTxBuffer
                0x000000000800918c       0x44 ./Middlewares/ST/STM32_USB_Device_Library/usbd_cdc.o
                0x000000000800918c                USBD_CDC_SetTxBuffer
 .text.USBD_CDC_SetRxBuffer
                0x00000000080091d0       0x3a ./Middlewares/ST/STM32_USB_Device_Library/usbd_cdc.o
                0x00000000080091d0                USBD_CDC_SetRxBuffer
 *fill*         0x000000000800920a        0x2 
 .text.USBD_CDC_TransmitPacket
                0x000000000800920c       0x80 ./Middlewares/ST/STM32_USB_Device_Library/usbd_cdc.o
                0x000000000800920c                USBD_CDC_TransmitPacket
 .text.USBD_CDC_ReceivePacket
                0x000000000800928c       0x6c ./Middlewares/ST/STM32_USB_Device_Library/usbd_cdc.o
                0x000000000800928c                USBD_CDC_ReceivePacket
 .text.USBD_Init
                0x00000000080092f8       0x60 ./Middlewares/ST/STM32_USB_Device_Library/usbd_core.o
                0x00000000080092f8                USBD_Init
 .text.USBD_RegisterClass
                0x0000000008009358       0x6c ./Middlewares/ST/STM32_USB_Device_Library/usbd_core.o
                0x0000000008009358                USBD_RegisterClass
 .text.USBD_Start
                0x00000000080093c4       0x18 ./Middlewares/ST/STM32_USB_Device_Library/usbd_core.o
                0x00000000080093c4                USBD_Start
 .text.USBD_RunTestMode
                0x00000000080093dc       0x16 ./Middlewares/ST/STM32_USB_Device_Library/usbd_core.o
                0x00000000080093dc                USBD_RunTestMode
 .text.USBD_SetClassConfig
                0x00000000080093f2       0x38 ./Middlewares/ST/STM32_USB_Device_Library/usbd_core.o
                0x00000000080093f2                USBD_SetClassConfig
 .text.USBD_ClrClassConfig
                0x000000000800942a       0x34 ./Middlewares/ST/STM32_USB_Device_Library/usbd_core.o
                0x000000000800942a                USBD_ClrClassConfig
 .text.USBD_LL_SetupStage
                0x000000000800945e       0xaa ./Middlewares/ST/STM32_USB_Device_Library/usbd_core.o
                0x000000000800945e                USBD_LL_SetupStage
 .text.USBD_LL_DataOutStage
                0x0000000008009508      0x166 ./Middlewares/ST/STM32_USB_Device_Library/usbd_core.o
                0x0000000008009508                USBD_LL_DataOutStage
 .text.USBD_LL_DataInStage
                0x000000000800966e      0x164 ./Middlewares/ST/STM32_USB_Device_Library/usbd_core.o
                0x000000000800966e                USBD_LL_DataInStage
 .text.USBD_LL_Reset
                0x00000000080097d2       0xa4 ./Middlewares/ST/STM32_USB_Device_Library/usbd_core.o
                0x00000000080097d2                USBD_LL_Reset
 .text.USBD_LL_SetSpeed
                0x0000000008009876       0x20 ./Middlewares/ST/STM32_USB_Device_Library/usbd_core.o
                0x0000000008009876                USBD_LL_SetSpeed
 .text.USBD_LL_Suspend
                0x0000000008009896       0x38 ./Middlewares/ST/STM32_USB_Device_Library/usbd_core.o
                0x0000000008009896                USBD_LL_Suspend
 .text.USBD_LL_Resume
                0x00000000080098ce       0x30 ./Middlewares/ST/STM32_USB_Device_Library/usbd_core.o
                0x00000000080098ce                USBD_LL_Resume
 .text.USBD_LL_SOF
                0x00000000080098fe       0x40 ./Middlewares/ST/STM32_USB_Device_Library/usbd_core.o
                0x00000000080098fe                USBD_LL_SOF
 .text.USBD_LL_IsoINIncomplete
                0x000000000800993e       0x64 ./Middlewares/ST/STM32_USB_Device_Library/usbd_core.o
                0x000000000800993e                USBD_LL_IsoINIncomplete
 .text.USBD_LL_IsoOUTIncomplete
                0x00000000080099a2       0x64 ./Middlewares/ST/STM32_USB_Device_Library/usbd_core.o
                0x00000000080099a2                USBD_LL_IsoOUTIncomplete
 .text.USBD_LL_DevConnected
                0x0000000008009a06       0x16 ./Middlewares/ST/STM32_USB_Device_Library/usbd_core.o
                0x0000000008009a06                USBD_LL_DevConnected
 .text.USBD_LL_DevDisconnected
                0x0000000008009a1c       0x46 ./Middlewares/ST/STM32_USB_Device_Library/usbd_core.o
                0x0000000008009a1c                USBD_LL_DevDisconnected
 .text.USBD_CoreFindIF
                0x0000000008009a62       0x1a ./Middlewares/ST/STM32_USB_Device_Library/usbd_core.o
                0x0000000008009a62                USBD_CoreFindIF
 .text.USBD_CoreFindEP
                0x0000000008009a7c       0x1a ./Middlewares/ST/STM32_USB_Device_Library/usbd_core.o
                0x0000000008009a7c                USBD_CoreFindEP
 .text.USBD_GetEpDesc
                0x0000000008009a96       0x74 ./Middlewares/ST/STM32_USB_Device_Library/usbd_core.o
                0x0000000008009a96                USBD_GetEpDesc
 .text.USBD_GetNextDesc
                0x0000000008009b0a       0x3a ./Middlewares/ST/STM32_USB_Device_Library/usbd_core.o
                0x0000000008009b0a                USBD_GetNextDesc
 .text.SWAPBYTE
                0x0000000008009b44       0x3c ./Middlewares/ST/STM32_USB_Device_Library/usbd_ctlreq.o
 .text.USBD_StdDevReq
                0x0000000008009b80       0xe4 ./Middlewares/ST/STM32_USB_Device_Library/usbd_ctlreq.o
                0x0000000008009b80                USBD_StdDevReq
 .text.USBD_StdItfReq
                0x0000000008009c64       0xd8 ./Middlewares/ST/STM32_USB_Device_Library/usbd_ctlreq.o
                0x0000000008009c64                USBD_StdItfReq
 .text.USBD_StdEPReq
                0x0000000008009d3c      0x33a ./Middlewares/ST/STM32_USB_Device_Library/usbd_ctlreq.o
                0x0000000008009d3c                USBD_StdEPReq
 *fill*         0x000000000800a076        0x2 
 .text.USBD_GetDescriptor
                0x000000000800a078      0x328 ./Middlewares/ST/STM32_USB_Device_Library/usbd_ctlreq.o
 .text.USBD_SetAddress
                0x000000000800a3a0       0x88 ./Middlewares/ST/STM32_USB_Device_Library/usbd_ctlreq.o
 .text.USBD_SetConfig
                0x000000000800a428      0x154 ./Middlewares/ST/STM32_USB_Device_Library/usbd_ctlreq.o
 .text.USBD_GetConfig
                0x000000000800a57c       0x6c ./Middlewares/ST/STM32_USB_Device_Library/usbd_ctlreq.o
 .text.USBD_GetStatus
                0x000000000800a5e8       0x68 ./Middlewares/ST/STM32_USB_Device_Library/usbd_ctlreq.o
 .text.USBD_SetFeature
                0x000000000800a650       0x52 ./Middlewares/ST/STM32_USB_Device_Library/usbd_ctlreq.o
 .text.USBD_ClrFeature
                0x000000000800a6a2       0x44 ./Middlewares/ST/STM32_USB_Device_Library/usbd_ctlreq.o
 .text.USBD_ParseSetupRequest
                0x000000000800a6e6       0x74 ./Middlewares/ST/STM32_USB_Device_Library/usbd_ctlreq.o
                0x000000000800a6e6                USBD_ParseSetupRequest
 .text.USBD_CtlError
                0x000000000800a75a       0x22 ./Middlewares/ST/STM32_USB_Device_Library/usbd_ctlreq.o
                0x000000000800a75a                USBD_CtlError
 .text.USBD_GetString
                0x000000000800a77c       0xa4 ./Middlewares/ST/STM32_USB_Device_Library/usbd_ctlreq.o
                0x000000000800a77c                USBD_GetString
 .text.USBD_GetLen
                0x000000000800a820       0x34 ./Middlewares/ST/STM32_USB_Device_Library/usbd_ctlreq.o
 .text.USBD_CtlSendData
                0x000000000800a854       0x36 ./Middlewares/ST/STM32_USB_Device_Library/usbd_ioreq.o
                0x000000000800a854                USBD_CtlSendData
 .text.USBD_CtlContinueSendData
                0x000000000800a88a       0x22 ./Middlewares/ST/STM32_USB_Device_Library/usbd_ioreq.o
                0x000000000800a88a                USBD_CtlContinueSendData
 .text.USBD_CtlPrepareRx
                0x000000000800a8ac       0x3a ./Middlewares/ST/STM32_USB_Device_Library/usbd_ioreq.o
                0x000000000800a8ac                USBD_CtlPrepareRx
 .text.USBD_CtlContinueRx
                0x000000000800a8e6       0x22 ./Middlewares/ST/STM32_USB_Device_Library/usbd_ioreq.o
                0x000000000800a8e6                USBD_CtlContinueRx
 .text.USBD_CtlSendStatus
                0x000000000800a908       0x26 ./Middlewares/ST/STM32_USB_Device_Library/usbd_ioreq.o
                0x000000000800a908                USBD_CtlSendStatus
 .text.USBD_CtlReceiveStatus
                0x000000000800a92e       0x26 ./Middlewares/ST/STM32_USB_Device_Library/usbd_ioreq.o
                0x000000000800a92e                USBD_CtlReceiveStatus
 .text.__NVIC_SetPriority
                0x000000000800a954       0x54 ./Middlewares/Third_Party/FreeRTOS/cmsis_os2.o
 .text.SysTick_Handler
                0x000000000800a9a8       0x20 ./Middlewares/Third_Party/FreeRTOS/cmsis_os2.o
                0x000000000800a9a8                SysTick_Handler
 .text.SVC_Setup
                0x000000000800a9c8       0x12 ./Middlewares/Third_Party/FreeRTOS/cmsis_os2.o
 *fill*         0x000000000800a9da        0x2 
 .text.osKernelInitialize
                0x000000000800a9dc       0x48 ./Middlewares/Third_Party/FreeRTOS/cmsis_os2.o
                0x000000000800a9dc                osKernelInitialize
 .text.osKernelStart
                0x000000000800aa24       0x4c ./Middlewares/Third_Party/FreeRTOS/cmsis_os2.o
                0x000000000800aa24                osKernelStart
 .text.osThreadNew
                0x000000000800aa70      0x124 ./Middlewares/Third_Party/FreeRTOS/cmsis_os2.o
                0x000000000800aa70                osThreadNew
 .text.osDelay  0x000000000800ab94       0x36 ./Middlewares/Third_Party/FreeRTOS/cmsis_os2.o
                0x000000000800ab94                osDelay
 *fill*         0x000000000800abca        0x2 
 .text.vApplicationGetIdleTaskMemory
                0x000000000800abcc       0x34 ./Middlewares/Third_Party/FreeRTOS/cmsis_os2.o
                0x000000000800abcc                vApplicationGetIdleTaskMemory
 .text.vApplicationGetTimerTaskMemory
                0x000000000800ac00       0x34 ./Middlewares/Third_Party/FreeRTOS/cmsis_os2.o
                0x000000000800ac00                vApplicationGetTimerTaskMemory
 .text.pvPortMalloc
                0x000000000800ac34      0x198 ./Middlewares/Third_Party/FreeRTOS/heap_4.o
                0x000000000800ac34                pvPortMalloc
 .text.vPortFree
                0x000000000800adcc       0xc4 ./Middlewares/Third_Party/FreeRTOS/heap_4.o
                0x000000000800adcc                vPortFree
 .text.prvHeapInit
                0x000000000800ae90       0xc4 ./Middlewares/Third_Party/FreeRTOS/heap_4.o
 .text.prvInsertBlockIntoFreeList
                0x000000000800af54       0xb4 ./Middlewares/Third_Party/FreeRTOS/heap_4.o
 .text.vListInitialise
                0x000000000800b008       0x40 ./Middlewares/Third_Party/FreeRTOS/list.o
                0x000000000800b008                vListInitialise
 .text.vListInitialiseItem
                0x000000000800b048       0x1a ./Middlewares/Third_Party/FreeRTOS/list.o
                0x000000000800b048                vListInitialiseItem
 .text.vListInsertEnd
                0x000000000800b062       0x48 ./Middlewares/Third_Party/FreeRTOS/list.o
                0x000000000800b062                vListInsertEnd
 .text.vListInsert
                0x000000000800b0aa       0x72 ./Middlewares/Third_Party/FreeRTOS/list.o
                0x000000000800b0aa                vListInsert
 .text.uxListRemove
                0x000000000800b11c       0x54 ./Middlewares/Third_Party/FreeRTOS/list.o
                0x000000000800b11c                uxListRemove
 .text.pxPortInitialiseStack
                0x000000000800b170       0x68 ./Middlewares/Third_Party/FreeRTOS/port.o
                0x000000000800b170                pxPortInitialiseStack
 .text.prvTaskExitError
                0x000000000800b1d8       0x58 ./Middlewares/Third_Party/FreeRTOS/port.o
 .text.SVC_Handler
                0x000000000800b230       0x28 ./Middlewares/Third_Party/FreeRTOS/port.o
                0x000000000800b230                SVC_Handler
 .text.prvPortStartFirstTask
                0x000000000800b258       0x28 ./Middlewares/Third_Party/FreeRTOS/port.o
 .text.xPortStartScheduler
                0x000000000800b280      0x144 ./Middlewares/Third_Party/FreeRTOS/port.o
                0x000000000800b280                xPortStartScheduler
 .text.vPortEnterCritical
                0x000000000800b3c4       0x60 ./Middlewares/Third_Party/FreeRTOS/port.o
                0x000000000800b3c4                vPortEnterCritical
 .text.vPortExitCritical
                0x000000000800b424       0x54 ./Middlewares/Third_Party/FreeRTOS/port.o
                0x000000000800b424                vPortExitCritical
 *fill*         0x000000000800b478        0x8 
 .text.PendSV_Handler
                0x000000000800b480       0x68 ./Middlewares/Third_Party/FreeRTOS/port.o
                0x000000000800b480                PendSV_Handler
 .text.xPortSysTickHandler
                0x000000000800b4e8       0x44 ./Middlewares/Third_Party/FreeRTOS/port.o
                0x000000000800b4e8                xPortSysTickHandler
 .text.vPortSetupTimerInterrupt
                0x000000000800b52c       0x48 ./Middlewares/Third_Party/FreeRTOS/port.o
                0x000000000800b52c                vPortSetupTimerInterrupt
 .text.vPortEnableVFP
                0x000000000800b574       0x14 ./Middlewares/Third_Party/FreeRTOS/port.o
 .text.vPortValidateInterruptPriority
                0x000000000800b588       0x80 ./Middlewares/Third_Party/FreeRTOS/port.o
                0x000000000800b588                vPortValidateInterruptPriority
 .text.xQueueGenericReset
                0x000000000800b608       0xd0 ./Middlewares/Third_Party/FreeRTOS/queue.o
                0x000000000800b608                xQueueGenericReset
 .text.xQueueGenericCreateStatic
                0x000000000800b6d8       0xf0 ./Middlewares/Third_Party/FreeRTOS/queue.o
                0x000000000800b6d8                xQueueGenericCreateStatic
 .text.prvInitialiseNewQueue
                0x000000000800b7c8       0x46 ./Middlewares/Third_Party/FreeRTOS/queue.o
 *fill*         0x000000000800b80e        0x2 
 .text.xQueueGenericSend
                0x000000000800b810      0x1fc ./Middlewares/Third_Party/FreeRTOS/queue.o
                0x000000000800b810                xQueueGenericSend
 .text.xQueueGenericSendFromISR
                0x000000000800ba0c      0x136 ./Middlewares/Third_Party/FreeRTOS/queue.o
                0x000000000800ba0c                xQueueGenericSendFromISR
 *fill*         0x000000000800bb42        0x2 
 .text.xQueueReceive
                0x000000000800bb44      0x1c0 ./Middlewares/Third_Party/FreeRTOS/queue.o
                0x000000000800bb44                xQueueReceive
 .text.prvCopyDataToQueue
                0x000000000800bd04       0xd4 ./Middlewares/Third_Party/FreeRTOS/queue.o
 .text.prvCopyDataFromQueue
                0x000000000800bdd8       0x4c ./Middlewares/Third_Party/FreeRTOS/queue.o
 .text.prvUnlockQueue
                0x000000000800be24       0xa4 ./Middlewares/Third_Party/FreeRTOS/queue.o
 .text.prvIsQueueEmpty
                0x000000000800bec8       0x2c ./Middlewares/Third_Party/FreeRTOS/queue.o
 .text.prvIsQueueFull
                0x000000000800bef4       0x30 ./Middlewares/Third_Party/FreeRTOS/queue.o
 .text.vQueueAddToRegistry
                0x000000000800bf24       0x54 ./Middlewares/Third_Party/FreeRTOS/queue.o
                0x000000000800bf24                vQueueAddToRegistry
 .text.vQueueWaitForMessageRestricted
                0x000000000800bf78       0x68 ./Middlewares/Third_Party/FreeRTOS/queue.o
                0x000000000800bf78                vQueueWaitForMessageRestricted
 .text.xTaskCreateStatic
                0x000000000800bfe0       0xba ./Middlewares/Third_Party/FreeRTOS/tasks.o
                0x000000000800bfe0                xTaskCreateStatic
 .text.xTaskCreate
                0x000000000800c09a       0x8a ./Middlewares/Third_Party/FreeRTOS/tasks.o
                0x000000000800c09a                xTaskCreate
 .text.prvInitialiseNewTask
                0x000000000800c124      0x154 ./Middlewares/Third_Party/FreeRTOS/tasks.o
 .text.prvAddNewTaskToReadyList
                0x000000000800c278       0xe0 ./Middlewares/Third_Party/FreeRTOS/tasks.o
 .text.vTaskDelay
                0x000000000800c358       0x68 ./Middlewares/Third_Party/FreeRTOS/tasks.o
                0x000000000800c358                vTaskDelay
 .text.vTaskStartScheduler
                0x000000000800c3c0       0xe4 ./Middlewares/Third_Party/FreeRTOS/tasks.o
                0x000000000800c3c0                vTaskStartScheduler
 .text.vTaskSuspendAll
                0x000000000800c4a4       0x1c ./Middlewares/Third_Party/FreeRTOS/tasks.o
                0x000000000800c4a4                vTaskSuspendAll
 .text.xTaskResumeAll
                0x000000000800c4c0      0x13c ./Middlewares/Third_Party/FreeRTOS/tasks.o
                0x000000000800c4c0                xTaskResumeAll
 .text.xTaskGetTickCount
                0x000000000800c5fc       0x20 ./Middlewares/Third_Party/FreeRTOS/tasks.o
                0x000000000800c5fc                xTaskGetTickCount
 .text.xTaskIncrementTick
                0x000000000800c61c      0x174 ./Middlewares/Third_Party/FreeRTOS/tasks.o
                0x000000000800c61c                xTaskIncrementTick
 .text.vTaskSwitchContext
                0x000000000800c790      0x100 ./Middlewares/Third_Party/FreeRTOS/tasks.o
                0x000000000800c790                vTaskSwitchContext
 .text.vTaskPlaceOnEventList
                0x000000000800c890       0x48 ./Middlewares/Third_Party/FreeRTOS/tasks.o
                0x000000000800c890                vTaskPlaceOnEventList
 .text.vTaskPlaceOnEventListRestricted
                0x000000000800c8d8       0x58 ./Middlewares/Third_Party/FreeRTOS/tasks.o
                0x000000000800c8d8                vTaskPlaceOnEventListRestricted
 .text.xTaskRemoveFromEventList
                0x000000000800c930       0xc8 ./Middlewares/Third_Party/FreeRTOS/tasks.o
                0x000000000800c930                xTaskRemoveFromEventList
 .text.vTaskInternalSetTimeOutState
                0x000000000800c9f8       0x2c ./Middlewares/Third_Party/FreeRTOS/tasks.o
                0x000000000800c9f8                vTaskInternalSetTimeOutState
 .text.xTaskCheckForTimeOut
                0x000000000800ca24       0xc4 ./Middlewares/Third_Party/FreeRTOS/tasks.o
                0x000000000800ca24                xTaskCheckForTimeOut
 .text.vTaskMissedYield
                0x000000000800cae8       0x18 ./Middlewares/Third_Party/FreeRTOS/tasks.o
                0x000000000800cae8                vTaskMissedYield
 .text.prvIdleTask
                0x000000000800cb00       0x30 ./Middlewares/Third_Party/FreeRTOS/tasks.o
 .text.prvInitialiseTaskLists
                0x000000000800cb30       0x80 ./Middlewares/Third_Party/FreeRTOS/tasks.o
 .text.prvCheckTasksWaitingTermination
                0x000000000800cbb0       0x5c ./Middlewares/Third_Party/FreeRTOS/tasks.o
 .text.prvDeleteTCB
                0x000000000800cc0c       0x68 ./Middlewares/Third_Party/FreeRTOS/tasks.o
 .text.prvResetNextTaskUnblockTime
                0x000000000800cc74       0x40 ./Middlewares/Third_Party/FreeRTOS/tasks.o
 .text.xTaskGetSchedulerState
                0x000000000800ccb4       0x3c ./Middlewares/Third_Party/FreeRTOS/tasks.o
                0x000000000800ccb4                xTaskGetSchedulerState
 .text.xTaskPriorityDisinherit
                0x000000000800ccf0       0xdc ./Middlewares/Third_Party/FreeRTOS/tasks.o
                0x000000000800ccf0                xTaskPriorityDisinherit
 .text.prvAddCurrentTaskToDelayedList
                0x000000000800cdcc       0xa8 ./Middlewares/Third_Party/FreeRTOS/tasks.o
 .text.xTimerCreateTimerTask
                0x000000000800ce74       0x90 ./Middlewares/Third_Party/FreeRTOS/timers.o
                0x000000000800ce74                xTimerCreateTimerTask
 .text.xTimerGenericCommand
                0x000000000800cf04       0x9c ./Middlewares/Third_Party/FreeRTOS/timers.o
                0x000000000800cf04                xTimerGenericCommand
 .text.prvProcessExpiredTimer
                0x000000000800cfa0       0x98 ./Middlewares/Third_Party/FreeRTOS/timers.o
 .text.prvTimerTask
                0x000000000800d038       0x24 ./Middlewares/Third_Party/FreeRTOS/timers.o
 .text.prvProcessTimerOrBlockTask
                0x000000000800d05c       0x9c ./Middlewares/Third_Party/FreeRTOS/timers.o
 .text.prvGetNextExpireTime
                0x000000000800d0f8       0x48 ./Middlewares/Third_Party/FreeRTOS/timers.o
 .text.prvSampleTimeNow
                0x000000000800d140       0x40 ./Middlewares/Third_Party/FreeRTOS/timers.o
 .text.prvInsertTimerInActiveList
                0x000000000800d180       0x84 ./Middlewares/Third_Party/FreeRTOS/timers.o
 .text.prvProcessReceivedCommands
                0x000000000800d204      0x1c4 ./Middlewares/Third_Party/FreeRTOS/timers.o
 .text.prvSwitchTimerLists
                0x000000000800d3c8       0xc8 ./Middlewares/Third_Party/FreeRTOS/timers.o
 .text.prvCheckForValidListAndQueue
                0x000000000800d490       0x80 ./Middlewares/Third_Party/FreeRTOS/timers.o
 .text.MX_USB_DEVICE_Init
                0x000000000800d510       0x64 ./USB_DEVICE/App/usb_device.o
                0x000000000800d510                MX_USB_DEVICE_Init
 .text.CDC_Init_FS
                0x000000000800d574       0x28 ./USB_DEVICE/App/usbd_cdc_if.o
 .text.CDC_DeInit_FS
                0x000000000800d59c       0x10 ./USB_DEVICE/App/usbd_cdc_if.o
 .text.CDC_Control_FS
                0x000000000800d5ac       0xbc ./USB_DEVICE/App/usbd_cdc_if.o
 .text.CDC_Receive_FS
                0x000000000800d668       0x28 ./USB_DEVICE/App/usbd_cdc_if.o
 .text.CDC_Transmit_FS
                0x000000000800d690       0x4c ./USB_DEVICE/App/usbd_cdc_if.o
                0x000000000800d690                CDC_Transmit_FS
 .text.CDC_TransmitCplt_FS
                0x000000000800d6dc       0x22 ./USB_DEVICE/App/usbd_cdc_if.o
 *fill*         0x000000000800d6fe        0x2 
 .text.USBD_FS_DeviceDescriptor
                0x000000000800d700       0x24 ./USB_DEVICE/App/usbd_desc.o
                0x000000000800d700                USBD_FS_DeviceDescriptor
 .text.USBD_FS_LangIDStrDescriptor
                0x000000000800d724       0x24 ./USB_DEVICE/App/usbd_desc.o
                0x000000000800d724                USBD_FS_LangIDStrDescriptor
 .text.USBD_FS_ProductStrDescriptor
                0x000000000800d748       0x3c ./USB_DEVICE/App/usbd_desc.o
                0x000000000800d748                USBD_FS_ProductStrDescriptor
 .text.USBD_FS_ManufacturerStrDescriptor
                0x000000000800d784       0x28 ./USB_DEVICE/App/usbd_desc.o
                0x000000000800d784                USBD_FS_ManufacturerStrDescriptor
 .text.USBD_FS_SerialStrDescriptor
                0x000000000800d7ac       0x24 ./USB_DEVICE/App/usbd_desc.o
                0x000000000800d7ac                USBD_FS_SerialStrDescriptor
 .text.USBD_FS_ConfigStrDescriptor
                0x000000000800d7d0       0x3c ./USB_DEVICE/App/usbd_desc.o
                0x000000000800d7d0                USBD_FS_ConfigStrDescriptor
 .text.USBD_FS_InterfaceStrDescriptor
                0x000000000800d80c       0x3c ./USB_DEVICE/App/usbd_desc.o
                0x000000000800d80c                USBD_FS_InterfaceStrDescriptor
 .text.Get_SerialNum
                0x000000000800d848       0x58 ./USB_DEVICE/App/usbd_desc.o
 .text.IntToUnicode
                0x000000000800d8a0       0x7e ./USB_DEVICE/App/usbd_desc.o
 *fill*         0x000000000800d91e        0x2 
 .text.HAL_PCD_MspInit
                0x000000000800d920       0xe8 ./USB_DEVICE/Target/usbd_conf.o
                0x000000000800d920                HAL_PCD_MspInit
 .text.HAL_PCD_SetupStageCallback
                0x000000000800da08       0x24 ./USB_DEVICE/Target/usbd_conf.o
                0x000000000800da08                HAL_PCD_SetupStageCallback
 .text.HAL_PCD_DataOutStageCallback
                0x000000000800da2c       0x36 ./USB_DEVICE/Target/usbd_conf.o
                0x000000000800da2c                HAL_PCD_DataOutStageCallback
 .text.HAL_PCD_DataInStageCallback
                0x000000000800da62       0x34 ./USB_DEVICE/Target/usbd_conf.o
                0x000000000800da62                HAL_PCD_DataInStageCallback
 .text.HAL_PCD_SOFCallback
                0x000000000800da96       0x1c ./USB_DEVICE/Target/usbd_conf.o
                0x000000000800da96                HAL_PCD_SOFCallback
 .text.HAL_PCD_ResetCallback
                0x000000000800dab2       0x50 ./USB_DEVICE/Target/usbd_conf.o
                0x000000000800dab2                HAL_PCD_ResetCallback
 *fill*         0x000000000800db02        0x2 
 .text.HAL_PCD_SuspendCallback
                0x000000000800db04       0x4c ./USB_DEVICE/Target/usbd_conf.o
                0x000000000800db04                HAL_PCD_SuspendCallback
 .text.HAL_PCD_ResumeCallback
                0x000000000800db50       0x1c ./USB_DEVICE/Target/usbd_conf.o
                0x000000000800db50                HAL_PCD_ResumeCallback
 .text.HAL_PCD_ISOOUTIncompleteCallback
                0x000000000800db6c       0x24 ./USB_DEVICE/Target/usbd_conf.o
                0x000000000800db6c                HAL_PCD_ISOOUTIncompleteCallback
 .text.HAL_PCD_ISOINIncompleteCallback
                0x000000000800db90       0x24 ./USB_DEVICE/Target/usbd_conf.o
                0x000000000800db90                HAL_PCD_ISOINIncompleteCallback
 .text.HAL_PCD_ConnectCallback
                0x000000000800dbb4       0x1c ./USB_DEVICE/Target/usbd_conf.o
                0x000000000800dbb4                HAL_PCD_ConnectCallback
 .text.HAL_PCD_DisconnectCallback
                0x000000000800dbd0       0x1c ./USB_DEVICE/Target/usbd_conf.o
                0x000000000800dbd0                HAL_PCD_DisconnectCallback
 .text.USBD_LL_Init
                0x000000000800dbec       0xa0 ./USB_DEVICE/Target/usbd_conf.o
                0x000000000800dbec                USBD_LL_Init
 .text.USBD_LL_Start
                0x000000000800dc8c       0x36 ./USB_DEVICE/Target/usbd_conf.o
                0x000000000800dc8c                USBD_LL_Start
 .text.USBD_LL_OpenEP
                0x000000000800dcc2       0x4c ./USB_DEVICE/Target/usbd_conf.o
                0x000000000800dcc2                USBD_LL_OpenEP
 .text.USBD_LL_CloseEP
                0x000000000800dd0e       0x3e ./USB_DEVICE/Target/usbd_conf.o
                0x000000000800dd0e                USBD_LL_CloseEP
 .text.USBD_LL_StallEP
                0x000000000800dd4c       0x3e ./USB_DEVICE/Target/usbd_conf.o
                0x000000000800dd4c                USBD_LL_StallEP
 .text.USBD_LL_ClearStallEP
                0x000000000800dd8a       0x3e ./USB_DEVICE/Target/usbd_conf.o
                0x000000000800dd8a                USBD_LL_ClearStallEP
 .text.USBD_LL_IsStallEP
                0x000000000800ddc8       0x58 ./USB_DEVICE/Target/usbd_conf.o
                0x000000000800ddc8                USBD_LL_IsStallEP
 .text.USBD_LL_SetUSBAddress
                0x000000000800de20       0x3e ./USB_DEVICE/Target/usbd_conf.o
                0x000000000800de20                USBD_LL_SetUSBAddress
 .text.USBD_LL_Transmit
                0x000000000800de5e       0x42 ./USB_DEVICE/Target/usbd_conf.o
                0x000000000800de5e                USBD_LL_Transmit
 .text.USBD_LL_PrepareReceive
                0x000000000800dea0       0x42 ./USB_DEVICE/Target/usbd_conf.o
                0x000000000800dea0                USBD_LL_PrepareReceive
 .text.USBD_LL_GetRxDataSize
                0x000000000800dee2       0x26 ./USB_DEVICE/Target/usbd_conf.o
                0x000000000800dee2                USBD_LL_GetRxDataSize
 .text.USBD_static_malloc
                0x000000000800df08       0x1c ./USB_DEVICE/Target/usbd_conf.o
                0x000000000800df08                USBD_static_malloc
 .text.USBD_static_free
                0x000000000800df24       0x14 ./USB_DEVICE/Target/usbd_conf.o
                0x000000000800df24                USBD_static_free
 .text.USBD_Get_USB_Status
                0x000000000800df38       0x58 ./USB_DEVICE/Target/usbd_conf.o
                0x000000000800df38                USBD_Get_USB_Status
 .text.__sflush_r
                0x000000000800df90      0x10c C:/ST/STM32CubeIDE_1.7.0/STM32CubeIDE/plugins/com.st.stm32cube.ide.mcu.externaltools.gnu-tools-for-stm32.11.3.rel1.win32_1.1.0.202305231506/tools/bin/../lib/gcc/arm-none-eabi/11.3.1/../../../../arm-none-eabi/lib/thumb/v7e-m+dp/hard\libc_nano.a(libc_a-fflush.o)
                0x000000000800df90                __sflush_r
 .text._fflush_r
                0x000000000800e09c       0x50 C:/ST/STM32CubeIDE_1.7.0/STM32CubeIDE/plugins/com.st.stm32cube.ide.mcu.externaltools.gnu-tools-for-stm32.11.3.rel1.win32_1.1.0.202305231506/tools/bin/../lib/gcc/arm-none-eabi/11.3.1/../../../../arm-none-eabi/lib/thumb/v7e-m+dp/hard\libc_nano.a(libc_a-fflush.o)
                0x000000000800e09c                _fflush_r
 .text.fflush   0x000000000800e0ec       0x28 C:/ST/STM32CubeIDE_1.7.0/STM32CubeIDE/plugins/com.st.stm32cube.ide.mcu.externaltools.gnu-tools-for-stm32.11.3.rel1.win32_1.1.0.202305231506/tools/bin/../lib/gcc/arm-none-eabi/11.3.1/../../../../arm-none-eabi/lib/thumb/v7e-m+dp/hard\libc_nano.a(libc_a-fflush.o)
                0x000000000800e0ec                fflush
 .text.std      0x000000000800e114       0x48 C:/ST/STM32CubeIDE_1.7.0/STM32CubeIDE/plugins/com.st.stm32cube.ide.mcu.externaltools.gnu-tools-for-stm32.11.3.rel1.win32_1.1.0.202305231506/tools/bin/../lib/gcc/arm-none-eabi/11.3.1/../../../../arm-none-eabi/lib/thumb/v7e-m+dp/hard\libc_nano.a(libc_a-findfp.o)
 .text.stdio_exit_handler
                0x000000000800e15c       0x18 C:/ST/STM32CubeIDE_1.7.0/STM32CubeIDE/plugins/com.st.stm32cube.ide.mcu.externaltools.gnu-tools-for-stm32.11.3.rel1.win32_1.1.0.202305231506/tools/bin/../lib/gcc/arm-none-eabi/11.3.1/../../../../arm-none-eabi/lib/thumb/v7e-m+dp/hard\libc_nano.a(libc_a-findfp.o)
 .text.cleanup_stdio
                0x000000000800e174       0x40 C:/ST/STM32CubeIDE_1.7.0/STM32CubeIDE/plugins/com.st.stm32cube.ide.mcu.externaltools.gnu-tools-for-stm32.11.3.rel1.win32_1.1.0.202305231506/tools/bin/../lib/gcc/arm-none-eabi/11.3.1/../../../../arm-none-eabi/lib/thumb/v7e-m+dp/hard\libc_nano.a(libc_a-findfp.o)
 .text.global_stdio_init.part.0
                0x000000000800e1b4       0x3c C:/ST/STM32CubeIDE_1.7.0/STM32CubeIDE/plugins/com.st.stm32cube.ide.mcu.externaltools.gnu-tools-for-stm32.11.3.rel1.win32_1.1.0.202305231506/tools/bin/../lib/gcc/arm-none-eabi/11.3.1/../../../../arm-none-eabi/lib/thumb/v7e-m+dp/hard\libc_nano.a(libc_a-findfp.o)
 .text.__sfp_lock_acquire
                0x000000000800e1f0        0xc C:/ST/STM32CubeIDE_1.7.0/STM32CubeIDE/plugins/com.st.stm32cube.ide.mcu.externaltools.gnu-tools-for-stm32.11.3.rel1.win32_1.1.0.202305231506/tools/bin/../lib/gcc/arm-none-eabi/11.3.1/../../../../arm-none-eabi/lib/thumb/v7e-m+dp/hard\libc_nano.a(libc_a-findfp.o)
                0x000000000800e1f0                __sfp_lock_acquire
 .text.__sfp_lock_release
                0x000000000800e1fc        0xc C:/ST/STM32CubeIDE_1.7.0/STM32CubeIDE/plugins/com.st.stm32cube.ide.mcu.externaltools.gnu-tools-for-stm32.11.3.rel1.win32_1.1.0.202305231506/tools/bin/../lib/gcc/arm-none-eabi/11.3.1/../../../../arm-none-eabi/lib/thumb/v7e-m+dp/hard\libc_nano.a(libc_a-findfp.o)
                0x000000000800e1fc                __sfp_lock_release
 .text.__sinit  0x000000000800e208       0x30 C:/ST/STM32CubeIDE_1.7.0/STM32CubeIDE/plugins/com.st.stm32cube.ide.mcu.externaltools.gnu-tools-for-stm32.11.3.rel1.win32_1.1.0.202305231506/tools/bin/../lib/gcc/arm-none-eabi/11.3.1/../../../../arm-none-eabi/lib/thumb/v7e-m+dp/hard\libc_nano.a(libc_a-findfp.o)
                0x000000000800e208                __sinit
 .text._fwalk_sglue
                0x000000000800e238       0x3c C:/ST/STM32CubeIDE_1.7.0/STM32CubeIDE/plugins/com.st.stm32cube.ide.mcu.externaltools.gnu-tools-for-stm32.11.3.rel1.win32_1.1.0.202305231506/tools/bin/../lib/gcc/arm-none-eabi/11.3.1/../../../../arm-none-eabi/lib/thumb/v7e-m+dp/hard\libc_nano.a(libc_a-fwalk.o)
                0x000000000800e238                _fwalk_sglue
 .text._puts_r  0x000000000800e274       0xa8 C:/ST/STM32CubeIDE_1.7.0/STM32CubeIDE/plugins/com.st.stm32cube.ide.mcu.externaltools.gnu-tools-for-stm32.11.3.rel1.win32_1.1.0.202305231506/tools/bin/../lib/gcc/arm-none-eabi/11.3.1/../../../../arm-none-eabi/lib/thumb/v7e-m+dp/hard\libc_nano.a(libc_a-puts.o)
                0x000000000800e274                _puts_r
 .text.puts     0x000000000800e31c       0x10 C:/ST/STM32CubeIDE_1.7.0/STM32CubeIDE/plugins/com.st.stm32cube.ide.mcu.externaltools.gnu-tools-for-stm32.11.3.rel1.win32_1.1.0.202305231506/tools/bin/../lib/gcc/arm-none-eabi/11.3.1/../../../../arm-none-eabi/lib/thumb/v7e-m+dp/hard\libc_nano.a(libc_a-puts.o)
                0x000000000800e31c                puts
 .text.__sread  0x000000000800e32c       0x22 C:/ST/STM32CubeIDE_1.7.0/STM32CubeIDE/plugins/com.st.stm32cube.ide.mcu.externaltools.gnu-tools-for-stm32.11.3.rel1.win32_1.1.0.202305231506/tools/bin/../lib/gcc/arm-none-eabi/11.3.1/../../../../arm-none-eabi/lib/thumb/v7e-m+dp/hard\libc_nano.a(libc_a-stdio.o)
                0x000000000800e32c                __sread
 .text.__swrite
                0x000000000800e34e       0x38 C:/ST/STM32CubeIDE_1.7.0/STM32CubeIDE/plugins/com.st.stm32cube.ide.mcu.externaltools.gnu-tools-for-stm32.11.3.rel1.win32_1.1.0.202305231506/tools/bin/../lib/gcc/arm-none-eabi/11.3.1/../../../../arm-none-eabi/lib/thumb/v7e-m+dp/hard\libc_nano.a(libc_a-stdio.o)
                0x000000000800e34e                __swrite
 .text.__sseek  0x000000000800e386       0x24 C:/ST/STM32CubeIDE_1.7.0/STM32CubeIDE/plugins/com.st.stm32cube.ide.mcu.externaltools.gnu-tools-for-stm32.11.3.rel1.win32_1.1.0.202305231506/tools/bin/../lib/gcc/arm-none-eabi/11.3.1/../../../../arm-none-eabi/lib/thumb/v7e-m+dp/hard\libc_nano.a(libc_a-stdio.o)
                0x000000000800e386                __sseek
 .text.__sclose
                0x000000000800e3aa        0x8 C:/ST/STM32CubeIDE_1.7.0/STM32CubeIDE/plugins/com.st.stm32cube.ide.mcu.externaltools.gnu-tools-for-stm32.11.3.rel1.win32_1.1.0.202305231506/tools/bin/../lib/gcc/arm-none-eabi/11.3.1/../../../../arm-none-eabi/lib/thumb/v7e-m+dp/hard\libc_nano.a(libc_a-stdio.o)
                0x000000000800e3aa                __sclose
 .text.__swbuf_r
                0x000000000800e3b2       0x7a C:/ST/STM32CubeIDE_1.7.0/STM32CubeIDE/plugins/com.st.stm32cube.ide.mcu.externaltools.gnu-tools-for-stm32.11.3.rel1.win32_1.1.0.202305231506/tools/bin/../lib/gcc/arm-none-eabi/11.3.1/../../../../arm-none-eabi/lib/thumb/v7e-m+dp/hard\libc_nano.a(libc_a-wbuf.o)
                0x000000000800e3b2                __swbuf_r
 .text.__swsetup_r
                0x000000000800e42c       0xb0 C:/ST/STM32CubeIDE_1.7.0/STM32CubeIDE/plugins/com.st.stm32cube.ide.mcu.externaltools.gnu-tools-for-stm32.11.3.rel1.win32_1.1.0.202305231506/tools/bin/../lib/gcc/arm-none-eabi/11.3.1/../../../../arm-none-eabi/lib/thumb/v7e-m+dp/hard\libc_nano.a(libc_a-wsetup.o)
                0x000000000800e42c                __swsetup_r
 .text.memset   0x000000000800e4dc       0x10 C:/ST/STM32CubeIDE_1.7.0/STM32CubeIDE/plugins/com.st.stm32cube.ide.mcu.externaltools.gnu-tools-for-stm32.11.3.rel1.win32_1.1.0.202305231506/tools/bin/../lib/gcc/arm-none-eabi/11.3.1/../../../../arm-none-eabi/lib/thumb/v7e-m+dp/hard\libc_nano.a(libc_a-memset.o)
                0x000000000800e4dc                memset
 .text._close_r
                0x000000000800e4ec       0x20 C:/ST/STM32CubeIDE_1.7.0/STM32CubeIDE/plugins/com.st.stm32cube.ide.mcu.externaltools.gnu-tools-for-stm32.11.3.rel1.win32_1.1.0.202305231506/tools/bin/../lib/gcc/arm-none-eabi/11.3.1/../../../../arm-none-eabi/lib/thumb/v7e-m+dp/hard\libc_nano.a(libc_a-closer.o)
                0x000000000800e4ec                _close_r
 .text._reclaim_reent
                0x000000000800e50c       0xac C:/ST/STM32CubeIDE_1.7.0/STM32CubeIDE/plugins/com.st.stm32cube.ide.mcu.externaltools.gnu-tools-for-stm32.11.3.rel1.win32_1.1.0.202305231506/tools/bin/../lib/gcc/arm-none-eabi/11.3.1/../../../../arm-none-eabi/lib/thumb/v7e-m+dp/hard\libc_nano.a(libc_a-reent.o)
                0x000000000800e50c                _reclaim_reent
 .text._lseek_r
                0x000000000800e5b8       0x24 C:/ST/STM32CubeIDE_1.7.0/STM32CubeIDE/plugins/com.st.stm32cube.ide.mcu.externaltools.gnu-tools-for-stm32.11.3.rel1.win32_1.1.0.202305231506/tools/bin/../lib/gcc/arm-none-eabi/11.3.1/../../../../arm-none-eabi/lib/thumb/v7e-m+dp/hard\libc_nano.a(libc_a-lseekr.o)
                0x000000000800e5b8                _lseek_r
 .text._read_r  0x000000000800e5dc       0x24 C:/ST/STM32CubeIDE_1.7.0/STM32CubeIDE/plugins/com.st.stm32cube.ide.mcu.externaltools.gnu-tools-for-stm32.11.3.rel1.win32_1.1.0.202305231506/tools/bin/../lib/gcc/arm-none-eabi/11.3.1/../../../../arm-none-eabi/lib/thumb/v7e-m+dp/hard\libc_nano.a(libc_a-readr.o)
                0x000000000800e5dc                _read_r
 .text._write_r
                0x000000000800e600       0x24 C:/ST/STM32CubeIDE_1.7.0/STM32CubeIDE/plugins/com.st.stm32cube.ide.mcu.externaltools.gnu-tools-for-stm32.11.3.rel1.win32_1.1.0.202305231506/tools/bin/../lib/gcc/arm-none-eabi/11.3.1/../../../../arm-none-eabi/lib/thumb/v7e-m+dp/hard\libc_nano.a(libc_a-writer.o)
                0x000000000800e600                _write_r
 .text.__errno  0x000000000800e624        0xc C:/ST/STM32CubeIDE_1.7.0/STM32CubeIDE/plugins/com.st.stm32cube.ide.mcu.externaltools.gnu-tools-for-stm32.11.3.rel1.win32_1.1.0.202305231506/tools/bin/../lib/gcc/arm-none-eabi/11.3.1/../../../../arm-none-eabi/lib/thumb/v7e-m+dp/hard\libc_nano.a(libc_a-errno.o)
                0x000000000800e624                __errno
 .text.__libc_init_array
                0x000000000800e630       0x48 C:/ST/STM32CubeIDE_1.7.0/STM32CubeIDE/plugins/com.st.stm32cube.ide.mcu.externaltools.gnu-tools-for-stm32.11.3.rel1.win32_1.1.0.202305231506/tools/bin/../lib/gcc/arm-none-eabi/11.3.1/../../../../arm-none-eabi/lib/thumb/v7e-m+dp/hard\libc_nano.a(libc_a-init.o)
                0x000000000800e630                __libc_init_array
 .text.__retarget_lock_acquire_recursive
                0x000000000800e678        0x2 C:/ST/STM32CubeIDE_1.7.0/STM32CubeIDE/plugins/com.st.stm32cube.ide.mcu.externaltools.gnu-tools-for-stm32.11.3.rel1.win32_1.1.0.202305231506/tools/bin/../lib/gcc/arm-none-eabi/11.3.1/../../../../arm-none-eabi/lib/thumb/v7e-m+dp/hard\libc_nano.a(libc_a-lock.o)
                0x000000000800e678                __retarget_lock_acquire_recursive
 .text.__retarget_lock_release_recursive
                0x000000000800e67a        0x2 C:/ST/STM32CubeIDE_1.7.0/STM32CubeIDE/plugins/com.st.stm32cube.ide.mcu.externaltools.gnu-tools-for-stm32.11.3.rel1.win32_1.1.0.202305231506/tools/bin/../lib/gcc/arm-none-eabi/11.3.1/../../../../arm-none-eabi/lib/thumb/v7e-m+dp/hard\libc_nano.a(libc_a-lock.o)
                0x000000000800e67a                __retarget_lock_release_recursive
 .text.memcpy   0x000000000800e67c       0x1c C:/ST/STM32CubeIDE_1.7.0/STM32CubeIDE/plugins/com.st.stm32cube.ide.mcu.externaltools.gnu-tools-for-stm32.11.3.rel1.win32_1.1.0.202305231506/tools/bin/../lib/gcc/arm-none-eabi/11.3.1/../../../../arm-none-eabi/lib/thumb/v7e-m+dp/hard\libc_nano.a(libc_a-memcpy-stub.o)
                0x000000000800e67c                memcpy
 .text._free_r  0x000000000800e698       0x98 C:/ST/STM32CubeIDE_1.7.0/STM32CubeIDE/plugins/com.st.stm32cube.ide.mcu.externaltools.gnu-tools-for-stm32.11.3.rel1.win32_1.1.0.202305231506/tools/bin/../lib/gcc/arm-none-eabi/11.3.1/../../../../arm-none-eabi/lib/thumb/v7e-m+dp/hard\libc_nano.a(libc_a-freer.o)
                0x000000000800e698                _free_r
 .text.sbrk_aligned
                0x000000000800e730       0x40 C:/ST/STM32CubeIDE_1.7.0/STM32CubeIDE/plugins/com.st.stm32cube.ide.mcu.externaltools.gnu-tools-for-stm32.11.3.rel1.win32_1.1.0.202305231506/tools/bin/../lib/gcc/arm-none-eabi/11.3.1/../../../../arm-none-eabi/lib/thumb/v7e-m+dp/hard\libc_nano.a(libc_a-mallocr.o)
 .text._malloc_r
                0x000000000800e770      0x100 C:/ST/STM32CubeIDE_1.7.0/STM32CubeIDE/plugins/com.st.stm32cube.ide.mcu.externaltools.gnu-tools-for-stm32.11.3.rel1.win32_1.1.0.202305231506/tools/bin/../lib/gcc/arm-none-eabi/11.3.1/../../../../arm-none-eabi/lib/thumb/v7e-m+dp/hard\libc_nano.a(libc_a-mallocr.o)
                0x000000000800e770                _malloc_r
 .text.__malloc_lock
                0x000000000800e870        0xc C:/ST/STM32CubeIDE_1.7.0/STM32CubeIDE/plugins/com.st.stm32cube.ide.mcu.externaltools.gnu-tools-for-stm32.11.3.rel1.win32_1.1.0.202305231506/tools/bin/../lib/gcc/arm-none-eabi/11.3.1/../../../../arm-none-eabi/lib/thumb/v7e-m+dp/hard\libc_nano.a(libc_a-mlock.o)
                0x000000000800e870                __malloc_lock
 .text.__malloc_unlock
                0x000000000800e87c        0xc C:/ST/STM32CubeIDE_1.7.0/STM32CubeIDE/plugins/com.st.stm32cube.ide.mcu.externaltools.gnu-tools-for-stm32.11.3.rel1.win32_1.1.0.202305231506/tools/bin/../lib/gcc/arm-none-eabi/11.3.1/../../../../arm-none-eabi/lib/thumb/v7e-m+dp/hard\libc_nano.a(libc_a-mlock.o)
                0x000000000800e87c                __malloc_unlock
 .text.__swhatbuf_r
                0x000000000800e888       0x4c C:/ST/STM32CubeIDE_1.7.0/STM32CubeIDE/plugins/com.st.stm32cube.ide.mcu.externaltools.gnu-tools-for-stm32.11.3.rel1.win32_1.1.0.202305231506/tools/bin/../lib/gcc/arm-none-eabi/11.3.1/../../../../arm-none-eabi/lib/thumb/v7e-m+dp/hard\libc_nano.a(libc_a-makebuf.o)
                0x000000000800e888                __swhatbuf_r
 .text.__smakebuf_r
                0x000000000800e8d4       0x78 C:/ST/STM32CubeIDE_1.7.0/STM32CubeIDE/plugins/com.st.stm32cube.ide.mcu.externaltools.gnu-tools-for-stm32.11.3.rel1.win32_1.1.0.202305231506/tools/bin/../lib/gcc/arm-none-eabi/11.3.1/../../../../arm-none-eabi/lib/thumb/v7e-m+dp/hard\libc_nano.a(libc_a-makebuf.o)
                0x000000000800e8d4                __smakebuf_r
 .text._fstat_r
                0x000000000800e94c       0x24 C:/ST/STM32CubeIDE_1.7.0/STM32CubeIDE/plugins/com.st.stm32cube.ide.mcu.externaltools.gnu-tools-for-stm32.11.3.rel1.win32_1.1.0.202305231506/tools/bin/../lib/gcc/arm-none-eabi/11.3.1/../../../../arm-none-eabi/lib/thumb/v7e-m+dp/hard\libc_nano.a(libc_a-fstatr.o)
                0x000000000800e94c                _fstat_r
 .text._isatty_r
                0x000000000800e970       0x20 C:/ST/STM32CubeIDE_1.7.0/STM32CubeIDE/plugins/com.st.stm32cube.ide.mcu.externaltools.gnu-tools-for-stm32.11.3.rel1.win32_1.1.0.202305231506/tools/bin/../lib/gcc/arm-none-eabi/11.3.1/../../../../arm-none-eabi/lib/thumb/v7e-m+dp/hard\libc_nano.a(libc_a-isattyr.o)
                0x000000000800e970                _isatty_r
 .text._sbrk_r  0x000000000800e990       0x20 C:/ST/STM32CubeIDE_1.7.0/STM32CubeIDE/plugins/com.st.stm32cube.ide.mcu.externaltools.gnu-tools-for-stm32.11.3.rel1.win32_1.1.0.202305231506/tools/bin/../lib/gcc/arm-none-eabi/11.3.1/../../../../arm-none-eabi/lib/thumb/v7e-m+dp/hard\libc_nano.a(libc_a-sbrkr.o)
                0x000000000800e990                _sbrk_r
 *(.glue_7)
 .glue_7        0x000000000800e9b0        0x0 linker stubs
 *(.glue_7t)
 .glue_7t       0x000000000800e9b0        0x0 linker stubs
 *(.eh_frame)
 .eh_frame      0x000000000800e9b0        0x0 C:/ST/STM32CubeIDE_1.7.0/STM32CubeIDE/plugins/com.st.stm32cube.ide.mcu.externaltools.gnu-tools-for-stm32.11.3.rel1.win32_1.1.0.202305231506/tools/bin/../lib/gcc/arm-none-eabi/11.3.1/thumb/v7e-m+dp/hard/crtbegin.o
 *(.init)
 .init          0x000000000800e9b0        0x4 C:/ST/STM32CubeIDE_1.7.0/STM32CubeIDE/plugins/com.st.stm32cube.ide.mcu.externaltools.gnu-tools-for-stm32.11.3.rel1.win32_1.1.0.202305231506/tools/bin/../lib/gcc/arm-none-eabi/11.3.1/thumb/v7e-m+dp/hard/crti.o
                0x000000000800e9b0                _init
 .init          0x000000000800e9b4        0x8 C:/ST/STM32CubeIDE_1.7.0/STM32CubeIDE/plugins/com.st.stm32cube.ide.mcu.externaltools.gnu-tools-for-stm32.11.3.rel1.win32_1.1.0.202305231506/tools/bin/../lib/gcc/arm-none-eabi/11.3.1/thumb/v7e-m+dp/hard/crtn.o
 *(.fini)
 .fini          0x000000000800e9bc        0x4 C:/ST/STM32CubeIDE_1.7.0/STM32CubeIDE/plugins/com.st.stm32cube.ide.mcu.externaltools.gnu-tools-for-stm32.11.3.rel1.win32_1.1.0.202305231506/tools/bin/../lib/gcc/arm-none-eabi/11.3.1/thumb/v7e-m+dp/hard/crti.o
                0x000000000800e9bc                _fini
 .fini          0x000000000800e9c0        0x8 C:/ST/STM32CubeIDE_1.7.0/STM32CubeIDE/plugins/com.st.stm32cube.ide.mcu.externaltools.gnu-tools-for-stm32.11.3.rel1.win32_1.1.0.202305231506/tools/bin/../lib/gcc/arm-none-eabi/11.3.1/thumb/v7e-m+dp/hard/crtn.o
                0x000000000800e9c8                . = ALIGN (0x4)
                0x000000000800e9c8                _etext = .

.vfp11_veneer   0x000000000800e9c8        0x0
 .vfp11_veneer  0x000000000800e9c8        0x0 linker stubs

.v4_bx          0x000000000800e9c8        0x0
 .v4_bx         0x000000000800e9c8        0x0 linker stubs

.iplt           0x000000000800e9c8        0x0
 .iplt          0x000000000800e9c8        0x0 C:/ST/STM32CubeIDE_1.7.0/STM32CubeIDE/plugins/com.st.stm32cube.ide.mcu.externaltools.gnu-tools-for-stm32.11.3.rel1.win32_1.1.0.202305231506/tools/bin/../lib/gcc/arm-none-eabi/11.3.1/thumb/v7e-m+dp/hard/crtbegin.o

.rodata         0x000000000800e9c8      0x108
                0x000000000800e9c8                . = ALIGN (0x4)
 *(.rodata)
 .rodata        0x000000000800e9c8       0x22 ./Core/Src/freertos.o
 *fill*         0x000000000800e9ea        0x2 
 .rodata        0x000000000800e9ec       0x30 ./Middlewares/Third_Party/FreeRTOS/tasks.o
 .rodata        0x000000000800ea1c        0xd ./Middlewares/Third_Party/FreeRTOS/timers.o
 *fill*         0x000000000800ea29        0x3 
 .rodata        0x000000000800ea2c       0x46 ./USB_DEVICE/App/usbd_desc.o
 *(.rodata*)
 *fill*         0x000000000800ea72        0x2 
 .rodata.D1CorePrescTable
                0x000000000800ea74       0x10 ./Common/Src/system_stm32h7xx_dualcore_boot_cm4_cm7.o
                0x000000000800ea74                D1CorePrescTable
 .rodata.defaultTask_attributes
                0x000000000800ea84       0x24 ./Core/Src/freertos.o
                0x000000000800ea84                defaultTask_attributes
 .rodata.UARTPrescTable
                0x000000000800eaa8       0x18 ./Drivers/STM32H7xx_HAL_Driver/stm32h7xx_hal_uart.o
                0x000000000800eaa8                UARTPrescTable
 .rodata.numerator.1
                0x000000000800eac0        0x8 ./Drivers/STM32H7xx_HAL_Driver/stm32h7xx_hal_uart_ex.o
 .rodata.denominator.0
                0x000000000800eac8        0x8 ./Drivers/STM32H7xx_HAL_Driver/stm32h7xx_hal_uart_ex.o
                0x000000000800ead0                . = ALIGN (0x4)

.ARM.extab      0x000000000800ead0        0x0
                0x000000000800ead0                . = ALIGN (0x4)
 *(.ARM.extab* .gnu.linkonce.armextab.*)
                0x000000000800ead0                . = ALIGN (0x4)

.ARM            0x000000000800ead0        0x8
                0x000000000800ead0                . = ALIGN (0x4)
                0x000000000800ead0                __exidx_start = .
 *(.ARM.exidx*)
 .ARM.exidx     0x000000000800ead0        0x8 C:/ST/STM32CubeIDE_1.7.0/STM32CubeIDE/plugins/com.st.stm32cube.ide.mcu.externaltools.gnu-tools-for-stm32.11.3.rel1.win32_1.1.0.202305231506/tools/bin/../lib/gcc/arm-none-eabi/11.3.1/thumb/v7e-m+dp/hard\libgcc.a(_udivmoddi4.o)
                0x000000000800ead8                __exidx_end = .
                0x000000000800ead8                . = ALIGN (0x4)

.rel.dyn        0x000000000800ead8        0x0
 .rel.iplt      0x000000000800ead8        0x0 C:/ST/STM32CubeIDE_1.7.0/STM32CubeIDE/plugins/com.st.stm32cube.ide.mcu.externaltools.gnu-tools-for-stm32.11.3.rel1.win32_1.1.0.202305231506/tools/bin/../lib/gcc/arm-none-eabi/11.3.1/thumb/v7e-m+dp/hard/crtbegin.o

.preinit_array  0x000000000800ead8        0x0
                0x000000000800ead8                . = ALIGN (0x4)
                0x000000000800ead8                PROVIDE (__preinit_array_start = .)
 *(.preinit_array*)
                0x000000000800ead8                PROVIDE (__preinit_array_end = .)
                0x000000000800ead8                . = ALIGN (0x4)

.init_array     0x000000000800ead8        0x4
                0x000000000800ead8                . = ALIGN (0x4)
                0x000000000800ead8                PROVIDE (__init_array_start = .)
 *(SORT_BY_NAME(.init_array.*))
 *(.init_array*)
 .init_array    0x000000000800ead8        0x4 C:/ST/STM32CubeIDE_1.7.0/STM32CubeIDE/plugins/com.st.stm32cube.ide.mcu.externaltools.gnu-tools-for-stm32.11.3.rel1.win32_1.1.0.202305231506/tools/bin/../lib/gcc/arm-none-eabi/11.3.1/thumb/v7e-m+dp/hard/crtbegin.o
                0x000000000800eadc                PROVIDE (__init_array_end = .)
                0x000000000800eadc                . = ALIGN (0x4)

.fini_array     0x000000000800eadc        0x4